******************************************************************************
                  TI ARM Linker Unix v16.9.2                   
******************************************************************************
>> Linked Tue Jul 31 15:15:26 2018

OUTPUT FILE NAME:   <out/ipu/release/ipu.xem4>
ENTRY POINT SYMBOL: "ti_sysbios_family_arm_ducati_smp_Power_reset"  address: 00000011


MEMORY CONFIGURATION

         name            origin    length      used     unused   attr    fill
----------------------  --------  ---------  --------  --------  ----  --------
  L2_ROM                00000000   00004000  00000630  000039d0  RWIX
  EXT_CODE              00004000   005fc000  0038fa22  0026c5de  RW X
  L2_RAM                20000000   00010000  00000000  00010000  RWIX
  OCMC_RAM1             40300000   00080000  00000000  00080000  RWIX
  OCMC_RAM2             40400000   00100000  00000000  00100000  RWIX
  OCMC_RAM3             40500000   00100000  00000000  00100000  RWIX
  EXT_DATA              80000000   00200000  00058d60  001a72a0  RW  
  EXT_HEAP              80200000   02900000  02800000  00100000  RW  
  TRACE_BUF             9f000000   00060000  00008000  00058000  RW  
  EXC_DATA              9f060000   00010000  00000200  0000fe00  RW  
  PM_DATA               9f070000   00020000  0001027c  0000fd84  RW X


SEGMENT ALLOCATION MAP

run origin  load origin   length   init length attrs members
----------  ----------- ---------- ----------- ----- -------
00000000    00000000    000000e0   000000e0    r-x
  00000000    00000000    000000e0   000000e0    r-x .ducatiPowerBoot
00000400    00000400    00000140   00000140    r--
  00000400    00000400    00000140   00000140    r-- .resetVecs
00003000    00003000    00000410   00000410    rw-
  00003000    00003000    00000410   00000410    rw- .resource_table
00004000    00004000    0038fa28   0038fa28    r-x
  00004000    00004000    003370cc   003370cc    r-- .const
  0033b0cc    0033b0cc    00000004   00000004    r-- .const:ti_sysbios_hal_ammu_AMMU_numLargePages__C
  0033b0d0    0033b0d0    0004d22c   0004d22c    r-x .text.1
  003882fc    003882fc    00000004   00000004    r-- .const:ti_sysbios_hal_ammu_AMMU_numLinePages__C
  00388300    00388300    0000009c   0000009c    r-x .text.2
  0038839c    0038839c    00000004   00000004    r-- .const:ti_sysbios_hal_ammu_AMMU_numMediumPages__C
  003883a0    003883a0    00000034   00000034    r-x .text.3
  003883d4    003883d4    00000004   00000004    r-- .const:ti_sysbios_hal_ammu_AMMU_numSmallPages__C
  003883d8    003883d8    00002b5a   00002b5a    r-x .text.4
  0038af34    0038af34    000004b8   000004b8    r-- .const:ti_sysbios_hal_ammu_AMMU_mmuInitConfig__C
  0038b3f0    0038b3f0    00008638   00008638    r-- .cinit
80000000    80000000    00058d60   00000000    rw-
  80000000    80000000    0004f784   00000000    rw- .bss
  8004f784    8004f784    000085dc   00000000    rw- .data
  80057d60    80057d60    00001000   00000000    rw- .stack
80200000    80200000    02800000   00000000    rw-
  80200000    80200000    02800000   00000000    rw- .systemHeap
9f000000    9f000000    00008000   00000000    rw-
  9f000000    9f000000    00008000   00000000    rw- .tracebuf
9f060000    9f060000    00000200   00000000    rw-
  9f060000    9f060000    00000200   00000000    rw- .errorbuf
9f070000    9f070000    0001027c   00000000    rw-
  9f070000    9f070000    0001027c   00000000    rw- .ti_sysbios_family_arm_ducati_smp_Power


SECTION ALLOCATION MAP

 output                                  attributes/
section   page    origin      length       input sections
--------  ----  ----------  ----------   ----------------
.bss       0    80000000    0004f784     UNINITIALIZED
                  80000000    00040000     (.common:ti_sysbios_heaps_HeapBuf_Instance_State_0_buf__A)
                  80040000    0000c000     ipu_pem4.oem4 (.bss:taskStackSection)
                  8004c000    00001000     (.common:ti_sysbios_family_arm_ducati_Core_Module_State_0_core1HwiStack__A)
                  8004d000    00001000     (.common:ti_sysbios_family_arm_m3_Hwi_vnvic)
                  8004e000    00000800     (.common:Tuples)
                  8004e800    000007c0     (.common:serviceDefs)
                  8004efc0    00000210     ti.srvmgr_smp.aem4 : ServiceMgr.oem4 (.bss:serviceTasks)
                  8004f1d0    00000140     (.common:ti_sysbios_family_arm_m3_Hwi_dispatchTable)
                  8004f310    00000120     rtsv7M4_T_le_eabi.lib : trgmsg.obj (.bss:_CIOBUF_)
                  8004f430    000000a0     (.common:__TI_tmpnams)
                  8004f4d0    00000050     dskt2.aem4 : dskt2_lock.oem4 (.bss:_DSKT2_yieldingContext)
                  8004f520    00000050                : dskt2_lock.oem4 (.bss:_locks)
                  8004f570    0000002c     (.common:RMAN_TABLE)
                  8004f59c    00000024     ce.aem4 : Engine.oem4 (.bss)
                  8004f5c0    00000018     (.common:RMAN_FREE_ENTRIES)
                  8004f5d8    00000018     (.common:_RMAN_internalState$2)
                  8004f5f0    00000014     ti.pm_smp_vayu.aem4 : IpcPower.oem4 (.bss:PowerSuspArgs)
                  8004f604    00000014     ce.aem4 : Server.oem4 (.bss)
                  8004f618    00000014     (.common:IRESMAN_HDVICP2_DEFAULTPARAM)
                  8004f62c    0000000c     Algorithm_BIOS.aem4 : Algorithm_BIOS.oem4 (.bss)
                  8004f638    0000000c     XdmUtils.aem4 : XdmUtils.oem4 (.bss)
                  8004f644    0000000c     ce.aem4 : visa.oem4 (.bss)
                  8004f650    0000000c     cesettings.aem4 : CESettings.oem4 (.bss)
                  8004f65c    0000000c     ipc_bios_nomsg.aem4 : Processor_noOS.oem4 (.bss)
                  8004f668    0000000c     osal.aem4 : Global_BIOS.oem4 (.bss)
                  8004f674    0000000c               : Loader_noOS.oem4 (.bss)
                  8004f680    0000000c               : Memory_BIOS.oem4 (.bss)
                  8004f68c    0000000c     ti.pm_smp_vayu.aem4 : IpcPower.oem4 (.bss)
                  8004f698    0000000c     viddec3.aem4 : viddec3.oem4 (.bss)
                  8004f6a4    0000000c     videnc2.aem4 : videnc2.oem4 (.bss)
                  8004f6b0    0000000c     (.common:ti_grcm_RcmServer__Desc)
                  8004f6bc    0000000c     (.common:ti_sdo_fc_dskt2_desc)
                  8004f6c8    0000000c     (.common:ti_sdo_fc_ires_hdvicp2_desc)
                  8004f6d4    0000000c     (.common:ti_sdo_fc_ires_nullres_desc)
                  8004f6e0    0000000c     (.common:ti_sdo_fc_rman_desc)
                  8004f6ec    0000000c     (.common:ti_sdo_fc_settings_desc)
                  8004f6f8    00000008     ipu_pem4.oem4 (.bss:_entries$1)
                  8004f700    00000008     ipu_pem4.oem4 (.bss:_params$2)
                  8004f708    00000008     ipu.aem4 : iresman_tiledmemory.oem4 (.bss)
                  8004f710    00000008     rtsv7M4_T_le_eabi.lib : trgdrv.obj (.bss:parmbuf)
                  8004f718    00000008     ti.trace_smp.aem4 : SysMin.oem4 (.bss)
                  8004f720    00000008     ti.pm_smp_vayu.aem4 : IpcPower.oem4 (.bss:wugenEvtMask)
                  8004f728    00000008     (.common:_DSKT2_scratchDescTbl)
                  8004f730    00000008     (.common:_resmanInternalState)
                  8004f738    00000008     (.common:ti_sysbios_knl_Task_Instance_State_0_hookEnv__A)
                  8004f740    00000008     (.common:ti_sysbios_knl_Task_Instance_State_1_hookEnv__A)
                  8004f748    00000008     (.common:ti_sysbios_knl_Task_Instance_State_2_hookEnv__A)
                  8004f750    00000008     (.common:ti_sysbios_knl_Task_Instance_State_3_hookEnv__A)
                  8004f758    00000006     (.common:resTable)
                  8004f75e    00000002     --HOLE--
                  8004f760    00000004     (.common:DSKT2_allowExternalScratch)
                  8004f764    00000004     (.common:_FC_heap)
                  8004f768    00000004     (.common:_resmanInternalState)
                  8004f76c    00000004     (.common:allocFxn)
                  8004f770    00000004     (.common:freeFxn)
                  8004f774    00000004     (.common:ti_sdo_ce_osal_Memory_heapList)
                  8004f778    00000004     (.common:ti_sdo_fc_ires_hdvicp_HDVICP2_semArray)
                  8004f77c    00000004     (.common:ti_sysbios_knl_Swi_Instance_State_0_hookEnv__A)
                  8004f780    00000004     (.common:ti_sysbios_knl_Swi_Instance_State_1_hookEnv__A)

.neardata 
*          0    8004f784    00000000     UNINITIALIZED

.rodata    0    8004f784    00000000     UNINITIALIZED

.stack     0    80057d60    00001000     UNINITIALIZED
                  80057d60    00001000     --HOLE--

.cinit     0    0038b3f0    00008638     
                  0038b3f0    000085e4     (.cinit..data.load) [load image]
                  003939d4    00000004     --HOLE-- [fill = 0]
                  003939d8    00000008     (.cinit..bss.load) [load image, compression = zero_init]
                  003939e0    00000008     (.cinit..errorbuf.load) [load image, compression = zero_init]
                  003939e8    00000008     (.cinit..ti_sysbios_family_arm_ducati_smp_Power.load) [load image, compression = zero_init]
                  003939f0    00000008     (.cinit..tracebuf.load) [load image, compression = zero_init]
                  003939f8    00000008     (__TI_handler_table)
                  00393a00    00000028     (__TI_cinit_table)

.init_array 
*          0    00004000    00000000     UNINITIALIZED

.bootVecs 
*          0    00000000    00000008     DSECT
                  00000000    00000008     boot.aem4 : boot.oem4 (.bootVecs)

.ducatiPowerBoot 
*          0    00000000    000000e0     
                  00000000    000000e0     sysbios.aem4 : smp_Power_resumeCpu.obj (.ducatiPowerBoot)

.resetVecs 
*          0    00000400    00000140     
                  00000400    00000140     ipu_pem4.oem4 (.resetVecs)

.vecs      0    00000400    00000000     DSECT

.resource_table 
*          0    00003000    00000410     
                  00003000    00000410     main.oem4 (.resource_table)

.const     0    00004000    003370cc     
                  00004000    00093b90     h264enc_ti_host.lib : h264enc_ti_const.obj (.const:H264ENC_TI_dSect1)
                  00097b90    0004d910     h264vdec_ti.lib : h264vdec_ti_constantmatrices.obj (.const:H264VDEC_TI_dSect1)
                  000e54a0    0003f268     jpegvdec_ti_host.lib : jpegvdec_ti_host.o (.const:load_data:init)
                  00124708    0003c888     mpeg2vdec_ti_host.lib : mpeg2vdec_ti_host.o (.const:load_data:init)
                  00160f90    00038fbc     jpegenc_ti_host.lib : jpegenc_ti_host.o (.const:load_data:init)
                  00199f4c    0000aa30     mpeg4vdec_ti_host.lib : mpeg4vdec_ti_table.obj (.const:statictable)
                  001a497c    00007fcc     mpeg4venc_ti_host.lib : mpeg4enc_ti_process.obj (.const:MPEG4VENC_TI_ICONT1_DEBUGTRACE_LEVEL1_DataSect1)
                  001ac948    00007fb4                           : mpeg4enc_ti_process.obj (.const:MPEG4VENC_TI_ICONT2_DataSect1)
                  001b48fc    00007f98     mpeg4vdec_ti_host.lib : mpeg4vdec_ti_datatransfer.obj (.const:MPEG4VDEC_TI_ICONT1_DEBUGTRACELEVEL1_DataSect3)
                  001bc894    00007f80     vc1vdec_ti_host_M3.lib : vc1vdec_ti_ialg.obj (.const:ILF3PStackMem)
                  001c4814    00007f58     mpeg4vdec_ti_host.lib : mpeg4vdec_ti_datatransfer.obj (.const:MPEG4VDEC_TI_ICONT1_DEBUGTRACELEVEL2_DataSect3)
                  001cc76c    00007f50                           : mpeg4vdec_ti_datatransfer.obj (.const:MPEG4VDEC_TI_ICONT1_DataSect3)
                  001d46bc    00007f40     mpeg4venc_ti_host.lib : mpeg4enc_ti_process.obj (.const:MPEG4VENC_TI_ICONT1_DataSect1)
                  001dc5fc    00007f14     h264enc_ti_host.lib : h264enc_ti_process.obj (.const:H264ENC_TI_ICONT1_DataSect0)
                  001e4510    00007efc     vc1vdec_ti_host_M3.lib : vc1vdec_ti_data_transfer.obj (.const:VC1VDEC_TI_LEVEL1_ICONT1DataSect1)
                  001ec40c    00007ed8     mpeg4vdec_ti_host.lib : mpeg4vdec_ti_datatransfer.obj (.const:MPEG4VDEC_TI_ICONT1_DEBUGTRACELEVEL2_DataSect1)
                  001f42e4    00007eb0     mpeg4venc_ti_host.lib : mpeg4enc_ti_process.obj (.const:MPEG4VENC_TI_ICONT2_DEBUGTRACE_LEVEL1_DataSect1)
                  001fc194    00007e94     vc1vdec_ti_host_M3.lib : vc1vdec_ti_data_transfer.obj (.const:VC1VDEC_TI_LEVEL3_ICONT1DataSect1)
                  00204028    00007e78     mpeg4vdec_ti_host.lib : mpeg4vdec_ti_datatransfer.obj (.const:MPEG4VDEC_TI_ICONT1_DEBUGTRACELEVEL1_DataSect1)
                  0020bea0    00007e70     vc1vdec_ti_host_M3.lib : vc1vdec_ti_data_transfer.obj (.const:VC1VDEC_TI_LEVEL3_ICONT2DataSect1)
                  00213d10    00007e58                            : vc1vdec_ti_data_transfer.obj (.const:VC1VDEC_TI_LEVEL4_ICONT1DataSect1)
                  0021bb68    00007e50                            : vc1vdec_ti_data_transfer.obj (.const:VC1VDEC_TI_LEVEL2_ICONT1DataSect1)
                  002239b8    00007e14                            : vc1vdec_ti_data_transfer.obj (.const:VC1VDEC_TI_ICONT1DataSect1)
                  0022b7cc    00007dd0     mpeg4vdec_ti_host.lib : mpeg4vdec_ti_datatransfer.obj (.const:MPEG4VDEC_TI_ICONT1_DataSect1)
                  0023359c    00007d88     h264vdec_ti.lib : h264vdec_ti_datatransfer.obj (.const:H264VDEC_TI_ICONT2_HIGHRES_DataSect0)
                  0023b324    00007bf0                     : h264vdec_ti_datatransfer.obj (.const:H264VDEC_TI_ICONT1_HIGHRES_DataSect1)
                  00242f14    00007bec                     : h264vdec_ti_datatransfer.obj (.const:H264VDEC_TI_ICONT1_DataSect1)
                  0024ab00    00007bc0     vc1vdec_ti_host_M3.lib : vc1vdec_ti_data_transfer.obj (.const:VC1VDEC_TI_LEVEL4_ICONT2DataSect1)
                  002526c0    00007bac     h264enc_ti_host.lib : h264enc_ti_process.obj (.const:H264ENC_TI_ICONT1_4MVDataSect0)
                  0025a26c    00007a54                         : h264enc_ti_process.obj (.const:H264ENC_TI_ICONT1_HiMP_DataSect0)
                  00261cc0    000079b0     h264vdec_ti.lib : h264vdec_ti_datatransfer.obj (.const:H264VDEC_TI_ICONT2_DataSect0)
                  00269670    00007820                     : h264vdec_ti_datatransfer.obj (.const:H264VDEC_TI_ERRORCONCEAL_ICONT1_DataSect0)
                  00270e90    00007808     vc1vdec_ti_host_M3.lib : vc1vdec_ti_data_transfer.obj (.const:VC1VDEC_TI_LEVEL2_ICONT1DataSect4)
                  00278698    00007674                            : vc1vdec_ti_data_transfer.obj (.const:VC1VDEC_TI_LEVEL2_ICONT2DataSect1)
                  0027fd0c    00007580                            : vc1vdec_ti_data_transfer.obj (.const:VC1VDEC_TI_LEVEL1_ICONT2DataSect1)
                  0028728c    00007578                            : vc1vdec_ti_data_transfer.obj (.const:VC1VDEC_TI_ICONT1DataSect4)
                  0028e804    00007578                            : vc1vdec_ti_data_transfer.obj (.const:VC1VDEC_TI_LEVEL1_ICONT1DataSect4)
                  00295d7c    00007460     h264enc_ti_host.lib : h264enc_ti_process.obj (.const:H264ENC_TI_ICONT1_HIGHSPEED_DataSect0)
                  0029d1dc    000073e0     vc1vdec_ti_host_M3.lib : vc1vdec_ti_data_transfer.obj (.const:VC1VDEC_TI_ICONT2DataSect1)
                  002a45bc    00006fcc     h264enc_ti_host.lib : h264enc_ti_process.obj (.const:H264ENC_TI_ICONT1_HiMP_4MVDataSect0)
                  002ab588    00006a88     mpeg4vdec_ti_host.lib : mpeg4vdec_ti_datatransfer.obj (.const:MPEG4VDEC_TI_ICONT2_DEBUGTRACELEVEL2_DataSect1)
                  002b2010    00006a3c     h264enc_ti_host.lib : h264enc_ti_process.obj (.const:H264ENC_TI_ICONT1_HiMP_HiSPEED_DataSect0)
                  002b8a4c    000069e4     mpeg4vdec_ti_host.lib : mpeg4vdec_ti_datatransfer.obj (.const:MPEG4VDEC_TI_ICONT2_DEBUGTRACELEVEL1_DataSect1)
                  002bf430    00006974                           : mpeg4vdec_ti_datatransfer.obj (.const:MPEG4VDEC_TI_ICONT2_DataSect1)
                  002c5da4    00006780     vc1vdec_ti_host_M3.lib : vc1vdec_ti_data_transfer.obj (.const:VC1VDEC_TI_LEVEL3_ICONT1DataSect4)
                  002cc524    00006778                            : vc1vdec_ti_data_transfer.obj (.const:VC1VDEC_TI_LEVEL4_ICONT1DataSect4)
                  002d2c9c    0000603c     ipu_pem4.oem4 (.const:.string)
                  002d8cd8    000058f4     mpeg4vdec_ti_host.lib : mpeg4vdec_ti_errconceal.obj (.const:MPEG4VDEC_TI_EC_DataSect1)
                  002de5cc    00005710     vc1vdec_ti_host_M3.lib : vc1vdec_ti_errconceal.obj (.const:VC1VDEC_TI_ERROR_CONCEAL_ICONT1DataSect1)
                  002e3cdc    000052c8     mpeg2vdec_ti_host.lib : mpeg2vdec_ti_host.o (.const:ec_load_data)
                  002e8fa4    00004a00                           : mpeg2vdec_ti_host.o (.const:tableLSEILFCmds)
                  002ed9a4    000049a8                           : mpeg2vdec_ti_host.o (.const:.string:MPEG2VDEC_TI_ICONT2_LEVEL3_SECTION1)
                  002f234c    00004958                           : mpeg2vdec_ti_host.o (.const:.string:MPEG2VDEC_TI_ICONT2_LEVEL4_SECTION1)
                  002f6ca4    000047b0                           : mpeg2vdec_ti_host.o (.const:.string:MPEG2VDEC_TI_ICONT2_SECTION1)
                  002fb454    00004748                           : mpeg2vdec_ti_host.o (.const:.string:MPEG2VDEC_TI_ICONT2_LEVEL2_SECTION1)
                  002ffb9c    000046a0                           : mpeg2vdec_ti_host.o (.const:.string:MPEG2VDEC_TI_ICONT2_LEVEL1_SECTION1)
                  0030423c    00004018     h264vdec_ti.lib : h264vdec_ti_datatransfer.obj (.const:H264VDEC_TI_ICONT1_DataSect3)
                  00308254    00003b74                     : h264vdec_ti_datatransfer.obj (.const:H264VDEC_TI_ICONT1_HIGHRES_DataSect4)
                  0030bdc8    00002f0c     vc1vdec_ti_host_M3.lib : vc1vdec_ti_data_transfer.obj (.const:VC1VDEC_TI_LEVEL4_ICONT2DataSect5)
                  0030ecd4    00002ef4                            : vc1vdec_ti_data_transfer.obj (.const:VC1VDEC_TI_LEVEL3_ICONT2DataSect5)
                  00311bc8    00002ea0                            : vc1vdec_ti_data_transfer.obj (.const:VC1VDEC_TI_ICONT2DataSect5)
                  00314a68    00002ea0                            : vc1vdec_ti_data_transfer.obj (.const:VC1VDEC_TI_LEVEL1_ICONT2DataSect5)
                  00317908    00002ea0                            : vc1vdec_ti_data_transfer.obj (.const:VC1VDEC_TI_LEVEL2_ICONT2DataSect5)
                  0031a7a8    00002b38     ipu_pem4.oem4 (.const:xdc_runtime_Text_charTab__A)
                  0031d2e0    00001e44     h264vdec_ti.lib : h264vdec_ti_datatransfer.obj (.const:H264VDEC_TI_ICONT1_DataSect5)
                  0031f124    00001e20                     : h264vdec_ti_datatransfer.obj (.const:H264VDEC_TI_ICONT1_HIGHRES_DataSect6)
                  00320f44    00001c60                     : h264vdec_ti_datatransfer.obj (.const:H264VDEC_TI_ICONT1_HIGHRES_DataSect3)
                  00322ba4    0000111c     vc1vdec_ti_host_M3.lib : vc1vdec_ti_data_transfer.obj (.const:VC1VDEC_TI_ICONT2DataSect2)
                  00323cc0    0000111c                            : vc1vdec_ti_data_transfer.obj (.const:VC1VDEC_TI_LEVEL1_ICONT2DataSect2)
                  00324ddc    0000111c                            : vc1vdec_ti_data_transfer.obj (.const:VC1VDEC_TI_LEVEL2_ICONT2DataSect2)
                  00325ef8    0000111c                            : vc1vdec_ti_data_transfer.obj (.const:VC1VDEC_TI_LEVEL3_ICONT2DataSect2)
                  00327014    0000111c                            : vc1vdec_ti_data_transfer.obj (.const:VC1VDEC_TI_LEVEL4_ICONT2DataSect2)
                  00328130    00000fcc     h264vdec_ti.lib : h264vdec_ti_datatransfer.obj (.const:H264VDEC_TI_ICONT1_HIGHRES_DataSect5)
                  003290fc    00000f78                     : h264vdec_ti_datatransfer.obj (.const:H264VDEC_TI_ICONT1_DataSect4)
                  0032a074    00000dec     mpeg4venc_ti_host.lib : mpeg4enc_ti_process.obj (.const:MPEG4VENC_TI_ICONT2_DEBUGTRACE_LEVEL1_DataSect3)
                  0032ae60    00000cf0                           : mpeg4enc_ti_process.obj (.const:MPEG4VENC_TI_ICONT2_DataSect3)
                  0032bb50    00000ad0     mpeg2vdec_ti_host.lib : mpeg2vdec_ti_host.o (.const:tableLSEMCCmds)
                  0032c620    00000800     vc1vdec_ti_host_M3.lib : vc1vdec_ti_data_transfer.obj (.const:VC1VDEC_TI_ICONT2DataSect3)
                  0032ce20    00000800                            : vc1vdec_ti_data_transfer.obj (.const:VC1VDEC_TI_LEVEL1_ICONT2DataSect3)
                  0032d620    00000800                            : vc1vdec_ti_data_transfer.obj (.const:VC1VDEC_TI_LEVEL2_ICONT2DataSect3)
                  0032de20    00000800                            : vc1vdec_ti_data_transfer.obj (.const:VC1VDEC_TI_LEVEL3_ICONT2DataSect3)
                  0032e620    00000800                            : vc1vdec_ti_data_transfer.obj (.const:VC1VDEC_TI_LEVEL4_ICONT2DataSect3)
                  0032ee20    00000800     jpegvdec_ti_host.lib : jpegvdec_ti_host.o (.const:tableLSECALCCmds)
                  0032f620    00000700     mpeg4venc_ti_host.lib : mpeg4enc_ti_mbInfo_tables.obj (.const:MPEG4ENC_TI_StaticTableSection)
                  0032fd20    000005a0                           : mpeg4enc_ti_lse_tables.obj (.const:MPEG4ENC_TI_StaticTableSection)
                  003302c0    00000548                           : mpeg4enc_ti_ime3_pgm.obj (.const:MPEG4ENC_TI_StaticTableSection)
                  00330808    00000008     ipu_pem4.oem4 (.const:ti_sysbios_family_arm_ducati_smp_Power_postSuspendHooks__C)
                  00330810    00000530     mpeg4venc_ti_host.lib : mpeg4enc_ti_ime3_pgm_1mv.obj (.const:MPEG4ENC_TI_StaticTableSection)
                  00330d40    000004ec     h264enc_ti_host.lib : h264enc_ti_process.obj (.const:H264ENC_TI_ICONT2_4MVDataSect0)
                  0033122c    000004ec                         : h264enc_ti_process.obj (.const:H264ENC_TI_ICONT2_DataSect0)
                  00331718    000004ec                         : h264enc_ti_process.obj (.const:H264ENC_TI_ICONT2_HIGHSPEED_DataSect0)
                  00331c04    000004ec                         : h264enc_ti_process.obj (.const:H264ENC_TI_ICONT2_HiMP_4MVDataSect0)
                  003320f0    000004ec                         : h264enc_ti_process.obj (.const:H264ENC_TI_ICONT2_HiMP_DataSect0)
                  003325dc    000004ec                         : h264enc_ti_process.obj (.const:H264ENC_TI_ICONT2_HiMP_HiSPEED_DataSect0)
                  00332ac8    000004e4     ti.framework.dce.aem4 : dce.oem4 (.const:$O2$$)
                  00332fac    000004b4     vc1vdec_ti_host_M3.lib : vc1vdec_ti_data_transfer.obj (.const:VC1VDEC_TI_ICONT2DataSect4)
                  00333460    000004b4                            : vc1vdec_ti_data_transfer.obj (.const:VC1VDEC_TI_LEVEL1_ICONT2DataSect4)
                  00333914    000004b4                            : vc1vdec_ti_data_transfer.obj (.const:VC1VDEC_TI_LEVEL2_ICONT2DataSect4)
                  00333dc8    000004b4                            : vc1vdec_ti_data_transfer.obj (.const:VC1VDEC_TI_LEVEL3_ICONT2DataSect4)
                  0033427c    000004b4                            : vc1vdec_ti_data_transfer.obj (.const:VC1VDEC_TI_LEVEL4_ICONT2DataSect4)
                  00334730    00000480     jpegenc_ti_host.lib : jpegenc_ti_host.o (.const:tableLSECALCCmds)
                  00334bb0    0000045c     mpeg4vdec_ti_host.lib : mpeg4vdec_ti_datatransfer.obj (.const:MPEG4VDEC_TI_ICONT1_DataSect2)
                  0033500c    00000440     vc1vdec_ti_host_M3.lib : vc1vdec_ti_data_transfer.obj (.const:VC1VDEC_TI_ICONT1DataSect2)
                  0033544c    00000440                            : vc1vdec_ti_data_transfer.obj (.const:VC1VDEC_TI_LEVEL1_ICONT1DataSect2)
                  0033588c    00000440                            : vc1vdec_ti_data_transfer.obj (.const:VC1VDEC_TI_LEVEL2_ICONT1DataSect2)
                  00335ccc    00000440                            : vc1vdec_ti_data_transfer.obj (.const:VC1VDEC_TI_LEVEL3_ICONT1DataSect2)
                  0033610c    00000440                            : vc1vdec_ti_data_transfer.obj (.const:VC1VDEC_TI_LEVEL4_ICONT1DataSect2)
                  0033654c    000003ac     h264vdec_ti.lib : h264vdec_ti_datatransfer.obj (.const:H264VDEC_TI_ICONT1_DataSect0)
                  003368f8    000003ac                     : h264vdec_ti_datatransfer.obj (.const:H264VDEC_TI_ICONT1_HIGHRES_DataSect0)
                  00336ca4    000003a4                     : h264vdec_ti_datatransfer.obj (.const:H264VDEC_TI_ICONT2_DataSect2)
                  00337048    00000304                     : h264vdec_ti_datatransfer.obj (.const:H264VDEC_TI_ICONT1_HIGHRES_DataSect7)
                  0033734c    000002fc                     : h264vdec_ti_datatransfer.obj (.const:H264VDEC_TI_ICONT1_DataSect6)
                  00337648    00000250     jpegenc_ti_host.lib : jpegenc_ti_host.o (.const:tableLSEECDCmds)
                  00337898    00000240     mpeg2vdec_ti_host.lib : mpeg2vdec_ti_host.o (.const:tableLSECALCCmds)
                  00337ad8    00000220     mpeg4venc_ti_host.lib : mpeg4enc_ti_process.obj (.const:MPEG4VENC_TI_ICONT1_DataSect2)
                  00337cf8    00000200     jpegvdec_ti_host.lib : jpegvdec_ti_host.o (.const:tableLSEECDCmds)
                  00337ef8    000001e4     ipu_pem4.oem4 (.const:ti_sdo_ipc_family_vayu_InterruptIpu_mailboxTable__C)
                  003380dc    000001e4     ipu_pem4.oem4 (.const:ti_sdo_ipc_family_vayu_NotifySetup_mailboxTable__C)
                  003382c0    000001d8     ipu_pem4.oem4 (.const:xdc_runtime_Text_nodeTab__A)
                  00338498    000001a0     mpeg4venc_ti_host.lib : mpeg4enc_ti_process.obj (.const:MPEG4VENC_TI_ICONT2_DataSect2)
                  00338638    00000188     vc1vdec_ti_host_M3.lib : vc1vdec_ti_data_transfer.obj (.const:VC1VDEC_TI_ICONT1DataSect3)
                  003387c0    00000188                            : vc1vdec_ti_data_transfer.obj (.const:VC1VDEC_TI_LEVEL1_ICONT1DataSect3)
                  00338948    00000188                            : vc1vdec_ti_data_transfer.obj (.const:VC1VDEC_TI_LEVEL2_ICONT1DataSect3)
                  00338ad0    00000188                            : vc1vdec_ti_data_transfer.obj (.const:VC1VDEC_TI_LEVEL3_ICONT1DataSect3)
                  00338c58    00000188                            : vc1vdec_ti_data_transfer.obj (.const:VC1VDEC_TI_LEVEL4_ICONT1DataSect3)
                  00338de0    00000160     jpegenc_ti_host.lib : jpegenc_ti_host.o (.const)
                  00338f40    0000013c     h264enc_ti_host.lib : ih264enc.obj (.const:H264ENC_TI_PARAMS)
                  0033907c    00000120     mpeg4venc_ti_host.lib : mpeg4enc_ti_ialg.obj (.const:ps32LevelLimitTab)
                  0033919c    00000101     rtsv7M4_T_le_eabi.lib : ctype.obj (.const:.string:_ctypes_)
                  0033929d    00000001     ipu_pem4.oem4 (.const:ti_sysbios_family_arm_ducati_TimestampProvider_inpsel__C)
                  0033929e    00000002     ipu_pem4.oem4 (.const:ti_deh_Watchdog_Module__id__C)
                  003392a0    00000100     mpeg4venc_ti_host.lib : mpeg4enc_ti_reconvdmadescriptors.obj (.const:MPEG4ENC_TI_StaticTableSection)
                  003393a0    00000100     mpeg4vdec_ti_host.lib : mpeg4vdec_ti_ialg.obj (.const)
                  003394a0    000000f0     h264enc_ti_host.lib : ih264enc.obj (.const:H264ENC_TI_DYNAMICPARAMS)
                  00339590    000000a8     ti.framework.dce.aem4 : dce.oem4 (.const:.string)
                  00339638    000000a4     jpegvdec_ti_host.lib : jpegvdec_ti_host.o (.const)
                  003396dc    00000098     mpeg2vdec_ti_host.lib : mpeg2vdec_ti_host.o (.const)
                  00339774    00000094     h264vdec_ti.lib : ih264vdec.obj (.const:IH264VDEC_PARAMS)
                  00339808    00000080     mpeg2vdec_ti_host.lib : mpeg2vdec_ti_host.o (.const:tableLSEECDCmds)
                  00339888    0000006e     vc1vdec_ti_host_M3.lib : vc1vdec_ti_version.obj (.const:VC1VDEC_TI_version)
                  003398f6    00000002     ipu_pem4.oem4 (.const:ti_deh_Watchdog_disableWatchdog__C)
                  003398f8    0000006b     jpegvdec_ti_host.lib : jpegvdec_ti_host.o (.const:.string:$P$T0$1)
                  00339963    00000001     ipu_pem4.oem4 (.const:xdc_runtime_Error_policy__C)
                  00339964    00000060     mpeg2vdec_ti_host.lib : mpeg2vdec_ti_host.o (.const:.string:MPEG2VDEC_TI_version)
                  003399c4    0000005e     jpegenc_ti_host.lib : jpegenc_ti_host.o (.const:.string:JPEGVENC_TI_version)
                  00339a22    00000002     ipu_pem4.oem4 (.const:ti_sdo_ipc_family_vayu_InterruptIpu_Module__id__C)
                  00339a24    00000058     vc1vdec_ti_host_M3.lib : vc1vdec_ti_ialg.obj (.const:VC1VDEC_TI_PARAMS)
                  00339a7c    00000050     h264vdec_ti.lib : ih264vdec.obj (.const:IH264VDEC_TI_DYNAMICPARAMS)
                  00339acc    00000050     ipu_pem4.oem4 (.const:xdc_runtime_Startup_sfxnTab__A)
                  00339b1c    00000044     ti.framework.dce.aem4 : ivahd.oem4 (.const:$O2$$)
                  00339b60    00000040     h264vdec_ti.lib : h264vdec_ti_dpboutputframe.obj (.const:h264vdec_ti_maxDpbMbs)
                  00339ba0    00000040     ipu_pem4.oem4 (.const:ti_sdo_ipc_family_vayu_InterruptIpu_mailboxBaseAddr__C)
                  00339be0    00000040     ipu_pem4.oem4 (.const:ti_sdo_ipc_family_vayu_NotifySetup_mailboxBaseAddr__C)
                  00339c20    0000003c     ipu_pem4.oem4 (.const:ti_sysbios_knl_Task_Object__PARAMS__C)
                  00339c5c    00000035     mpeg4vdec_ti_host.lib : mpeg4vdec_ti_control.obj (.const:.string:$P$T0$1)
                  00339c91    00000001     --HOLE-- [fill = 0]
                  00339c92    00000002     ipu_pem4.oem4 (.const:ti_sdo_utils_MultiProc_Module__id__C)
                  00339c94    00000034     h264vdec_ti.lib : h264vdec_ti_control.obj (.const:.string:$P$T0$1)
                  00339cc8    00000034     ipu_pem4.oem4 (.const:xdc_runtime_LoggerSys_Module__FXNS__C)
                  00339cfc    00000030     h264enc_ti_host.lib : h264enc_ti_ialgIvahd.obj (.const:.string:$P$T0$1)
                  00339d2c    00000030                         : h264enc_ti_vt.obj (.const:H264ENC_TI_IH264ENC)
                  00339d5c    00000030     vc1vdec_ti_host_M3.lib : vc1vdec_ti_ialg.obj (.const:VC1VDEC_TI_DYNAMICPARAMS)
                  00339d8c    00000030     ipu_pem4.oem4 (.const:ti_sysbios_family_arm_m3_Hwi_Object__PARAMS__C)
                  00339dbc    00000030     ipu_pem4.oem4 (.const:ti_sysbios_knl_Task_hooks__A)
                  00339dec    0000002c     h264enc_ti_host.lib : h264enc_ti_process.obj (.const)
                  00339e18    0000002c     ipu_pem4.oem4 (.const:ti_sdo_ipc_family_vayu_InterruptIpu_procIdTable__C)
                  00339e44    0000002c     ipu_pem4.oem4 (.const:ti_sdo_ipc_family_vayu_NotifySetup_procIdTable__C)
                  00339e70    0000002c     ipu_pem4.oem4 (.const:ti_sysbios_heaps_HeapBuf_Object__PARAMS__C)
                  00339e9c    0000002c     ipu_pem4.oem4 (.const:ti_sysbios_xdcruntime_ThreadSupport_Object__PARAMS__C)
                  00339ec8    0000002c     ipu_pem4.oem4 (.const:xdc_runtime_knl_Thread_Object__PARAMS__C)
                  00339ef4    00000028     h264enc_ti_host.lib : H264BPEnc_ti_ires.obj (.const:H264ENC_TI_IRES)
                  00339f1c    00000028     h264vdec_ti.lib : h264vdec_ti_ires.obj (.const:H264VDEC_TI_IRES)
                  00339f44    00000028     mpeg4venc_ti_host.lib : mpeg4enc_ti_ires.obj (.const:MPEG4ENC_TI_IRES)
                  00339f6c    00000028     ipu_pem4.oem4 (.const:ti_sysbios_heaps_HeapBuf_Module__FXNS__C)
                  00339f94    00000028     ipu_pem4.oem4 (.const:ti_sysbios_heaps_HeapMem_Module__FXNS__C)
                  00339fbc    00000028     ipu_pem4.oem4 (.const:ti_sysbios_knl_Idle_coreList__A)
                  00339fe4    00000028     ipu_pem4.oem4 (.const:ti_sysbios_knl_Idle_funcList__A)
                  0033a00c    00000028     ipu_pem4.oem4 (.const:ti_sysbios_knl_Swi_Object__PARAMS__C)
                  0033a034    00000028     ipu_pem4.oem4 (.const:xdc_runtime_Startup_sfxnRts__A)
                  0033a05c    00000024     h264enc_ti_host.lib : h264enc_ti_vt.obj (.const:H264ENC_TI_IALG)
                  0033a080    00000024     ipu_pem4.oem4 (.const:ti_sysbios_family_arm_ducati_GateSmp_Module__FXNS__C)
                  0033a0a4    00000024     ipu_pem4.oem4 (.const:ti_sysbios_gates_GateHwi_Module__FXNS__C)
                  0033a0c8    00000024     ipu_pem4.oem4 (.const:ti_sysbios_gates_GateMutexPri_Module__FXNS__C)
                  0033a0ec    00000024     ipu_pem4.oem4 (.const:ti_sysbios_gates_GateMutex_Module__FXNS__C)
                  0033a110    00000024     ipu_pem4.oem4 (.const:ti_sysbios_heaps_HeapMem_Object__PARAMS__C)
                  0033a134    00000024     ipu_pem4.oem4 (.const:ti_sysbios_knl_Semaphore_Object__PARAMS__C)
                  0033a158    00000024     ipu_pem4.oem4 (.const:xdc_runtime_knl_GateProcess_Module__FXNS__C)
                  0033a17c    00000024     ipu_pem4.oem4 (.const:xdc_runtime_knl_GateThread_Module__FXNS__C)
                  0033a1a0    00000020     h264vdec_ti.lib : h264vdec_ti_decode.obj (.const:.string)
                  0033a1c0    00000020     jpegenc_ti_host.lib : jpegenc_ti_host.o (.const:JPEGENC_TI_ICONT1_DataSect0)
                  0033a1e0    00000020                         : jpegenc_ti_host.o (.const:JPEGENC_TI_ICONT1_LEVEL1_DataSect0)
                  0033a200    00000020                         : jpegenc_ti_host.o (.const:JPEGENC_TI_ICONT1_LEVEL2_DataSect0)
                  0033a220    00000020                         : jpegenc_ti_host.o (.const:JPEGENC_TI_ICONT1_LEVEL3_DataSect0)
                  0033a240    00000020                         : jpegenc_ti_host.o (.const:JPEGENC_TI_ICONT1_LEVEL4_DataSect0)
                  0033a260    00000020                         : jpegenc_ti_host.o (.const:JPEGENC_TI_ICONT2_DataSect0)
                  0033a280    00000020                         : jpegenc_ti_host.o (.const:JPEGENC_TI_ICONT2_LEVEL1_DataSect0)
                  0033a2a0    00000020                         : jpegenc_ti_host.o (.const:JPEGENC_TI_ICONT2_LEVEL2_DataSect0)
                  0033a2c0    00000020                         : jpegenc_ti_host.o (.const:JPEGENC_TI_ICONT2_LEVEL3_DataSect0)
                  0033a2e0    00000020                         : jpegenc_ti_host.o (.const:JPEGENC_TI_ICONT2_LEVEL4_DataSect0)
                  0033a300    00000020     jpegvdec_ti_host.lib : jpegvdec_ti_host.o (.const:JPEGVDEC_TI_ICONT1_DataSect0)
                  0033a320    00000020                          : jpegvdec_ti_host.o (.const:JPEGVDEC_TI_ICONT1_LEVEL1_DataSect0)
                  0033a340    00000020                          : jpegvdec_ti_host.o (.const:JPEGVDEC_TI_ICONT1_LEVEL2_DataSect0)
                  0033a360    00000020                          : jpegvdec_ti_host.o (.const:JPEGVDEC_TI_ICONT1_LEVEL3_DataSect0)
                  0033a380    00000020                          : jpegvdec_ti_host.o (.const:JPEGVDEC_TI_ICONT1_LEVEL4_DataSect0)
                  0033a3a0    00000020                          : jpegvdec_ti_host.o (.const:JPEGVDEC_TI_ICONT2_DataSect0)
                  0033a3c0    00000020                          : jpegvdec_ti_host.o (.const:JPEGVDEC_TI_ICONT2_LEVEL1_DataSect0)
                  0033a3e0    00000020                          : jpegvdec_ti_host.o (.const:JPEGVDEC_TI_ICONT2_LEVEL2_DataSect0)
                  0033a400    00000020                          : jpegvdec_ti_host.o (.const:JPEGVDEC_TI_ICONT2_LEVEL3_DataSect0)
                  0033a420    00000020                          : jpegvdec_ti_host.o (.const:JPEGVDEC_TI_ICONT2_LEVEL4_DataSect0)
                  0033a440    00000020     mpeg2vdec_ti_host.lib : mpeg2vdec_ti_host.o (.const:MPEG2VDEC_TI_EC_DataSect0)
                  0033a460    00000020                           : mpeg2vdec_ti_host.o (.const:MPEG2VDEC_TI_ICONT1_DataSect0)
                  0033a480    00000020                           : mpeg2vdec_ti_host.o (.const:MPEG2VDEC_TI_ICONT1_LEVEL1_DataSect0)
                  0033a4a0    00000020                           : mpeg2vdec_ti_host.o (.const:MPEG2VDEC_TI_ICONT1_LEVEL2_DataSect0)
                  0033a4c0    00000020                           : mpeg2vdec_ti_host.o (.const:MPEG2VDEC_TI_ICONT1_LEVEL3_DataSect0)
                  0033a4e0    00000020                           : mpeg2vdec_ti_host.o (.const:MPEG2VDEC_TI_ICONT1_LEVEL4_DataSect0)
                  0033a500    00000020                           : mpeg2vdec_ti_host.o (.const:MPEG2VDEC_TI_ICONT2_DataSect0)
                  0033a520    00000020                           : mpeg2vdec_ti_host.o (.const:MPEG2VDEC_TI_ICONT2_DataSect0)
                  0033a540    00000020                           : mpeg2vdec_ti_host.o (.const:MPEG2VDEC_TI_ICONT2_LEVEL1_DataSect0)
                  0033a560    00000020                           : mpeg2vdec_ti_host.o (.const:MPEG2VDEC_TI_ICONT2_LEVEL1_DataSect0)
                  0033a580    00000020                           : mpeg2vdec_ti_host.o (.const:MPEG2VDEC_TI_ICONT2_LEVEL2_DataSect0)
                  0033a5a0    00000020                           : mpeg2vdec_ti_host.o (.const:MPEG2VDEC_TI_ICONT2_LEVEL2_DataSect0)
                  0033a5c0    00000020                           : mpeg2vdec_ti_host.o (.const:MPEG2VDEC_TI_ICONT2_LEVEL3_DataSect0)
                  0033a5e0    00000020                           : mpeg2vdec_ti_host.o (.const:MPEG2VDEC_TI_ICONT2_LEVEL3_DataSect0)
                  0033a600    00000020                           : mpeg2vdec_ti_host.o (.const:MPEG2VDEC_TI_ICONT2_LEVEL4_DataSect0)
                  0033a620    00000020                           : mpeg2vdec_ti_host.o (.const:MPEG2VDEC_TI_ICONT2_LEVEL4_DataSect0)
                  0033a640    00000020     mpeg4vdec_ti_host.lib : mpeg4vdec_ti_errconceal.obj (.const:MPEG4VDEC_TI_EC_DataSect0)
                  0033a660    00000020                           : mpeg4vdec_ti_datatransfer.obj (.const:MPEG4VDEC_TI_ICONT1_DEBUGTRACELEVEL1_DataSect0)
                  0033a680    00000020                           : mpeg4vdec_ti_datatransfer.obj (.const:MPEG4VDEC_TI_ICONT1_DEBUGTRACELEVEL2_DataSect0)
                  0033a6a0    00000020                           : mpeg4vdec_ti_datatransfer.obj (.const:MPEG4VDEC_TI_ICONT1_DataSect0)
                  0033a6c0    00000020                           : mpeg4vdec_ti_datatransfer.obj (.const:MPEG4VDEC_TI_ICONT2_DEBUGTRACELEVEL1_DataSect0)
                  0033a6e0    00000020                           : mpeg4vdec_ti_datatransfer.obj (.const:MPEG4VDEC_TI_ICONT2_DEBUGTRACELEVEL2_DataSect0)
                  0033a700    00000020                           : mpeg4vdec_ti_datatransfer.obj (.const:MPEG4VDEC_TI_ICONT2_DataSect0)
                  0033a720    00000020     mpeg4venc_ti_host.lib : mpeg4enc_ti_process.obj (.const:MPEG4VENC_TI_ICONT1_DEBUGTRACE_LEVEL1_DataSect0)
                  0033a740    00000020                           : mpeg4enc_ti_process.obj (.const:MPEG4VENC_TI_ICONT1_DataSect0)
                  0033a760    00000020                           : mpeg4enc_ti_process.obj (.const:MPEG4VENC_TI_ICONT2_DEBUGTRACE_LEVEL1_DataSect0)
                  0033a780    00000020                           : mpeg4enc_ti_process.obj (.const:MPEG4VENC_TI_ICONT2_DataSect0)
                  0033a7a0    00000020     vc1vdec_ti_host_M3.lib : vc1vdec_ti_errconceal.obj (.const:VC1VDEC_TI_ERROR_CONCEAL_ICONT1DataSect0)
                  0033a7c0    00000020                            : vc1vdec_ti_data_transfer.obj (.const:VC1VDEC_TI_ICONT1DataSect0)
                  0033a7e0    00000020                            : vc1vdec_ti_data_transfer.obj (.const:VC1VDEC_TI_ICONT2DataSect0)
                  0033a800    00000020                            : vc1vdec_ti_data_transfer.obj (.const:VC1VDEC_TI_LEVEL1_ICONT1DataSect0)
                  0033a820    00000020                            : vc1vdec_ti_data_transfer.obj (.const:VC1VDEC_TI_LEVEL1_ICONT2DataSect0)
                  0033a840    00000020                            : vc1vdec_ti_data_transfer.obj (.const:VC1VDEC_TI_LEVEL2_ICONT1DataSect0)
                  0033a860    00000020                            : vc1vdec_ti_data_transfer.obj (.const:VC1VDEC_TI_LEVEL2_ICONT2DataSect0)
                  0033a880    00000020                            : vc1vdec_ti_data_transfer.obj (.const:VC1VDEC_TI_LEVEL3_ICONT1DataSect0)
                  0033a8a0    00000020                            : vc1vdec_ti_data_transfer.obj (.const:VC1VDEC_TI_LEVEL3_ICONT2DataSect0)
                  0033a8c0    00000020                            : vc1vdec_ti_data_transfer.obj (.const:VC1VDEC_TI_LEVEL4_ICONT1DataSect0)
                  0033a8e0    00000020                            : vc1vdec_ti_data_transfer.obj (.const:VC1VDEC_TI_LEVEL4_ICONT2DataSect0)
                  0033a900    00000020     ipu_pem4.oem4 (.const:ti_sdo_utils_List_Object__DESC__C)
                  0033a920    00000020     ipu_pem4.oem4 (.const:ti_sysbios_family_arm_ducati_GateSmp_Object__DESC__C)
                  0033a940    00000020     ipu_pem4.oem4 (.const:ti_sysbios_family_arm_m3_Hwi_Object__DESC__C)
                  0033a960    00000020     ipu_pem4.oem4 (.const:ti_sysbios_gates_GateHwi_Object__DESC__C)
                  0033a980    00000020     ipu_pem4.oem4 (.const:ti_sysbios_gates_GateMutexPri_Object__DESC__C)
                  0033a9a0    00000020     ipu_pem4.oem4 (.const:ti_sysbios_gates_GateMutex_Object__DESC__C)
                  0033a9c0    00000020     ipu_pem4.oem4 (.const:ti_sysbios_heaps_HeapBuf_Object__DESC__C)
                  0033a9e0    00000020     ipu_pem4.oem4 (.const:ti_sysbios_heaps_HeapMem_Object__DESC__C)
                  0033aa00    00000020     ipu_pem4.oem4 (.const:ti_sysbios_knl_Queue_Object__DESC__C)
                  0033aa20    00000020     ipu_pem4.oem4 (.const:ti_sysbios_knl_Semaphore_Object__DESC__C)
                  0033aa40    00000020     ipu_pem4.oem4 (.const:ti_sysbios_knl_Swi_Object__DESC__C)
                  0033aa60    00000020     ipu_pem4.oem4 (.const:ti_sysbios_knl_Task_Object__DESC__C)
                  0033aa80    00000020     ipu_pem4.oem4 (.const:ti_sysbios_xdcruntime_GateProcessSupport_Object__DESC__C)
                  0033aaa0    00000020     ipu_pem4.oem4 (.const:ti_sysbios_xdcruntime_GateThreadSupport_Object__DESC__C)
                  0033aac0    00000020     ipu_pem4.oem4 (.const:ti_sysbios_xdcruntime_SemThreadSupport_Object__DESC__C)
                  0033aae0    00000020     ipu_pem4.oem4 (.const:ti_sysbios_xdcruntime_ThreadSupport_Object__DESC__C)
                  0033ab00    00000020     ipu_pem4.oem4 (.const:xdc_runtime_LoggerSys_Object__DESC__C)
                  0033ab20    00000020     ipu_pem4.oem4 (.const:xdc_runtime_knl_GateProcess_Object__DESC__C)
                  0033ab40    00000020     ipu_pem4.oem4 (.const:xdc_runtime_knl_GateThread_Object__DESC__C)
                  0033ab60    00000020     ipu_pem4.oem4 (.const:xdc_runtime_knl_SemThread_Module__FXNS__C)
                  0033ab80    00000020     ipu_pem4.oem4 (.const:xdc_runtime_knl_SemThread_Object__DESC__C)
                  0033aba0    00000020     ipu_pem4.oem4 (.const:xdc_runtime_knl_Thread_Object__DESC__C)
                  0033abc0    0000001c     ipu_pem4.oem4 (.const:ti_sysbios_xdcruntime_GateProcessSupport_Object__PARAMS__C)
                  0033abdc    0000001c     ipu_pem4.oem4 (.const:ti_sysbios_xdcruntime_SemThreadSupport_Object__PARAMS__C)
                  0033abf8    0000001c     ipu_pem4.oem4 (.const:xdc_runtime_knl_GateProcess_Object__PARAMS__C)
                  0033ac14    0000001c     ipu_pem4.oem4 (.const:xdc_runtime_knl_SemThread_Object__PARAMS__C)
                  0033ac30    00000018     ipu_pem4.oem4 (.const)
                  0033ac48    00000018     ipu_pem4.oem4 (.const:ti_sdo_utils_List_Object__PARAMS__C)
                  0033ac60    00000018     ipu_pem4.oem4 (.const:ti_sysbios_family_arm_ducati_GateSmp_Object__PARAMS__C)
                  0033ac78    00000018     ipu_pem4.oem4 (.const:ti_sysbios_gates_GateHwi_Object__PARAMS__C)
                  0033ac90    00000018     ipu_pem4.oem4 (.const:ti_sysbios_gates_GateMutexPri_Object__PARAMS__C)
                  0033aca8    00000018     ipu_pem4.oem4 (.const:ti_sysbios_gates_GateMutex_Object__PARAMS__C)
                  0033acc0    00000018     ipu_pem4.oem4 (.const:ti_sysbios_knl_Queue_Object__PARAMS__C)
                  0033acd8    00000018     ipu_pem4.oem4 (.const:ti_sysbios_knl_Swi_hooks__A)
                  0033acf0    00000018     ipu_pem4.oem4 (.const:ti_sysbios_xdcruntime_GateThreadSupport_Object__PARAMS__C)
                  0033ad08    00000018     ipu_pem4.oem4 (.const:xdc_runtime_LoggerSys_Object__PARAMS__C)
                  0033ad20    00000018     ipu_pem4.oem4 (.const:xdc_runtime_knl_GateThread_Object__PARAMS__C)
                  0033ad38    00000014     ipu_pem4.oem4 (.const:ti_sdo_utils_MultiProc_nameList__A)
                  0033ad4c    00000012     ti.trace_smp.aem4 : SysMin.oem4 (.const:.string:$P$T0$5)
                  0033ad5e    00000002     ipu_pem4.oem4 (.const:ti_sdo_utils_MultiProc_numProcessors__C)
                  0033ad60    00000012     ti.grcm.aem4 : RcmServer.oem4 (.const:.string)
                  0033ad72    00000002     ipu_pem4.oem4 (.const:ti_sdo_utils_MultiProc_numProcsInCluster__C)
                  0033ad74    00000010     ipu.aem4 : iresman_tiledmemory.oem4 (.const:$P$T0$1)
                  0033ad84    00000010              : iresman_tiledmemory.oem4 (.const:$P$T1$2)
                  0033ad94    00000010     ipu_pem4.oem4 (.const:xdc_runtime_Startup_firstFxns__A)
                  0033ada4    0000000a     ce.aem4 : Engine.oem4 (.const:.string)
                  0033adae    00000002     ipu_pem4.oem4 (.const:ti_sysbios_BIOS_smpEnabled__C)
                  0033adb0    0000000a     ipc_bios_nomsg.aem4 : Processor_noOS.oem4 (.const:.string)
                  0033adba    00000002     ipu_pem4.oem4 (.const:ti_sysbios_BIOS_swiEnabled__C)
                  0033adbc    00000008     ipu_pem4.oem4 (.const:ti_sysbios_family_arm_ducati_smp_Power_preSuspendHooks__C)
                  0033adc4    00000008     ipu_pem4.oem4 (.const:ti_sysbios_knl_Idle_coreList__C)
                  0033adcc    00000008     ipu_pem4.oem4 (.const:ti_sysbios_knl_Idle_funcList__C)
                  0033add4    00000008     ipu_pem4.oem4 (.const:ti_sysbios_knl_Swi_hooks__C)
                  0033addc    00000008     ipu_pem4.oem4 (.const:ti_sysbios_knl_Task_hooks__C)
                  0033ade4    00000008     ipu_pem4.oem4 (.const:xdc_runtime_Startup_firstFxns__C)
                  0033adec    00000008     ipu_pem4.oem4 (.const:xdc_runtime_Startup_lastFxns__C)
                  0033adf4    00000006     dskt2.aem4 : dskt2_scratch.oem4 (.const)
                  0033adfa    00000002     ipu_pem4.oem4 (.const:ti_sysbios_BIOS_taskEnabled__C)
                  0033adfc    00000004     ipu_pem4.oem4 (.const:ti_deh_Watchdog_Module__diagsEnabled__C)
                  0033ae00    00000004     ipu_pem4.oem4 (.const:ti_deh_Watchdog_Module__diagsIncluded__C)
                  0033ae04    00000004     ipu_pem4.oem4 (.const:ti_deh_Watchdog_Module__diagsMask__C)
                  0033ae08    00000004     ipu_pem4.oem4 (.const:ti_sdo_ce_utils_syscbuf_SysCBuf_bufSize__C)
                  0033ae0c    00000004     ipu_pem4.oem4 (.const:ti_sdo_ipc_family_vayu_InterruptIpu_Module__diagsEnabled__C)
                  0033ae10    00000004     ipu_pem4.oem4 (.const:ti_sdo_ipc_family_vayu_InterruptIpu_Module__diagsIncluded__C)
                  0033ae14    00000004     ipu_pem4.oem4 (.const:ti_sdo_ipc_family_vayu_InterruptIpu_Module__diagsMask__C)
                  0033ae18    00000004     ipu_pem4.oem4 (.const:ti_sdo_ipc_family_vayu_InterruptIpu_ducatiCtrlBaseAddr__C)
                  0033ae1c    00000004     ipu_pem4.oem4 (.const:ti_sdo_ipc_family_vayu_InterruptIpu_ipu1_0ProcId__C)
                  0033ae20    00000004     ipu_pem4.oem4 (.const:ti_sdo_ipc_family_vayu_InterruptIpu_ipu1_1ProcId__C)
                  0033ae24    00000004     ipu_pem4.oem4 (.const:ti_sdo_ipc_family_vayu_InterruptIpu_ipu2_0ProcId__C)
                  0033ae28    00000004     ipu_pem4.oem4 (.const:ti_sdo_ipc_family_vayu_InterruptIpu_ipu2_1ProcId__C)
                  0033ae2c    00000004     ipu_pem4.oem4 (.const:ti_sdo_utils_MultiProc_A_invalidMultiProcId__C)
                  0033ae30    00000004     ipu_pem4.oem4 (.const:ti_sdo_utils_MultiProc_A_invalidProcName__C)
                  0033ae34    00000004     ipu_pem4.oem4 (.const:ti_sdo_utils_MultiProc_Module__diagsEnabled__C)
                  0033ae38    00000004     ipu_pem4.oem4 (.const:ti_sdo_utils_MultiProc_Module__diagsIncluded__C)
                  0033ae3c    00000004     ipu_pem4.oem4 (.const:ti_sdo_utils_MultiProc_Module__diagsMask__C)
                  0033ae40    00000004     ipu_pem4.oem4 (.const:ti_sdo_utils_MultiProc_nameList__C)
                  0033ae44    00000004     ipu_pem4.oem4 (.const:ti_sysbios_family_arm_ducati_Core_core1HwiStackSize__C)
                  0033ae48    00000004     ipu_pem4.oem4 (.const:ti_sysbios_family_arm_ducati_Core_gate__C)
                  0033ae4c    00000004     ipu_pem4.oem4 (.const:ti_sysbios_family_arm_ducati_Core_ipuId__C)
                  0033ae50    00000004     ipu_pem4.oem4 (.const:ti_sysbios_family_arm_ducati_smp_Power_gate__C)
                  0033ae54    00000004     ipu_pem4.oem4 (.const:ti_sysbios_family_arm_ducati_smp_Power_postSuspendHooks__A)
                  0033ae58    00000004     ipu_pem4.oem4 (.const:ti_sysbios_family_arm_ducati_smp_Power_preSuspendHooks__A)
                  0033ae5c    00000004     ipu_pem4.oem4 (.const:ti_sysbios_family_arm_ducati_smp_Power_sdmaRegs__C)
                  0033ae60    00000004     ipu_pem4.oem4 (.const:ti_sysbios_family_arm_ducati_smp_Power_semCore0__C)
                  0033ae64    00000004     ipu_pem4.oem4 (.const:ti_sysbios_family_arm_ducati_smp_Power_semCore1__C)
                  0033ae68    00000004     ipu_pem4.oem4 (.const:ti_sysbios_family_arm_m3_Hwi_E_NMI__C)
                  0033ae6c    00000004     ipu_pem4.oem4 (.const:ti_sysbios_family_arm_m3_Hwi_E_alreadyDefined__C)
                  0033ae70    00000004     ipu_pem4.oem4 (.const:ti_sysbios_family_arm_m3_Hwi_E_busFault__C)
                  0033ae74    00000004     ipu_pem4.oem4 (.const:ti_sysbios_family_arm_m3_Hwi_E_debugMon__C)
                  0033ae78    00000004     ipu_pem4.oem4 (.const:ti_sysbios_family_arm_m3_Hwi_E_hardFault__C)
                  0033ae7c    00000004     ipu_pem4.oem4 (.const:ti_sysbios_family_arm_m3_Hwi_E_memFault__C)
                  0033ae80    00000004     ipu_pem4.oem4 (.const:ti_sysbios_family_arm_m3_Hwi_E_noIsr__C)
                  0033ae84    00000004     ipu_pem4.oem4 (.const:ti_sysbios_family_arm_m3_Hwi_E_reserved__C)
                  0033ae88    00000004     ipu_pem4.oem4 (.const:ti_sysbios_family_arm_m3_Hwi_E_svCall__C)
                  0033ae8c    00000004     ipu_pem4.oem4 (.const:ti_sysbios_family_arm_m3_Hwi_E_usageFault__C)
                  0033ae90    00000004     ipu_pem4.oem4 (.const:ti_sysbios_family_arm_m3_Hwi_NUM_INTERRUPTS__C)
                  0033ae94    00000004     ipu_pem4.oem4 (.const:ti_sysbios_family_arm_m3_Hwi_Object__count__C)
                  0033ae98    00000004     ipu_pem4.oem4 (.const:ti_sysbios_family_arm_m3_Hwi_ccr__C)
                  0033ae9c    00000004     ipu_pem4.oem4 (.const:ti_sysbios_family_arm_m3_Hwi_disablePriority__C)
                  0033aea0    00000004     ipu_pem4.oem4 (.const:ti_sysbios_family_arm_m3_Hwi_excHandlerFunc__C)
                  0033aea4    00000004     ipu_pem4.oem4 (.const:ti_sysbios_family_arm_m3_Hwi_nullIsrFunc__C)
                  0033aea8    00000004     ipu_pem4.oem4 (.const:ti_sysbios_family_arm_m3_Hwi_priGroup__C)
                  0033aeac    00000004     ipu_pem4.oem4 (.const:ti_sysbios_family_arm_m3_TaskSupport_stackAlignment__C)
                  0033aeb0    00000004     ipu_pem4.oem4 (.const:ti_sysbios_family_shared_vayu_IntXbar_mmrBaseAddr__C)
                  0033aeb4    00000004     ipu_pem4.oem4 (.const:ti_sysbios_gates_GateMutexPri_Instance_State_pendQ__O)
                  0033aeb8    00000004     ipu_pem4.oem4 (.const:ti_sysbios_gates_GateMutex_Instance_State_sem__O)
                  0033aebc    00000004     ipu_pem4.oem4 (.const:ti_sysbios_hal_Hwi_E_stackOverflow__C)
                  0033aec0    00000004     ipu_pem4.oem4 (.const:ti_sysbios_hal_SecondsClock_Module_State_clock__O)
                  0033aec4    00000004     ipu_pem4.oem4 (.const:ti_sysbios_hal_unicache_Cache_Module__gateObj__C)
                  0033aec8    00000004     ipu_pem4.oem4 (.const:ti_sysbios_hal_unicache_Cache_l1ocpConfig__C)
                  0033aecc    00000004     ipu_pem4.oem4 (.const:ti_sysbios_hal_unicache_Cache_l1secConfig__C)
                  0033aed0    00000004     ipu_pem4.oem4 (.const:ti_sysbios_hal_unicache_Cache_l2ocpConfig__C)
                  0033aed4    00000004     ipu_pem4.oem4 (.const:ti_sysbios_hal_unicache_Cache_l2secConfig__C)
                  0033aed8    00000004     ipu_pem4.oem4 (.const:ti_sysbios_hal_unicache_Cache_maxLineModeBufSize__C)
                  0033aedc    00000004     ipu_pem4.oem4 (.const:ti_sysbios_heaps_HeapBuf_E_size__C)
                  0033aee0    00000004     ipu_pem4.oem4 (.const:ti_sysbios_heaps_HeapBuf_Instance_State_freeList__O)
                  0033aee4    00000004     ipu_pem4.oem4 (.const:ti_sysbios_heaps_HeapBuf_Object__count__C)
                  0033aee8    00000004     ipu_pem4.oem4 (.const:ti_sysbios_heaps_HeapBuf_numConstructedHeaps__C)
                  0033aeec    00000004     ipu_pem4.oem4 (.const:ti_sysbios_heaps_HeapMem_E_memory__C)
                  0033aef0    00000004     ipu_pem4.oem4 (.const:ti_sysbios_heaps_HeapMem_Module__gateObj__C)
                  0033aef4    00000004     ipu_pem4.oem4 (.const:ti_sysbios_heaps_HeapMem_Object__count__C)
                  0033aef8    00000004     ipu_pem4.oem4 (.const:ti_sysbios_heaps_HeapMem_reqAlign__C)
                  0033aefc    00000004     ipu_pem4.oem4 (.const:ti_sysbios_knl_Clock_Module_State_clockQ__O)
                  0033af00    00000004     ipu_pem4.oem4 (.const:ti_sysbios_knl_Clock_doTickFunc__C)
                  0033af04    00000004     ipu_pem4.oem4 (.const:ti_sysbios_knl_Clock_tickPeriod__C)
                  0033af08    00000004     ipu_pem4.oem4 (.const:ti_sysbios_knl_Mailbox_Instance_State_freeQue__O)
                  0033af0c    00000004     ipu_pem4.oem4 (.const:ti_sysbios_knl_Mailbox_Object__count__C)
                  0033af10    00000004     ipu_pem4.oem4 (.const:ti_sysbios_knl_Mailbox_maxTypeAlign__C)
                  0033af14    00000004     ipu_pem4.oem4 (.const:ti_sysbios_knl_Semaphore_Instance_State_pendQ__O)
                  0033af18    00000004     ipu_pem4.oem4 (.const:ti_sysbios_knl_Swi_Object__count__C)
                  0033af1c    00000004     ipu_pem4.oem4 (.const:ti_sysbios_knl_Swi_Object__heap__C)
                  0033af20    00000004     ipu_pem4.oem4 (.const:ti_sysbios_knl_Swi_numConstructedSwis__C)
                  0033af24    00000004     ipu_pem4.oem4 (.const:ti_sysbios_knl_Swi_numPriorities__C)
                  0033af28    00000004     ipu_pem4.oem4 (.const:ti_sysbios_knl_Task_E_spOutOfBounds__C)
                  0033af2c    00000004     ipu_pem4.oem4 (.const:ti_sysbios_knl_Task_E_stackOverflow__C)
                  0033af30    00000004     ipu_pem4.oem4 (.const:ti_sysbios_knl_Task_Module_State_inactiveQ__O)
                  0033af34    00000004     ipu_pem4.oem4 (.const:ti_sysbios_knl_Task_Object__count__C)
                  0033af38    00000004     ipu_pem4.oem4 (.const:ti_sysbios_knl_Task_Object__heap__C)
                  0033af3c    00000004     ipu_pem4.oem4 (.const:ti_sysbios_knl_Task_allBlockedFunc__C)
                  0033af40    00000004     ipu_pem4.oem4 (.const:ti_sysbios_knl_Task_defaultStackHeap__C)
                  0033af44    00000004     ipu_pem4.oem4 (.const:ti_sysbios_knl_Task_defaultStackSize__C)
                  0033af48    00000004     ipu_pem4.oem4 (.const:ti_sysbios_knl_Task_numConstructedTasks__C)
                  0033af4c    00000004     ipu_pem4.oem4 (.const:ti_sysbios_knl_Task_startupHookFunc__C)
                  0033af50    00000004     ipu_pem4.oem4 (.const:ti_sysbios_timers_dmtimer_Timer_E_cannotSupport__C)
                  0033af54    00000004     ipu_pem4.oem4 (.const:ti_sysbios_timers_dmtimer_Timer_E_freqMismatch__C)
                  0033af58    00000004     ipu_pem4.oem4 (.const:ti_sysbios_timers_dmtimer_Timer_Object__count__C)
                  0033af5c    00000004     ipu_pem4.oem4 (.const:ti_sysbios_timers_dmtimer_Timer_numTimerDevices__C)
                  0033af60    00000004     ipu_pem4.oem4 (.const:ti_sysbios_utils_Load_Module_State_taskList__O)
                  0033af64    00000004     ipu_pem4.oem4 (.const:ti_sysbios_utils_Load_Module__diagsEnabled__C)
                  0033af68    00000004     ipu_pem4.oem4 (.const:ti_sysbios_utils_Load_Module__diagsIncluded__C)
                  0033af6c    00000004     ipu_pem4.oem4 (.const:ti_sysbios_utils_Load_Module__diagsMask__C)
                  0033af70    00000004     ipu_pem4.oem4 (.const:ti_sysbios_utils_Load_postUpdate__C)
                  0033af74    00000004     ipu_pem4.oem4 (.const:ti_sysbios_utils_Load_windowInMs__C)
                  0033af78    00000004     ipu_pem4.oem4 (.const:ti_sysbios_xdcruntime_GateProcessSupport_Instance_State_gate__O)
                  0033af7c    00000004     ipu_pem4.oem4 (.const:ti_sysbios_xdcruntime_GateThreadSupport_Instance_State_gate__O)
                  0033af80    00000004     ipu_pem4.oem4 (.const:ti_sysbios_xdcruntime_SemThreadSupport_Instance_State_sem__O)
                  0033af84    00000004     ipu_pem4.oem4 (.const:ti_sysbios_xdcruntime_ThreadSupport_E_priority__C)
                  0033af88    00000004     ipu_pem4.oem4 (.const:ti_sysbios_xdcruntime_ThreadSupport_Instance_State_join_sem__O)
                  0033af8c    00000004     ipu_pem4.oem4 (.const:ti_sysbios_xdcruntime_ThreadSupport_aboveNormalPriority__C)
                  0033af90    00000004     ipu_pem4.oem4 (.const:ti_sysbios_xdcruntime_ThreadSupport_belowNormalPriority__C)
                  0033af94    00000004     ipu_pem4.oem4 (.const:ti_sysbios_xdcruntime_ThreadSupport_highestPriority__C)
                  0033af98    00000004     ipu_pem4.oem4 (.const:ti_sysbios_xdcruntime_ThreadSupport_lowestPriority__C)
                  0033af9c    00000004     ipu_pem4.oem4 (.const:ti_sysbios_xdcruntime_ThreadSupport_normalPriority__C)
                  0033afa0    00000004     ipu_pem4.oem4 (.const:ti_trace_SysMin_bufSize__C)
                  0033afa4    00000004     ipu_pem4.oem4 (.const:xdc_runtime_Assert_E_assertFailed__C)
                  0033afa8    00000004     ipu_pem4.oem4 (.const:xdc_runtime_Core_A_initializedParams__C)
                  0033afac    00000004     ipu_pem4.oem4 (.const:xdc_runtime_Core_Module__diagsEnabled__C)
                  0033afb0    00000004     ipu_pem4.oem4 (.const:xdc_runtime_Core_Module__diagsIncluded__C)
                  0033afb4    00000004     ipu_pem4.oem4 (.const:xdc_runtime_Core_Module__diagsMask__C)
                  0033afb8    00000004     ipu_pem4.oem4 (.const:xdc_runtime_Diags_dictBase__C)
                  0033afbc    00000004     ipu_pem4.oem4 (.const:xdc_runtime_Error_E_generic__C)
                  0033afc0    00000004     ipu_pem4.oem4 (.const:xdc_runtime_Error_E_memory__C)
                  0033afc4    00000004     ipu_pem4.oem4 (.const:xdc_runtime_Error_Module__diagsEnabled__C)
                  0033afc8    00000004     ipu_pem4.oem4 (.const:xdc_runtime_Error_Module__diagsIncluded__C)
                  0033afcc    00000004     ipu_pem4.oem4 (.const:xdc_runtime_Error_Module__diagsMask__C)
                  0033afd0    00000004     ipu_pem4.oem4 (.const:xdc_runtime_Error_Module__loggerFxn8__C)
                  0033afd4    00000004     ipu_pem4.oem4 (.const:xdc_runtime_Error_Module__loggerObj__C)
                  0033afd8    00000004     ipu_pem4.oem4 (.const:xdc_runtime_Error_policyFxn__C)
                  0033afdc    00000004     ipu_pem4.oem4 (.const:xdc_runtime_Error_raiseHook__C)
                  0033afe0    00000004     ipu_pem4.oem4 (.const:xdc_runtime_IGateProvider_Interface__BASE__C)
                  0033afe4    00000004     ipu_pem4.oem4 (.const:xdc_runtime_IHeap_Interface__BASE__C)
                  0033afe8    00000004     ipu_pem4.oem4 (.const:xdc_runtime_ILogger_Interface__BASE__C)
                  0033afec    00000004     ipu_pem4.oem4 (.const:xdc_runtime_IModule_Interface__BASE__C)
                  0033aff0    00000004     ipu_pem4.oem4 (.const:xdc_runtime_Log_L_error__C)
                  0033aff4    00000004     ipu_pem4.oem4 (.const:xdc_runtime_Log_L_warning__C)
                  0033aff8    00000004     ipu_pem4.oem4 (.const:xdc_runtime_Main_Module__diagsEnabled__C)
                  0033affc    00000004     ipu_pem4.oem4 (.const:xdc_runtime_Main_Module__diagsIncluded__C)
                  0033b000    00000004     ipu_pem4.oem4 (.const:xdc_runtime_Main_Module__diagsMask__C)
                  0033b004    00000004     ipu_pem4.oem4 (.const:xdc_runtime_Main_Module__loggerFxn1__C)
                  0033b008    00000004     ipu_pem4.oem4 (.const:xdc_runtime_Main_Module__loggerFxn2__C)
                  0033b00c    00000004     ipu_pem4.oem4 (.const:xdc_runtime_Main_Module__loggerObj__C)
                  0033b010    00000004     ipu_pem4.oem4 (.const:xdc_runtime_Memory_defaultHeapInstance__C)
                  0033b014    00000004     ipu_pem4.oem4 (.const:xdc_runtime_Registry_Module__diagsEnabled__C)
                  0033b018    00000004     ipu_pem4.oem4 (.const:xdc_runtime_Registry_Module__diagsIncluded__C)
                  0033b01c    00000004     ipu_pem4.oem4 (.const:xdc_runtime_Registry_Module__diagsMask__C)
                  0033b020    00000004     ipu_pem4.oem4 (.const:xdc_runtime_Registry_Module__loggerFxn1__C)
                  0033b024    00000004     ipu_pem4.oem4 (.const:xdc_runtime_Registry_Module__loggerFxn2__C)
                  0033b028    00000004     ipu_pem4.oem4 (.const:xdc_runtime_Registry_Module__loggerFxn4__C)
                  0033b02c    00000004     ipu_pem4.oem4 (.const:xdc_runtime_Registry_Module__loggerFxn8__C)
                  0033b030    00000004     ipu_pem4.oem4 (.const:xdc_runtime_Registry_Module__loggerObj__C)
                  0033b034    00000004     ipu_pem4.oem4 (.const:xdc_runtime_Startup_execImpl__C)
                  0033b038    00000004     ipu_pem4.oem4 (.const:xdc_runtime_Startup_maxPasses__C)
                  0033b03c    00000004     ipu_pem4.oem4 (.const:xdc_runtime_Startup_sfxnRts__C)
                  0033b040    00000004     ipu_pem4.oem4 (.const:xdc_runtime_Startup_sfxnTab__C)
                  0033b044    00000004     ipu_pem4.oem4 (.const:xdc_runtime_System_Module__gateObj__C)
                  0033b048    00000004     ipu_pem4.oem4 (.const:xdc_runtime_System_abortFxn__C)
                  0033b04c    00000004     ipu_pem4.oem4 (.const:xdc_runtime_System_exitFxn__C)
                  0033b050    00000004     ipu_pem4.oem4 (.const:xdc_runtime_System_extendFxn__C)
                  0033b054    00000004     ipu_pem4.oem4 (.const:xdc_runtime_System_maxAtexitHandlers__C)
                  0033b058    00000004     ipu_pem4.oem4 (.const:xdc_runtime_Text_charTab__C)
                  0033b05c    00000004     ipu_pem4.oem4 (.const:xdc_runtime_Text_nameEmpty__C)
                  0033b060    00000004     ipu_pem4.oem4 (.const:xdc_runtime_Text_nameStatic__C)
                  0033b064    00000004     ipu_pem4.oem4 (.const:xdc_runtime_Text_nameUnknown__C)
                  0033b068    00000004     ipu_pem4.oem4 (.const:xdc_runtime_Text_nodeTab__C)
                  0033b06c    00000004     ipu_pem4.oem4 (.const:xdc_runtime_Text_visitRopeFxn__C)
                  0033b070    00000004     ipu_pem4.oem4 (.const:xdc_runtime_knl_GateProcess_A_invalidKey__C)
                  0033b074    00000004     ipu_pem4.oem4 (.const:xdc_runtime_knl_GateProcess_Module__diagsEnabled__C)
                  0033b078    00000004     ipu_pem4.oem4 (.const:xdc_runtime_knl_GateProcess_Module__diagsIncluded__C)
                  0033b07c    00000004     ipu_pem4.oem4 (.const:xdc_runtime_knl_GateProcess_Module__diagsMask__C)
                  0033b080    00000004     ipu_pem4.oem4 (.const:xdc_runtime_knl_ISemaphore_Interface__BASE__C)
                  0033b084    00000004     ipu_pem4.oem4 (.const:xdc_runtime_knl_Thread_defaultStackSize__C)
                  0033b088    00000002     ipu_pem4.oem4 (.const:ti_sysbios_family_arm_ducati_Core_syncExits__C)
                  0033b08a    00000002     ipu_pem4.oem4 (.const:ti_sysbios_family_arm_ducati_smp_Power_enable__C)
                  0033b08c    00000002     ipu_pem4.oem4 (.const:ti_sysbios_family_arm_m3_Hwi_Module__id__C)
                  0033b08e    00000002     ipu_pem4.oem4 (.const:ti_sysbios_hal_Hwi_Module__id__C)
                  0033b090    00000002     ipu_pem4.oem4 (.const:ti_sysbios_hal_ammu_AMMU_configureAmmu__C)
                  0033b092    00000002     ipu_pem4.oem4 (.const:ti_sysbios_hal_unicache_Cache_configureCache__C)
                  0033b094    00000002     ipu_pem4.oem4 (.const:ti_sysbios_hal_unicache_Cache_enableCache__C)
                  0033b096    00000002     ipu_pem4.oem4 (.const:ti_sysbios_hal_unicache_Cache_l2CacheSupported__C)
                  0033b098    00000002     ipu_pem4.oem4 (.const:ti_sysbios_heaps_HeapBuf_Module__id__C)
                  0033b09a    00000002     ipu_pem4.oem4 (.const:ti_sysbios_heaps_HeapBuf_trackMaxAllocs__C)
                  0033b09c    00000002     ipu_pem4.oem4 (.const:ti_sysbios_heaps_HeapMem_Module__id__C)
                  0033b09e    00000002     ipu_pem4.oem4 (.const:ti_sysbios_knl_Task_Module__id__C)
                  0033b0a0    00000002     ipu_pem4.oem4 (.const:ti_sysbios_timers_dmtimer_Timer_Module__id__C)
                  0033b0a2    00000002     ipu_pem4.oem4 (.const:ti_sysbios_timers_dmtimer_Timer_checkFrequency__C)
                  0033b0a4    00000002     ipu_pem4.oem4 (.const:ti_sysbios_timers_dmtimer_Timer_startupNeeded__C)
                  0033b0a6    00000002     ipu_pem4.oem4 (.const:ti_sysbios_utils_Load_autoAddTasks__C)
                  0033b0a8    00000002     ipu_pem4.oem4 (.const:ti_sysbios_utils_Load_hwiEnabled__C)
                  0033b0aa    00000002     ipu_pem4.oem4 (.const:ti_sysbios_utils_Load_swiEnabled__C)
                  0033b0ac    00000002     ipu_pem4.oem4 (.const:ti_sysbios_utils_Load_taskEnabled__C)
                  0033b0ae    00000002     ipu_pem4.oem4 (.const:ti_sysbios_utils_Load_updateInIdle__C)
                  0033b0b0    00000002     ipu_pem4.oem4 (.const:ti_sysbios_xdcruntime_ThreadSupport_Module__id__C)
                  0033b0b2    00000002     ipu_pem4.oem4 (.const:xdc_runtime_Core_Module__id__C)
                  0033b0b4    00000002     ipu_pem4.oem4 (.const:xdc_runtime_Diags_setMaskEnabled__C)
                  0033b0b6    00000002     ipu_pem4.oem4 (.const:xdc_runtime_Error_Module__loggerDefined__C)
                  0033b0b8    00000002     ipu_pem4.oem4 (.const:xdc_runtime_Error_maxDepth__C)
                  0033b0ba    00000002     ipu_pem4.oem4 (.const:xdc_runtime_Main_Module__id__C)
                  0033b0bc    00000002     ipu_pem4.oem4 (.const:xdc_runtime_Main_Module__loggerDefined__C)
                  0033b0be    00000002     ipu_pem4.oem4 (.const:xdc_runtime_Memory_Module__id__C)
                  0033b0c0    00000002     ipu_pem4.oem4 (.const:xdc_runtime_Registry_Module__loggerDefined__C)
                  0033b0c2    00000002     ipu_pem4.oem4 (.const:xdc_runtime_Text_charCnt__C)
                  0033b0c4    00000002     ipu_pem4.oem4 (.const:xdc_runtime_Text_isLoaded__C)
                  0033b0c6    00000002     ipu_pem4.oem4 (.const:xdc_runtime_Text_registryModsLastId__C)
                  0033b0c8    00000002     ipu_pem4.oem4 (.const:xdc_runtime_Text_unnamedModsLastId__C)
                  0033b0ca    00000002     ipu_pem4.oem4 (.const:xdc_runtime_knl_GateProcess_Module__id__C)

.const:ti_sysbios_hal_ammu_AMMU_numLargePages__C 
*          0    0033b0cc    00000004     
                  0033b0cc    00000004     ipu_pem4.oem4 (.const:ti_sysbios_hal_ammu_AMMU_numLargePages__C)

.const:ti_sysbios_hal_ammu_AMMU_numLinePages__C 
*          0    003882fc    00000004     
                  003882fc    00000004     ipu_pem4.oem4 (.const:ti_sysbios_hal_ammu_AMMU_numLinePages__C)

.const:ti_sysbios_hal_ammu_AMMU_numMediumPages__C 
*          0    0038839c    00000004     
                  0038839c    00000004     ipu_pem4.oem4 (.const:ti_sysbios_hal_ammu_AMMU_numMediumPages__C)

.const:ti_sysbios_hal_ammu_AMMU_numSmallPages__C 
*          0    003883d4    00000004     
                  003883d4    00000004     ipu_pem4.oem4 (.const:ti_sysbios_hal_ammu_AMMU_numSmallPages__C)

.const:ti_sysbios_hal_ammu_AMMU_mmuInitConfig__C 
*          0    0038af34    000004b8     
                  0038af34    000004b8     ipu_pem4.oem4 (.const:ti_sysbios_hal_ammu_AMMU_mmuInitConfig__C)

.tracebuf 
*          0    9f000000    00008000     UNINITIALIZED
                  9f000000    00008000     ipu_pem4.oem4 (.tracebuf)

.errorbuf 
*          0    9f060000    00000200     UNINITIALIZED
                  9f060000    00000200     ipu_pem4.oem4 (.errorbuf)

.ipummversion 
*          0    00000000    00000080     COPY SECTION
                  00000000    00000080     main.oem4 (.ipummversion)

.systemHeap 
*          0    80200000    02800000     UNINITIALIZED
                  80200000    02800000     ipu_pem4.oem4 (.systemHeap)

.ti_sysbios_family_arm_ducati_smp_Power 
*          0    9f070000    0001027c     UNINITIALIZED
                  9f070000    0001027c     sysbios.aem4 : BIOS.obj (.ti_sysbios_family_arm_ducati_smp_Power)

xdc.meta   0    00004000    00000167     COPY SECTION
                  00004000    00000167     ipu_pem4.oem4 (xdc.meta)

.text.1    0    0033b0d0    0004d22c     
                  0033b0d0    00003114     mpeg2vdec_ti_host.lib : mpeg2vdec_ti_host.o (.text)
                  0033e1e4    00003080     jpegvdec_ti_host.lib : jpegvdec_ti_host.o (.text)
                  00341264    00002a90     jpegenc_ti_host.lib : jpegenc_ti_host.o (.text)
                  00343cf4    000011ca     h264enc_ti_host.lib : h264enc_ti_process.obj (.text:H264ENC_TI_encodemulti)
                  00344ebe    00000002     fcsettings.aem4 : FCSettings.oem4 (.text:FCSettings_exit)
                  00344ec0    00001194     vc1vdec_ti_host_M3.lib : vc1vdec_ti_data_transfer.obj (.text:VC1VDEC_TI_Boot)
                  00346054    00001130     hdvicp2.aem4 : iresman_hdvicp2.oem4 (.text:IRESMAN_HDVICP2_getHandles)
                  00347184    00001122     rtsv7M4_T_le_eabi.lib : _printfi.obj (.text)
                  003482a6    00000002     fcutils.aem4 : fcutils.oem4 (.text:FC_resume)
                  003482a8    000010a0     dskt2.aem4 : dskt2_scratch.oem4 (.text:_DSKT2_assignInstanceMemory)
                  00349348    00001078     ce.aem4 : Engine.oem4 (.text:Engine_initFromServer)
                  0034a3c0    00000eec     dskt2.aem4 : dskt2crea.oem4 (.text:DSKT2_createAlg3)
                  0034b2ac    00000d1c     mpeg4venc_ti_host.lib : mpeg4enc_ti_process.obj (.text:MPEG4ENC_TI_encode)
                  0034bfc8    00000cb0     vc1vdec_ti_host_M3.lib : vc1vdec_ti_ialg.obj (.text:VC1VDEC_TI_decode)
                  0034cc78    00000c4a     mpeg4vdec_ti_host.lib : mpeg4vdec_ti_decode.obj (.text:MPEG4VDEC_TI_Decode)
                  0034d8c2    00000002     h264vdec_ti.lib : h264vdec_ti_ialg.obj (.text:H264VDEC_TI_Activate)
                  0034d8c4    00000bb4     ti.grcm.aem4 : RcmServer.oem4 (.text:RcmServer_Instance_init_P)
                  0034e478    00000b4c     rman.aem4 : rman.oem4 (.text:RMAN_assignResources)
                  0034efc4    00000a48     h264vdec_ti.lib : h264vdec_ti_decode.obj (.text:H264VDEC_TI_decodeStart)
                  0034fa0c    000009f4     h264enc_ti_host.lib : h264enc_ti_ialg_support.obj (.text:H264ENC_TI_ValidateCreateParams)
                  00350400    000009c0     ce.aem4 : visa.oem4 (.text:VISA_create2)
                  00350dc0    00000960     hdvicp2.aem4 : iresman_hdvicp2.oem4 (.text:_acquireAny)
                  00351720    00000946     h264vdec_ti.lib : h264vdec_ti_decode.obj (.text:H264VDEC_TI_multiChannelDecode)
                  00352066    000008e4     mpeg4vdec_ti_host.lib : mpeg4vdec_ti_decsupport.obj (.text:MPEG4VDEC_TI_DisplayPic)
                  0035294a    00000002     h264vdec_ti.lib : h264vdec_ti_ialg.obj (.text:H264VDEC_TI_Deactivate)
                  0035294c    00000830     hdvicp2.aem4 : iresman_hdvicp2.oem4 (.text:IRESMAN_HDVICP2_JITacquire)
                  0035317c    000007f0     ce.aem4 : Engine.oem4 (.text:Engine_createNode2)
                  0035396c    000007b8     ti.grcm.aem4 : RcmServer.oem4 (.text:RcmServer_Instance_finalize_P)
                  00354124    0000079c     hdvicp2.aem4 : iresman_hdvicp2.oem4 (.text:_acquireAnyPlugin)
                  003548c0    0000077c     rman.aem4 : rman.oem4 (.text:RMAN_register)
                  0035503c    00000744               : rman.oem4 (.text:RMAN_freeResources)
                  00355780    00000732     h264enc_ti_host.lib : h264enc_ti_ialgIvahd.obj (.text:H264ENC_TI_control)
                  00355eb2    00000006                         : h264enc_ti_dataSynch.obj (.text:H264ENC_TI_getDataSyncSizeRequirement)
                  00355eb8    00000724     sysbios.aem4 : BIOS.obj (.text:ti_sysbios_family_arm_ducati_smp_Power_doSuspend__I)
                  003565dc    000006f8     dskt2.aem4 : dskt2_scratch.oem4 (.text:_DSKT2_initializeAndUseSharedScratch)
                  00356cd4    000006b0     hdvicp2.aem4 : iresman_hdvicp2.oem4 (.text:_acquireSpecificPlugin)
                  00357384    00000696     h264vdec_ti.lib : h264vdec_ti_control.obj (.text:H264VDEC_TI_control)
                  00357a1a    00000002     mpeg4venc_ti_host.lib : mpeg4enc_ti_ialg.obj (.text:MPEG4ENC_TI_Activate)
                  00357a1c    0000067c     rman.aem4 : rman.oem4 (.text:RMAN_init)
                  00358098    00000670     ti.grcm.aem4 : RcmServer.oem4 (.text:RcmServer_process_P)
                  00358708    0000063c     ti.deh_vayu_smp.aem4 : Deh.oem4 (.text:ti_deh_Deh_excHandler__F)
                  00358d44    0000062e     h264vdec_ti.lib : h264vdec_ti_datatransfer.obj (.text:H264VDEC_TI_BootLoadIVAHD)
                  00359372    00000002     mpeg4venc_ti_host.lib : mpeg4enc_ti_ialg.obj (.text:MPEG4ENC_TI_Deactivate)
                  00359374    000005ec     hdvicp2.aem4 : iresman_hdvicp2.oem4 (.text:IRESMAN_HDVICP2_init)
                  00359960    000005e0                  : iresman_hdvicp2.oem4 (.text:_acquireSpecific)
                  00359f40    000005d8     h264enc_ti_host.lib : h264enc_ti_ialg_support.obj (.text:H264ENC_TI_CpyDynamicParamstoHandle)
                  0035a518    000005d8     ce.aem4 : Engine.oem4 (.text:rmsInit)
                  0035aaf0    000005b8     mpeg4venc_ti_host.lib : mpeg4enc_ti_ialg.obj (.text:MPEG4ENC_TI_control)
                  0035b0a8    000005b4     ti.grcm.aem4 : RcmServer.oem4 (.text:RcmServer_serverThrFxn_P)
                  0035b65c    000005a8     rman.aem4 : rman.oem4 (.text:RMAN_unregister)
                  0035bc04    0000059a     vc1vdec_ti_host_M3.lib : vc1vdec_ti_ialg.obj (.text:VC1VDEC_TI_control)
                  0035c19e    00000002     mpeg4vdec_ti_host.lib : mpeg4vdec_ti_ialg.obj (.text:MPEG4VDEC_TI_Activate)
                  0035c1a0    00000574     h264enc_ti_host.lib : h264enc_ti_ialgIvahd.obj (.text:H264ENC_TI_init)
                  0035c714    00000004     ipc_bios_nomsg.aem4 : Comm_BIOS.oem4 (.text:Comm_init)
                  0035c718    00000574     ipc.aem4 : Ipc.obj (.text:RPMessage_send)
                  0035cc8c    0000055c     ti.grcm.aem4 : RcmServer.oem4 (.text:RcmServer_workerThrFxn_P)
                  0035d1e8    0000054c     h264enc_ti_host.lib : h264enc_ti_ialg_support.obj (.text:H264ENC_TI_ValidateEncodeParams)
                  0035d734    00000548     hdvicp2.aem4 : iresman_hdvicp2.oem4 (.text:IRESMAN_HDVICP2_freeHandles)
                  0035dc7c    00000546     h264vdec_ti.lib : h264vdec_ti_ialg.obj (.text:H264VDEC_TI_initObj)
                  0035e1c2    00000544     mpeg4vdec_ti_host.lib : mpeg4vdec_ti_control.obj (.text:MPEG4VDEC_TI_Control)
                  0035e706    00000002                           : mpeg4vdec_ti_ialg.obj (.text:MPEG4VDEC_TI_Deactivate)
                  0035e708    00000528     ce.aem4 : Engine.oem4 (.text:Engine_init)
                  0035ec30    0000051d     rman.aem4 : rman.oem4 (.text:RMAN_getResman)
                  0035f14d    00000001     --HOLE-- [fill = 0]
                  0035f14e    0000050c     vc1vdec_ti_host_M3.lib : vc1vdec_ti_ialg.obj (.text:VC1VDEC_TI_Update_OutAgs)
                  0035f65a    000004fe     h264vdec_ti.lib : h264vdec_ti_decsupport.obj (.text:H264VDEC_TI_displayPic)
                  0035fb58    000004f8     ce.aem4 : Engine.oem4 (.text:Engine_removeAlg)
                  00360050    000004ee     ti.srvmgr.omaprpc_smp.aem4 : OmapRpc.oem4 (.text:omapRpcTask)
                  0036053e    00000002     vc1vdec_ti_host_M3.lib : vc1vdec_ti_ialg.obj (.text:VC1VDEC_TI_activate)
                  00360540    000004ec     h264enc_ti_host.lib : h264enc_ti_process.obj (.text:H264ENC_TI_UpdateCodecParams)
                  00360a2c    000004cc     ce.aem4 : Engine.oem4 (.text:Engine_fwriteTrace)
                  00360ef8    000004bc     mpeg4vdec_ti_host.lib : mpeg4vdec_ti_decode.obj (.text:MPEG4VDEC_TI_DecodePreProcess)
                  003613b4    00000488     mpeg4venc_ti_host.lib : mpeg4enc_ti_ialg_support.obj (.text:MPEG4ENC_TI_ValidateCreateParams)
                  0036183c    00000480     mpeg4vdec_ti_host.lib : mpeg4vdec_ti_ialg.obj (.text:MPEG4VDEC_TI_Init)
                  00361cbc    0000047c     hdvicp2.aem4 : ires_hdvicp2.oem4 (.text:IRES_HDVICP2_constructHandle)
                  00362138    00000470     vc1vdec_ti_host_M3.lib : vc1vdec_ti_ialg.obj (.text:VC1VDEC_TI_init)
                  003625a8    0000046c     mpeg4vdec_ti_host.lib : mpeg4vdec_ti_decode.obj (.text:MPEG4VDEC_TI_AcquireAndConfigureHDVICP2)
                  00362a14    00000468     Algorithm_BIOS.aem4 : Algorithm_BIOS.oem4 (.text:Algorithm_create)
                  00362e7c    00000434     ce.aem4 : Engine.oem4 (.text:addEngineToList)
                  003632b0    00000428     dskt2.aem4 : dskt2free.oem4 (.text:DSKT2_freeAlg)
                  003636d8    000003d8                : dskt2actv.oem4 (.text:DSKT2_activateAlg)
                  00363ab0    000003d6     mpeg4venc_ti_host.lib : mpeg4enc_ti_ialg_support.obj (.text:MPEG4ENC_TI_ValidateEncodeParams)
                  00363e86    00000002     vc1vdec_ti_host_M3.lib : vc1vdec_ti_ialg.obj (.text:VC1VDEC_TI_deactivate)
                  00363e88    000003c8     ipc.aem4 : Ipc.obj (.text:VirtQueue_create)
[...]
80056698  VISA_checked                                                            
8005669a  ti_sdo_ce_alg_Algorithm_useHeap                                         
8005669c  ti_sdo_ce_alg_Algorithm_useCache                                        
800566a0  ti_sdo_ce_alg_Algorithm_MAXGROUPID                                      
800566a4  ti_sdo_ce_alg_Algorithm_ipcKey                                          
800566a8  ti_sdo_fc_multiProcess                                                  
800566aa  ti_sdo_fc_useDNUM                                                       
800566ac  ti_sdo_fc_useL3MemoryMap                                                
800566ae  RMAN_numRegistryEntries                                                 
800566b0  RMAN_registryEntries                                                    
800566b4  RMAN_registryResmanArgs                                                 
800566b8  ti_sdo_fc_rman_RMAN_MAXALGS                                             
800566bc  ti_sdo_fc_rman_RMAN_ipcKey                                              
800566c0  ti_sdo_fc_rman_RMAN_setYieldArgs                                        
800566c4  ti_sdo_fc_ires_hdvicp_HDVICP2_maxResetDelay                             
800566c8  HDVICP2_MAXRESOURCES                                                    
800566cc  ti_sdo_fc_ires_hdvicp_HDVICP2_timeoutVal                                
800566d0  _HDVICP2_NUMRESOURCES                                                   
800566d4  _HDVICP2_ipcKeyBase                                                     
800566d8  ti_sdo_fc_ires_hdvicp_HDVICP2_clearPRCMRegister                         
800566dc  ti_sdo_fc_ires_hdvicp_HDVICP2_getYieldArgs                              
800566e0  ti_sdo_fc_ires_hdvicp_HDVICP2_yieldRelease                              
800566e4  ti_sdo_fc_ires_hdvicp_HDVICP2_yieldAcquire                              
800566e8  ti_sdo_fc_ires_hdvicp_HDVICP2_getHdvicp2Fxn                             
800566ec  ti_sdo_fc_ires_hdvicp_HDVICP2_freeHdvicp2Fxn                            
800566f0  ti_sdo_ce_ipc_bios_manageIpc                                            
800566f4  Comm_MSGSIZE                                                            
800566f8  Comm_NUMMSGS                                                            
800566fc  ti_sdo_ce_ipc_bios__Processor_defaultSharedRegionId                     
800566fe  ti_sdo_ce_ipc_bios__Processor_defaultHeapId                             
80056700  ti_sdo_ce_ipc_bios__Processor_defaultNumMsgs                            
80056704  ti_sdo_ce_ipc_bios__Processor_defaultMsgSize                            
80056708  ti_sdo_ce_ipc_bios__Processor_numCommDescs                              
8005670c  DSKT2_cacheWBInvFxn                                                     
80056710  _DSKT2_ALLOW_EXTERNAL_SCRATCH                                           
80056714  DSKT2_daram0Heap                                                        
80056718  DSKT2_daram1Heap                                                        
8005671c  DSKT2_daram2Heap                                                        
80056720  DSKT2_saram0Heap                                                        
80056724  DSKT2_saram1Heap                                                        
80056728  DSKT2_saram2Heap                                                        
8005672c  DSKT2_iprogHeap                                                         
80056730  DSKT2_eprogHeap                                                         
80056734  DSKT2_esdataHeap                                                        
80056738  _DSKT2_heap                                                             
8005673c  ti_sdo_fc_dskt2_DSKT2_disableLazyDeactivate                             
80056740  Global_traceBufferSize                                                  
80056744  ti_sdo_ce_osal_Memory_numHeaps                                          
80056748  __xdc__init__addr                                                       
8005674c  ti_sysbios_timers_dmtimer_Timer_Module_State_0_device__A                
800568b4  ti_sysbios_utils_Load_Module__state__V                                  
8005694c  HDVICP2_PARAMS                                                          
800569d4  ti_sysbios_knl_Swi_Module_State_0_readyQ__A                             
80056a54  ti_sysbios_timers_dmtimer_Timer_Module_State_0_intFreqs__A              
80056ad4  ti_sysbios_family_arm_m3_Hwi_vnvicInitialized                           
80056b48  ti_sysbios_family_shared_vayu_IntXbar_Module_State_0_intXbar__A         
80056bbc  ti_sysbios_utils_Load_Module_State_0_taskEnv__A                         
80056c2c  IMPEG4VDEC_PARAMS                                                       
80056c98  ti_sysbios_family_arm_m3_Hwi_Object__table__V                           
80056cf8  ti_sysbios_knl_Swi_Object__table__V                                     
80056d58  ti_sysbios_timers_dmtimer_Timer_Object__table__V                        
80056db4  ti_sdo_ipc_family_vayu_InterruptIpu_Module__state__V                    
80056e60  _DSKT2_DARAM_SCRATCH_SIZES                                              
80056eb0  _DSKT2_SARAM_SCRATCH_SIZES                                              
80056f00  ti_sdo_ipc_family_vayu_NotifySetup_Module__state__V                     
80056f50  ti_sysbios_family_arm_m3_Hwi_Module_State_0_intAffinity__A              
80056fa0  ti_sysbios_knl_Task_Module__state__V                                    
80056fe4  ti_sdo_codecs_h264vdec_ce_H264VDEC_codecClassConfig                     
80057024  ti_sdo_codecs_jpegvdec_ce_JPEGVDEC_codecClassConfig                     
80057064  ti_sdo_codecs_mpeg2vdec_ce_MPEG2VDEC_codecClassConfig                   
800570a4  ti_sdo_codecs_mpeg4vdec_ce_MPEG4VDEC_codecClassConfig                   
800570e4  ti_sdo_codecs_vc1vdec_ce_VC1VDEC_codecClassConfig                       
80057124  ti_sysbios_timers_dmtimer_Timer_Module_State_0_handles__A               
80057164  IMPEG4VDEC_TI_DYNAMICPARAMS                                             
800571bc  IRESMAN_HDVICP                                                          
800571dc  ti_sysbios_hal_SecondsClock_Module__state__V                            
8005721c  ti_sdo_ce__versionString                                                
80057220  Engine_ALGCREATEATTRS                                                   
80057228  Engine_ATTRS                                                            
80057234  Engine_alwaysCollectDspTrace                                            
80057238  Engine_ceDebugDspTraceMask                                              
80057250  ti_sysbios_family_arm_ducati_GateSmp_Object__table__V                   
8005729c  IRESMAN_NULLRES                                                         
800572bc  ti_sysbios_family_arm_m3_Hwi_Module__state__V                           
80057320  H264VDEC_TI_IH264VDEC                                                   
8005734c  JPEGVDEC_TI_IJPEGVDEC                                                   
80057378  JPEGVENC_TI_IJPEGVENC                                                   
800573a4  MPEG2VDEC_TI_IMPEG2VDEC                                                 
800573d0  MPEG4ENC_TI_IMPEG4ENC                                                   
800573fc  MPEG4VDEC_TI_IMPEG4VDEC                                                 
80057428  VC1VDEC_TI_IVC1VDEC                                                     
80057454  _DSKT2_memTabList                                                       
80057458  _DSKT2_activeAlg                                                        
8005745c  _DSKT2_lastActiveAlg                                                    
80057460  _DSKT2_scratchShareRefCount                                             
80057464  _DSKT2_createCallbackFxn                                                
80057468  _DSKT2_NumYielded                                                       
8005746c  _DSKT2_yielded                                                          
80057470  _DSKT2_initialized                                                      
80057478  _DSKT2_gate                                                             
80057480  ti_sdo_codecs_h264enc_ce_H264ENC_codecClassConfig                       
800574ac  ti_sdo_codecs_jpegvenc_ce_JPEGVENC_codecClassConfig                     
800574d8  ti_sdo_codecs_mpeg4enc_ce_MPEG4ENC_codecClassConfig                     
80057504  ti_sysbios_knl_Clock_Module__state__V                                   
80057530  JPEGVDEC_TI_IRES                                                        
80057558  JPEGVENC_TI_IRES                                                        
80057580  MPEG2VDEC_TI_IRES                                                       
800575a8  MPEG4VDEC_TI_IRES                                                       
800575d0  VC1VDEC_TI_IRES                                                         
800575f8  ti_sysbios_heaps_HeapBuf_Object__table__V                               
80057620  ti_sysbios_knl_Semaphore_Object__table__V                               
80057648  H264VDEC_TI_IALG                                                        
8005766c  JPEGVDEC_TI_IALG                                                        
80057690  JPEGVENC_TI_IALG                                                        
800576b4  MPEG2VDEC_TI_IALG                                                       
800576d8  MPEG4ENC_TI_IALG                                                        
800576fc  MPEG4VDEC_TI_IALG                                                       
80057720  VC1VDEC_TI_IALG                                                         
80057750  IRESMAN_HDVICP2_CONSTRUCTFXNS                                           
80057768  ti_sysbios_BIOS_Module__state__V                                        
8005778c  xdc_runtime_System_Module_State_0_atexitHandlers__A                     
800577b0  IRESMAN_TILEDMEMORY                                                     
800577d0  ti_deh_Watchdog_Module_State_0_device__A                                
800577f0  ti_sdo_ipc_family_vayu_NotifySetup_Module_State_0_numPlugged__A         
80057810  ti_sysbios_knl_Task_Module_StateSmp_smpRunQ__A                          
80057830  xdc_runtime_Error_IgnoreBlock                                           
80057858  Processor_ATTRS                                                         
8005786c  ti_sysbios_gates_GateMutex_Object__table__V                             
80057888  ti_sysbios_knl_Swi_Module__state__V                                     
800578a4  ti_sdo_ce_osal_Memory_DEFAULTPARAMS                                     
800578c0  IpcPower_suspendCount                                                   
800578c4  IpcPower_resumeCount                                                    
800578c8  IpcPower_clockFxn                                                       
800578da  ti_deh_Watchdog_Module_State_0_status__A                                
80057984  ti_sysbios_family_arm_ducati_smp_Power_Module__state__V                 
8005799c  ti_sysbios_heaps_HeapMem_Object__table__V                               
800579b4  ti_sysbios_xdcruntime_SemThreadSupport_Object__table__V                 
800579cc  ti_trace_SysMin_Module__state__V                                        
80057a11  ti_sdo_ce_osal_bios_Global_CE_CHECK                                     
80057a14  RMAN_PARAMS                                                             
80057a3c  ti_sysbios_family_arm_ducati_Core_Module__state__V                      
80057a50  ti_sysbios_timers_dmtimer_Timer_Module__state__V                        
80057a84  __TI_ft_end                                                             
80057a88  __aeabi_stdin                                                           
80057a8c  __aeabi_stdout                                                          
80057a90  __aeabi_stderr                                                          
80057a94  ti_sdo_ce_utils_syscbuf_SysCBuf_Module__state__V                        
80057aa4  ti_sysbios_hal_Hwi_Object__table__V                                     
80057ab4  xdc_runtime_Diags_dictElems                                             
80057ac4  __TI_cleanup_ptr                                                        
80057ac8  __TI_dtors_ptr                                                          
80057acc  __TI_enable_exit_profile_output                                         
80057ad0  Server_holdingTraceToken                                                
80057adc  _DSKT2_algReferenceCount                                                
80057ae0  DSKT2_ALGATTRS                                                          
80057ae8  Comm_ATTRS                                                              
80057b00  ti_deh_Deh_Module__state__V                                             
80057b0c  ti_deh_Watchdog_Module__state__V                                        
80057b18  ti_sysbios_gates_GateHwi_Object__table__V                               
80057b24  ti_sysbios_knl_Task_Module_State_0_smpCurSet__A                         
80057b30  ti_sysbios_knl_Task_Module_State_0_smpReadyQ__A                         
80057b46  ti_sdo_utils_MultiProc_Module_State_0_clusterProcList__A                
80057b50  _lock                                                                   
80057b54  _unlock                                                                 
80057b60  Engine_config                                                           
80057b68  IpcPower_idleCount                                                      
80057b88  ti_deh_StackDbg_Module__state__V                                        
80057b90  ti_sdo_utils_List_Module__root__V                                       
80057b98  ti_sdo_utils_MultiProc_Module__state__V                                 
80057ba0  ti_sysbios_family_arm_ducati_GateSmp_Module__root__V                    
80057ba8  ti_sysbios_family_arm_m3_Hwi_Module_State_0_excContext__A               
80057bb0  ti_sysbios_family_arm_m3_Hwi_Module_State_0_excStack__A                 
80057bb8  ti_sysbios_family_arm_m3_Hwi_Module_State_0_intAffinityMasks_0__A       
80057bc0  ti_sysbios_family_arm_m3_Hwi_Module_State_0_intAffinityMasks_1__A       
80057bc8  ti_sysbios_family_arm_m3_Hwi_Module_State_0_intAffinityMasks__A         
80057bd0  ti_sysbios_family_arm_m3_Hwi_Module__root__V                            
80057bd8  ti_sysbios_gates_GateHwi_Module__root__V                                
80057be0  ti_sysbios_gates_GateMutexPri_Module__root__V                           
80057be8  ti_sysbios_gates_GateMutex_Module__root__V                              
80057bf0  ti_sysbios_heaps_HeapBuf_Module__root__V                                
80057bf8  ti_sysbios_heaps_HeapMem_Module__root__V                                
80057c00  ti_sysbios_knl_Queue_Module__root__V                                    
80057c08  ti_sysbios_knl_Semaphore_Module__root__V                                
80057c10  ti_sysbios_knl_Swi_Module__root__V                                      
80057c18  ti_sysbios_knl_Task_Module_StateSmp_sortedRunQ                          
80057c20  ti_sysbios_knl_Task_Module_State_0_idleTask__A                          
80057c28  ti_sysbios_knl_Task_Module_State_0_smpCurMask__A                        
80057c30  ti_sysbios_knl_Task_Module_State_0_smpCurTask__A                        
80057c38  ti_sysbios_knl_Task_Module__root__V                                     
80057c40  ti_sysbios_knl_Task_Module__stateSmp__V                                 
80057c48  ti_sysbios_utils_Load_Module_State_0_runningTask__A                     
80057c50  ti_sysbios_utils_Load_Module_State_0_taskStartTime__A                   
80057c58  ti_sysbios_xdcruntime_GateProcessSupport_Module__root__V                
80057c60  ti_sysbios_xdcruntime_GateThreadSupport_Module__root__V                 
80057c68  ti_sysbios_xdcruntime_SemThreadSupport_Module__root__V                  
80057c70  ti_sysbios_xdcruntime_ThreadSupport_Module__root__V                     
80057cb8  xdc_runtime_LoggerSys_Module__root__V                                   
80057cc0  xdc_runtime_LoggerSys_Object__table__V                                  
80057cc8  xdc_runtime_Registry_Module__state__V                                   
80057cd0  xdc_runtime_Startup_Module__state__V                                    
80057cd8  xdc_runtime_System_Module__state__V                                     
80057ce0  xdc_runtime_knl_GateProcess_Module__root__V                             
80057ce8  xdc_runtime_knl_GateThread_Module__root__V                              
80057cf0  xdc_runtime_knl_SemThread_Module__root__V                               
80057cf8  xdc_runtime_knl_SemThread_Object__table__V                              
80057d00  xdc_runtime_knl_Thread_Module__root__V                                  
80057d14  errno                                                                   
80057d1c  main_func_sp                                                            
80057d28  ti_ipc_remoteproc_Resource_Module__state__V                             
80057d2c  ti_sdo_ce_osal_Memory_heapNames                                         
80057d30  ti_sdo_fc_ires_hdvicp_HDVICP2_CallBackAlg                               
80057d34  ti_sdo_fc_ires_hdvicp_HDVICP2_CallBackArgs                              
80057d38  ti_sdo_fc_ires_hdvicp_HDVICP2_CallBackFxn                               
80057d3c  ti_sdo_fc_ires_hdvicp_HDVICP2_interrupts                                
80057d40  ti_sysbios_family_arm_m3_Hwi_Module_State_0_excActive__A                
80057d44  ti_sysbios_family_shared_vayu_IntXbar_Module__state__V                  
80057d48  ti_sysbios_heaps_HeapBuf_Module__state__V                               
80057d54  xdc_runtime_Memory_Module__state__V                                     
80057d58  ti_sdo_ce_osal_bios_Global_CE_DEBUG                                     
80057d5a  ti_sysbios_BIOS_Module_State_0_smpThreadType__A                         
80057d5c  xdc_runtime_Error_Module__state__V                                      
80057d5e  xdc_runtime_Registry_Module__root__V                                    
80057d60  __stack                                                                 
80058d60  __STACK_END                                                             
80200000  ti_sysbios_heaps_HeapMem_Instance_State_0_buf__A                        
9f000000  ti_trace_SysMin_Module_State_0_outbuf__A                                
9f007ff8  ti_trace_SysMin_Module_State_0_writeidx__A                              
9f007ffc  ti_trace_SysMin_Module_State_0_readidx__A                               
9f060000  ti_deh_Deh_Module_State_0_outbuf__A                                     
9f070000  ti_sysbios_family_arm_ducati_smp_Power_savedContext                     
9f07027c  ti_sysbios_family_arm_ducati_smp_Power_savedRAM                         
e000e000  ti_sysbios_family_arm_m3_Hwi_nvic                                       
ffffffff  __TI_pprof_out_hndl                                                     
ffffffff  __TI_prof_data_size                                                     
ffffffff  __TI_prof_data_start                                                    
ffffffff  __binit__                                                               
ffffffff  __c_args__                                                              
ffffffff  binit                                                                   
UNDEFED   SHT$$INIT_ARRAY$$Base                                                   
UNDEFED   SHT$$INIT_ARRAY$$Limit                                                  

[1863 symbols]
