******************************************************************************
                  TI ARM Linker Unix v16.9.2                   
******************************************************************************
>> Linked Wed Jun 28 11:34:54 2017

OUTPUT FILE NAME:   <out/ipu/release/ipu.xem4>
ENTRY POINT SYMBOL: "ti_sysbios_family_arm_ducati_smp_Power_reset"  address: 00000011


MEMORY CONFIGURATION

         name            origin    length      used     unused   attr    fill
----------------------  --------  ---------  --------  --------  ----  --------
  L2_ROM                00000000   00004000  00000630  000039d0  RWIX
  EXT_CODE              00004000   005fc000  0038ef4a  0026d0b6  RW X
  L2_RAM                20000000   00010000  00000000  00010000  RWIX
  OCMC_RAM1             40300000   00080000  00000000  00080000  RWIX
  OCMC_RAM2             40400000   00100000  00000000  00100000  RWIX
  OCMC_RAM3             40500000   00100000  00000000  00100000  RWIX
  EXT_DATA              80000000   00200000  00058b7c  001a7484  RW  
  EXT_HEAP              80200000   02900000  02800000  00100000  RW  
  TRACE_BUF             9f000000   00060000  00008000  00058000  RW  
  EXC_DATA              9f060000   00010000  00000200  0000fe00  RW  
  PM_DATA               9f070000   00020000  0001027c  0000fd84  RW X


SEGMENT ALLOCATION MAP

run origin  load origin   length   init length attrs members
----------  ----------- ---------- ----------- ----- -------
00000000    00000000    000000e0   000000e0    r-x
  00000000    00000000    000000e0   000000e0    r-x .ducatiPowerBoot
00000400    00000400    00000140   00000140    r--
  00000400    00000400    00000140   00000140    r-- .resetVecs
00003000    00003000    00000410   00000410    rw-
  00003000    00003000    00000410   00000410    rw- .resource_table
00004000    00004000    0038ef50   0038ef50    r-x
  00004000    00004000    003369ec   003369ec    r-- .const
  0033a9ec    0033a9ec    00000004   00000004    r-- .const:ti_sysbios_hal_ammu_AMMU_numLargePages__C
  0033a9f0    0033a9f0    0004c94c   0004c94c    r-x .text.1
  0038733c    0038733c    00000004   00000004    r-- .const:ti_sysbios_hal_ammu_AMMU_numLinePages__C
  00387340    00387340    0000003c   0000003c    r-x .text.2
  0038737c    0038737c    00000004   00000004    r-- .const:ti_sysbios_hal_ammu_AMMU_numMediumPages__C
  00387380    00387380    0000003c   0000003c    r-x .text.3
  003873bc    003873bc    00000004   00000004    r-- .const:ti_sysbios_hal_ammu_AMMU_numSmallPages__C
  003873c0    003873c0    00003282   00003282    r-x .text.4
  0038a644    0038a644    000004b8   000004b8    r-- .const:ti_sysbios_hal_ammu_AMMU_mmuInitConfig__C
  0038ab00    0038ab00    00008450   00008450    r-- .cinit
80000000    80000000    00058b7c   00000000    rw-
  80000000    80000000    0004f784   00000000    rw- .bss
  8004f784    8004f784    000083f8   00000000    rw- .data
  80057b7c    80057b7c    00001000   00000000    rw- .stack
80200000    80200000    02800000   00000000    rw-
  80200000    80200000    02800000   00000000    rw- .systemHeap
9f000000    9f000000    00008000   00000000    rw-
  9f000000    9f000000    00008000   00000000    rw- .tracebuf
9f060000    9f060000    00000200   00000000    rw-
  9f060000    9f060000    00000200   00000000    rw- .errorbuf
9f070000    9f070000    0001027c   00000000    rw-
  9f070000    9f070000    0001027c   00000000    rw- .ti_sysbios_family_arm_ducati_smp_Power


SECTION ALLOCATION MAP

 output                                  attributes/
section   page    origin      length       input sections
--------  ----  ----------  ----------   ----------------
.bss       0    80000000    0004f784     UNINITIALIZED
                  80000000    00040000     (.common:ti_sysbios_heaps_HeapBuf_Instance_State_0_buf__A)
                  80040000    0000c000     ipu_pem4.oem4 (.bss:taskStackSection)
                  8004c000    00001000     (.common:ti_sysbios_family_arm_ducati_Core_Module_State_0_core1HwiStack__A)
                  8004d000    00001000     (.common:ti_sysbios_family_arm_m3_Hwi_vnvic)
                  8004e000    00000800     (.common:Tuples)
                  8004e800    000007c0     (.common:serviceDefs)
                  8004efc0    00000210     ti.srvmgr_smp.aem4 : ServiceMgr.oem4 (.bss:serviceTasks)
                  8004f1d0    00000140     (.common:ti_sysbios_family_arm_m3_Hwi_dispatchTable)
                  8004f310    00000120     rtsv7M4_T_le_eabi.lib : trgmsg.obj (.bss:_CIOBUF_)
                  8004f430    000000a0     (.common:__TI_tmpnams)
                  8004f4d0    00000050     dskt2.aem4 : dskt2_lock.oem4 (.bss:_DSKT2_yieldingContext)
                  8004f520    00000050                : dskt2_lock.oem4 (.bss:_locks)
                  8004f570    0000002c     (.common:RMAN_TABLE)
                  8004f59c    00000024     ce.aem4 : Engine.oem4 (.bss)
                  8004f5c0    00000018     (.common:RMAN_FREE_ENTRIES)
                  8004f5d8    00000018     (.common:_RMAN_internalState$2)
                  8004f5f0    00000014     ti.pm_smp_vayu.aem4 : IpcPower.oem4 (.bss:PowerSuspArgs)
                  8004f604    00000014     ce.aem4 : Server.oem4 (.bss)
                  8004f618    00000014     (.common:IRESMAN_HDVICP2_DEFAULTPARAM)
                  8004f62c    0000000c     Algorithm_BIOS.aem4 : Algorithm_BIOS.oem4 (.bss)
                  8004f638    0000000c     XdmUtils.aem4 : XdmUtils.oem4 (.bss)
                  8004f644    0000000c     ce.aem4 : visa.oem4 (.bss)
                  8004f650    0000000c     cesettings.aem4 : CESettings.oem4 (.bss)
                  8004f65c    0000000c     ipc_bios_nomsg.aem4 : Processor_noOS.oem4 (.bss)
                  8004f668    0000000c     osal.aem4 : Global_BIOS.oem4 (.bss)
                  8004f674    0000000c               : Loader_noOS.oem4 (.bss)
                  8004f680    0000000c               : Memory_BIOS.oem4 (.bss)
                  8004f68c    0000000c     ti.pm_smp_vayu.aem4 : IpcPower.oem4 (.bss)
                  8004f698    0000000c     viddec3.aem4 : viddec3.oem4 (.bss)
                  8004f6a4    0000000c     videnc2.aem4 : videnc2.oem4 (.bss)
                  8004f6b0    0000000c     (.common:ti_grcm_RcmServer__Desc)
                  8004f6bc    0000000c     (.common:ti_sdo_fc_dskt2_desc)
                  8004f6c8    0000000c     (.common:ti_sdo_fc_ires_hdvicp2_desc)
                  8004f6d4    0000000c     (.common:ti_sdo_fc_ires_nullres_desc)
                  8004f6e0    0000000c     (.common:ti_sdo_fc_rman_desc)
                  8004f6ec    0000000c     (.common:ti_sdo_fc_settings_desc)
                  8004f6f8    00000008     ipu_pem4.oem4 (.bss:_entries$1)
                  8004f700    00000008     ipu_pem4.oem4 (.bss:_params$2)
                  8004f708    00000008     ipu.aem4 : iresman_tiledmemory.oem4 (.bss)
                  8004f710    00000008     rtsv7M4_T_le_eabi.lib : trgdrv.obj (.bss:parmbuf)
                  8004f718    00000008     ti.trace_smp.aem4 : SysMin.oem4 (.bss)
                  8004f720    00000008     ti.pm_smp_vayu.aem4 : IpcPower.oem4 (.bss:wugenEvtMask)
                  8004f728    00000008     (.common:_DSKT2_scratchDescTbl)
                  8004f730    00000008     (.common:_resmanInternalState)
                  8004f738    00000008     (.common:ti_sysbios_knl_Task_Instance_State_0_hookEnv__A)
                  8004f740    00000008     (.common:ti_sysbios_knl_Task_Instance_State_1_hookEnv__A)
                  8004f748    00000008     (.common:ti_sysbios_knl_Task_Instance_State_2_hookEnv__A)
                  8004f750    00000008     (.common:ti_sysbios_knl_Task_Instance_State_3_hookEnv__A)
                  8004f758    00000006     (.common:resTable)
                  8004f75e    00000002     --HOLE--
                  8004f760    00000004     (.common:DSKT2_allowExternalScratch)
                  8004f764    00000004     (.common:_FC_heap)
                  8004f768    00000004     (.common:_resmanInternalState)
                  8004f76c    00000004     (.common:allocFxn)
                  8004f770    00000004     (.common:freeFxn)
                  8004f774    00000004     (.common:ti_sdo_ce_osal_Memory_heapList)
                  8004f778    00000004     (.common:ti_sdo_fc_ires_hdvicp_HDVICP2_semArray)
                  8004f77c    00000004     (.common:ti_sysbios_knl_Swi_Instance_State_0_hookEnv__A)
                  8004f780    00000004     (.common:ti_sysbios_knl_Swi_Instance_State_1_hookEnv__A)

.neardata 
*          0    8004f784    00000000     UNINITIALIZED

.rodata    0    8004f784    00000000     UNINITIALIZED

.stack     0    80057b7c    00001000     UNINITIALIZED
                  80057b7c    00001000     --HOLE--

.cinit     0    0038ab00    00008450     
                  0038ab00    00008400     (.cinit..data.load) [load image]
                  00392f00    00000008     (.cinit..bss.load) [load image, compression = zero_init]
                  00392f08    00000008     (.cinit..errorbuf.load) [load image, compression = zero_init]
                  00392f10    00000008     (.cinit..ti_sysbios_family_arm_ducati_smp_Power.load) [load image, compression = zero_init]
                  00392f18    00000008     (.cinit..tracebuf.load) [load image, compression = zero_init]
                  00392f20    00000008     (__TI_handler_table)
                  00392f28    00000028     (__TI_cinit_table)

.init_array 
*          0    00004000    00000000     UNINITIALIZED

.bootVecs 
*          0    00000000    00000008     DSECT
                  00000000    00000008     boot.aem4 : boot.oem4 (.bootVecs)

.ducatiPowerBoot 
*          0    00000000    000000e0     
                  00000000    000000e0     sysbios.aem4 : smp_Power_resumeCpu.obj (.ducatiPowerBoot)

.resetVecs 
*          0    00000400    00000140     
                  00000400    00000140     ipu_pem4.oem4 (.resetVecs)

.vecs      0    00000400    00000000     DSECT

.resource_table 
*          0    00003000    00000410     
                  00003000    00000410     main.oem4 (.resource_table)

.const     0    00004000    003369ec     
                  00004000    00093b90     h264enc_ti_host.lib : h264enc_ti_const.obj (.const:H264ENC_TI_dSect1)
                  00097b90    0004d910     h264vdec_ti.lib : h264vdec_ti_constantmatrices.obj (.const:H264VDEC_TI_dSect1)
                  000e54a0    0003f268     jpegvdec_ti_host.lib : jpegvdec_ti_host.o (.const:load_data:init)
                  00124708    0003c888     mpeg2vdec_ti_host.lib : mpeg2vdec_ti_host.o (.const:load_data:init)
                  00160f90    00038fbc     jpegenc_ti_host.lib : jpegenc_ti_host.o (.const:load_data:init)
                  00199f4c    0000aa30     mpeg4vdec_ti_host.lib : mpeg4vdec_ti_table.obj (.const:statictable)
                  001a497c    00007fcc     mpeg4venc_ti_host.lib : mpeg4enc_ti_process.obj (.const:MPEG4VENC_TI_ICONT1_DEBUGTRACE_LEVEL1_DataSect1)
                  001ac948    00007fb4                           : mpeg4enc_ti_process.obj (.const:MPEG4VENC_TI_ICONT2_DataSect1)
                  001b48fc    00007f94     mpeg4vdec_ti_host.lib : mpeg4vdec_ti_datatransfer.obj (.const:MPEG4VDEC_TI_ICONT1_DEBUGTRACELEVEL1_DataSect3)
                  001bc890    00007f80     vc1vdec_ti_host_M3.lib : vc1vdec_ti_ialg.obj (.const:ILF3PStackMem)
                  001c4810    00007f58     mpeg4vdec_ti_host.lib : mpeg4vdec_ti_datatransfer.obj (.const:MPEG4VDEC_TI_ICONT1_DEBUGTRACELEVEL2_DataSect3)
                  001cc768    00007f4c                           : mpeg4vdec_ti_datatransfer.obj (.const:MPEG4VDEC_TI_ICONT1_DataSect3)
                  001d46b4    00007f40     mpeg4venc_ti_host.lib : mpeg4enc_ti_process.obj (.const:MPEG4VENC_TI_ICONT1_DataSect1)
                  001dc5f4    00007f14     h264enc_ti_host.lib : h264enc_ti_process.obj (.const:H264ENC_TI_ICONT1_DataSect0)
                  001e4508    00007efc     vc1vdec_ti_host_M3.lib : vc1vdec_ti_data_transfer.obj (.const:VC1VDEC_TI_LEVEL1_ICONT1DataSect1)
                  001ec404    00007ed8     mpeg4vdec_ti_host.lib : mpeg4vdec_ti_datatransfer.obj (.const:MPEG4VDEC_TI_ICONT1_DEBUGTRACELEVEL2_DataSect1)
                  001f42dc    00007eb0     mpeg4venc_ti_host.lib : mpeg4enc_ti_process.obj (.const:MPEG4VENC_TI_ICONT2_DEBUGTRACE_LEVEL1_DataSect1)
                  001fc18c    00007e94     vc1vdec_ti_host_M3.lib : vc1vdec_ti_data_transfer.obj (.const:VC1VDEC_TI_LEVEL3_ICONT1DataSect1)
                  00204020    00007e78     mpeg4vdec_ti_host.lib : mpeg4vdec_ti_datatransfer.obj (.const:MPEG4VDEC_TI_ICONT1_DEBUGTRACELEVEL1_DataSect1)
                  0020be98    00007e70     vc1vdec_ti_host_M3.lib : vc1vdec_ti_data_transfer.obj (.const:VC1VDEC_TI_LEVEL3_ICONT2DataSect1)
                  00213d08    00007e58                            : vc1vdec_ti_data_transfer.obj (.const:VC1VDEC_TI_LEVEL4_ICONT1DataSect1)
                  0021bb60    00007e50                            : vc1vdec_ti_data_transfer.obj (.const:VC1VDEC_TI_LEVEL2_ICONT1DataSect1)
                  002239b0    00007e14                            : vc1vdec_ti_data_transfer.obj (.const:VC1VDEC_TI_ICONT1DataSect1)
                  0022b7c4    00007dd0     mpeg4vdec_ti_host.lib : mpeg4vdec_ti_datatransfer.obj (.const:MPEG4VDEC_TI_ICONT1_DataSect1)
                  00233594    00007d88     h264vdec_ti.lib : h264vdec_ti_datatransfer.obj (.const:H264VDEC_TI_ICONT2_HIGHRES_DataSect0)
                  0023b31c    00007bf0                     : h264vdec_ti_datatransfer.obj (.const:H264VDEC_TI_ICONT1_HIGHRES_DataSect1)
                  00242f0c    00007bec                     : h264vdec_ti_datatransfer.obj (.const:H264VDEC_TI_ICONT1_DataSect1)
                  0024aaf8    00007bc0     vc1vdec_ti_host_M3.lib : vc1vdec_ti_data_transfer.obj (.const:VC1VDEC_TI_LEVEL4_ICONT2DataSect1)
                  002526b8    00007bac     h264enc_ti_host.lib : h264enc_ti_process.obj (.const:H264ENC_TI_ICONT1_4MVDataSect0)
                  0025a264    00007a54                         : h264enc_ti_process.obj (.const:H264ENC_TI_ICONT1_HiMP_DataSect0)
                  00261cb8    000079d0     vc1vdec_ti_host_M3.lib : vc1vdec_ti_data_transfer.obj (.const:VC1VDEC_TI_LEVEL2_ICONT2DataSect1)
                  00269688    000079b0     h264vdec_ti.lib : h264vdec_ti_datatransfer.obj (.const:H264VDEC_TI_ICONT2_DataSect0)
                  00271038    000078dc     vc1vdec_ti_host_M3.lib : vc1vdec_ti_data_transfer.obj (.const:VC1VDEC_TI_LEVEL1_ICONT2DataSect1)
                  00278914    00007820     h264vdec_ti.lib : h264vdec_ti_datatransfer.obj (.const:H264VDEC_TI_ERRORCONCEAL_ICONT1_DataSect0)
                  00280134    00007808     vc1vdec_ti_host_M3.lib : vc1vdec_ti_data_transfer.obj (.const:VC1VDEC_TI_LEVEL2_ICONT1DataSect4)
                  0028793c    0000773c                            : vc1vdec_ti_data_transfer.obj (.const:VC1VDEC_TI_ICONT2DataSect1)
                  0028f078    00007578                            : vc1vdec_ti_data_transfer.obj (.const:VC1VDEC_TI_ICONT1DataSect4)
                  002965f0    00007578                            : vc1vdec_ti_data_transfer.obj (.const:VC1VDEC_TI_LEVEL1_ICONT1DataSect4)
                  0029db68    00007460     h264enc_ti_host.lib : h264enc_ti_process.obj (.const:H264ENC_TI_ICONT1_HIGHSPEED_DataSect0)
                  002a4fc8    00006fcc                         : h264enc_ti_process.obj (.const:H264ENC_TI_ICONT1_HiMP_4MVDataSect0)
                  002abf94    00006a88     mpeg4vdec_ti_host.lib : mpeg4vdec_ti_datatransfer.obj (.const:MPEG4VDEC_TI_ICONT2_DEBUGTRACELEVEL2_DataSect1)
                  002b2a1c    00006a3c     h264enc_ti_host.lib : h264enc_ti_process.obj (.const:H264ENC_TI_ICONT1_HiMP_HiSPEED_DataSect0)
                  002b9458    000069e4     mpeg4vdec_ti_host.lib : mpeg4vdec_ti_datatransfer.obj (.const:MPEG4VDEC_TI_ICONT2_DEBUGTRACELEVEL1_DataSect1)
                  002bfe3c    00006974                           : mpeg4vdec_ti_datatransfer.obj (.const:MPEG4VDEC_TI_ICONT2_DataSect1)
                  002c67b0    00006780     vc1vdec_ti_host_M3.lib : vc1vdec_ti_data_transfer.obj (.const:VC1VDEC_TI_LEVEL3_ICONT1DataSect4)
                  002ccf30    00006778                            : vc1vdec_ti_data_transfer.obj (.const:VC1VDEC_TI_LEVEL4_ICONT1DataSect4)
                  002d36a8    000058f4     mpeg4vdec_ti_host.lib : mpeg4vdec_ti_errconceal.obj (.const:MPEG4VDEC_TI_EC_DataSect1)
                  002d8f9c    00005710     vc1vdec_ti_host_M3.lib : vc1vdec_ti_errconceal.obj (.const:VC1VDEC_TI_ERROR_CONCEAL_ICONT1DataSect1)
                  002de6ac    000052c8     mpeg2vdec_ti_host.lib : mpeg2vdec_ti_host.o (.const:ec_load_data)
                  002e3974    00004ebc     ipu_pem4.oem4 (.const:.string)
                  002e8830    00004a00     mpeg2vdec_ti_host.lib : mpeg2vdec_ti_host.o (.const:tableLSEILFCmds)
                  002ed230    000049a8                           : mpeg2vdec_ti_host.o (.const:.string:MPEG2VDEC_TI_ICONT2_LEVEL3_SECTION1)
                  002f1bd8    00004958                           : mpeg2vdec_ti_host.o (.const:.string:MPEG2VDEC_TI_ICONT2_LEVEL4_SECTION1)
                  002f6530    000047b0                           : mpeg2vdec_ti_host.o (.const:.string:MPEG2VDEC_TI_ICONT2_SECTION1)
                  002face0    00004748                           : mpeg2vdec_ti_host.o (.const:.string:MPEG2VDEC_TI_ICONT2_LEVEL2_SECTION1)
                  002ff428    000046a0                           : mpeg2vdec_ti_host.o (.const:.string:MPEG2VDEC_TI_ICONT2_LEVEL1_SECTION1)
                  00303ac8    00004018     h264vdec_ti.lib : h264vdec_ti_datatransfer.obj (.const:H264VDEC_TI_ICONT1_DataSect3)
                  00307ae0    00003b74                     : h264vdec_ti_datatransfer.obj (.const:H264VDEC_TI_ICONT1_HIGHRES_DataSect4)
                  0030b654    00002f0c     vc1vdec_ti_host_M3.lib : vc1vdec_ti_data_transfer.obj (.const:VC1VDEC_TI_LEVEL4_ICONT2DataSect5)
                  0030e560    00002ef4                            : vc1vdec_ti_data_transfer.obj (.const:VC1VDEC_TI_LEVEL3_ICONT2DataSect5)
                  00311454    00002ed0                            : vc1vdec_ti_data_transfer.obj (.const:VC1VDEC_TI_ICONT2DataSect5)
                  00314324    00002ed0                            : vc1vdec_ti_data_transfer.obj (.const:VC1VDEC_TI_LEVEL1_ICONT2DataSect5)
                  003171f4    00002ed0                            : vc1vdec_ti_data_transfer.obj (.const:VC1VDEC_TI_LEVEL2_ICONT2DataSect5)
                  0031a0c4    00002b38     ipu_pem4.oem4 (.const:xdc_runtime_Text_charTab__A)
                  0031cbfc    00001e44     h264vdec_ti.lib : h264vdec_ti_datatransfer.obj (.const:H264VDEC_TI_ICONT1_DataSect5)
                  0031ea40    00001e20                     : h264vdec_ti_datatransfer.obj (.const:H264VDEC_TI_ICONT1_HIGHRES_DataSect6)
                  00320860    00001c60                     : h264vdec_ti_datatransfer.obj (.const:H264VDEC_TI_ICONT1_HIGHRES_DataSect3)
                  003224c0    0000111c     vc1vdec_ti_host_M3.lib : vc1vdec_ti_data_transfer.obj (.const:VC1VDEC_TI_ICONT2DataSect2)
                  003235dc    0000111c                            : vc1vdec_ti_data_transfer.obj (.const:VC1VDEC_TI_LEVEL1_ICONT2DataSect2)
                  003246f8    0000111c                            : vc1vdec_ti_data_transfer.obj (.const:VC1VDEC_TI_LEVEL2_ICONT2DataSect2)
                  00325814    0000111c                            : vc1vdec_ti_data_transfer.obj (.const:VC1VDEC_TI_LEVEL3_ICONT2DataSect2)
                  00326930    0000111c                            : vc1vdec_ti_data_transfer.obj (.const:VC1VDEC_TI_LEVEL4_ICONT2DataSect2)
                  00327a4c    00000fcc     h264vdec_ti.lib : h264vdec_ti_datatransfer.obj (.const:H264VDEC_TI_ICONT1_HIGHRES_DataSect5)
                  00328a18    00000f78                     : h264vdec_ti_datatransfer.obj (.const:H264VDEC_TI_ICONT1_DataSect4)
                  00329990    00000dec     mpeg4venc_ti_host.lib : mpeg4enc_ti_process.obj (.const:MPEG4VENC_TI_ICONT2_DEBUGTRACE_LEVEL1_DataSect3)
                  0032a77c    00000cf0                           : mpeg4enc_ti_process.obj (.const:MPEG4VENC_TI_ICONT2_DataSect3)
                  0032b46c    00000ad0     mpeg2vdec_ti_host.lib : mpeg2vdec_ti_host.o (.const:tableLSEMCCmds)
                  0032bf3c    00000800     vc1vdec_ti_host_M3.lib : vc1vdec_ti_data_transfer.obj (.const:VC1VDEC_TI_ICONT2DataSect3)
                  0032c73c    00000800                            : vc1vdec_ti_data_transfer.obj (.const:VC1VDEC_TI_LEVEL1_ICONT2DataSect3)
                  0032cf3c    00000800                            : vc1vdec_ti_data_transfer.obj (.const:VC1VDEC_TI_LEVEL2_ICONT2DataSect3)
                  0032d73c    00000800                            : vc1vdec_ti_data_transfer.obj (.const:VC1VDEC_TI_LEVEL3_ICONT2DataSect3)
                  0032df3c    00000800                            : vc1vdec_ti_data_transfer.obj (.const:VC1VDEC_TI_LEVEL4_ICONT2DataSect3)
                  0032e73c    00000800     jpegvdec_ti_host.lib : jpegvdec_ti_host.o (.const:tableLSECALCCmds)
                  0032ef3c    00000004     ipu_pem4.oem4 (.const:ti_sdo_ce_utils_syscbuf_SysCBuf_bufSize__C)
                  0032ef40    00000700     mpeg4venc_ti_host.lib : mpeg4enc_ti_mbInfo_tables.obj (.const:MPEG4ENC_TI_StaticTableSection)
                  0032f640    000005a0                           : mpeg4enc_ti_lse_tables.obj (.const:MPEG4ENC_TI_StaticTableSection)
                  0032fbe0    00000548                           : mpeg4enc_ti_ime3_pgm.obj (.const:MPEG4ENC_TI_StaticTableSection)
                  00330128    00000008     ipu_pem4.oem4 (.const:ti_sysbios_family_arm_ducati_smp_Power_postSuspendHooks__C)
                  00330130    00000530     mpeg4venc_ti_host.lib : mpeg4enc_ti_ime3_pgm_1mv.obj (.const:MPEG4ENC_TI_StaticTableSection)
                  00330660    000004ec     h264enc_ti_host.lib : h264enc_ti_process.obj (.const:H264ENC_TI_ICONT2_4MVDataSect0)
                  00330b4c    000004ec                         : h264enc_ti_process.obj (.const:H264ENC_TI_ICONT2_DataSect0)
                  00331038    000004ec                         : h264enc_ti_process.obj (.const:H264ENC_TI_ICONT2_HIGHSPEED_DataSect0)
                  00331524    000004ec                         : h264enc_ti_process.obj (.const:H264ENC_TI_ICONT2_HiMP_4MVDataSect0)
                  00331a10    000004ec                         : h264enc_ti_process.obj (.const:H264ENC_TI_ICONT2_HiMP_DataSect0)
                  00331efc    000004ec                         : h264enc_ti_process.obj (.const:H264ENC_TI_ICONT2_HiMP_HiSPEED_DataSect0)
                  003323e8    000004e4     ti.framework.dce.aem4 : dce.oem4 (.const:$O2$$)
                  003328cc    000004b4     vc1vdec_ti_host_M3.lib : vc1vdec_ti_data_transfer.obj (.const:VC1VDEC_TI_ICONT2DataSect4)
                  00332d80    000004b4                            : vc1vdec_ti_data_transfer.obj (.const:VC1VDEC_TI_LEVEL1_ICONT2DataSect4)
                  00333234    000004b4                            : vc1vdec_ti_data_transfer.obj (.const:VC1VDEC_TI_LEVEL2_ICONT2DataSect4)
                  003336e8    000004b4                            : vc1vdec_ti_data_transfer.obj (.const:VC1VDEC_TI_LEVEL3_ICONT2DataSect4)
                  00333b9c    000004b4                            : vc1vdec_ti_data_transfer.obj (.const:VC1VDEC_TI_LEVEL4_ICONT2DataSect4)
                  00334050    00000480     jpegenc_ti_host.lib : jpegenc_ti_host.o (.const:tableLSECALCCmds)
                  003344d0    0000045c     mpeg4vdec_ti_host.lib : mpeg4vdec_ti_datatransfer.obj (.const:MPEG4VDEC_TI_ICONT1_DataSect2)
                  0033492c    00000440     vc1vdec_ti_host_M3.lib : vc1vdec_ti_data_transfer.obj (.const:VC1VDEC_TI_ICONT1DataSect2)
                  00334d6c    00000440                            : vc1vdec_ti_data_transfer.obj (.const:VC1VDEC_TI_LEVEL1_ICONT1DataSect2)
                  003351ac    00000440                            : vc1vdec_ti_data_transfer.obj (.const:VC1VDEC_TI_LEVEL2_ICONT1DataSect2)
                  003355ec    00000440                            : vc1vdec_ti_data_transfer.obj (.const:VC1VDEC_TI_LEVEL3_ICONT1DataSect2)
                  00335a2c    00000440                            : vc1vdec_ti_data_transfer.obj (.const:VC1VDEC_TI_LEVEL4_ICONT1DataSect2)
                  00335e6c    000003ac     h264vdec_ti.lib : h264vdec_ti_datatransfer.obj (.const:H264VDEC_TI_ICONT1_DataSect0)
                  00336218    000003ac                     : h264vdec_ti_datatransfer.obj (.const:H264VDEC_TI_ICONT1_HIGHRES_DataSect0)
                  003365c4    000003a4                     : h264vdec_ti_datatransfer.obj (.const:H264VDEC_TI_ICONT2_DataSect2)
                  00336968    00000304                     : h264vdec_ti_datatransfer.obj (.const:H264VDEC_TI_ICONT1_HIGHRES_DataSect7)
                  00336c6c    000002fc                     : h264vdec_ti_datatransfer.obj (.const:H264VDEC_TI_ICONT1_DataSect6)
                  00336f68    00000250     jpegenc_ti_host.lib : jpegenc_ti_host.o (.const:tableLSEECDCmds)
                  003371b8    00000240     mpeg2vdec_ti_host.lib : mpeg2vdec_ti_host.o (.const:tableLSECALCCmds)
                  003373f8    00000220     mpeg4venc_ti_host.lib : mpeg4enc_ti_process.obj (.const:MPEG4VENC_TI_ICONT1_DataSect2)
                  00337618    00000200     jpegvdec_ti_host.lib : jpegvdec_ti_host.o (.const:tableLSEECDCmds)
                  00337818    000001e4     ipu_pem4.oem4 (.const:ti_sdo_ipc_family_vayu_InterruptIpu_mailboxTable__C)
                  003379fc    000001e4     ipu_pem4.oem4 (.const:ti_sdo_ipc_family_vayu_NotifySetup_mailboxTable__C)
                  00337be0    000001d8     ipu_pem4.oem4 (.const:xdc_runtime_Text_nodeTab__A)
                  00337db8    000001a0     mpeg4venc_ti_host.lib : mpeg4enc_ti_process.obj (.const:MPEG4VENC_TI_ICONT2_DataSect2)
                  00337f58    00000188     vc1vdec_ti_host_M3.lib : vc1vdec_ti_data_transfer.obj (.const:VC1VDEC_TI_ICONT1DataSect3)
                  003380e0    00000188                            : vc1vdec_ti_data_transfer.obj (.const:VC1VDEC_TI_LEVEL1_ICONT1DataSect3)
                  00338268    00000188                            : vc1vdec_ti_data_transfer.obj (.const:VC1VDEC_TI_LEVEL2_ICONT1DataSect3)
                  003383f0    00000188                            : vc1vdec_ti_data_transfer.obj (.const:VC1VDEC_TI_LEVEL3_ICONT1DataSect3)
                  00338578    00000188                            : vc1vdec_ti_data_transfer.obj (.const:VC1VDEC_TI_LEVEL4_ICONT1DataSect3)
                  00338700    00000160     jpegenc_ti_host.lib : jpegenc_ti_host.o (.const)
                  00338860    0000013c     h264enc_ti_host.lib : ih264enc.obj (.const:H264ENC_TI_PARAMS)
                  0033899c    00000120     mpeg4venc_ti_host.lib : mpeg4enc_ti_ialg.obj (.const:ps32LevelLimitTab)
                  00338abc    00000101     rtsv7M4_T_le_eabi.lib : ctype.obj (.const:.string:_ctypes_)
                  00338bbd    00000001     ipu_pem4.oem4 (.const:ti_sysbios_family_arm_ducati_TimestampProvider_inpsel__C)
                  00338bbe    00000002     ipu_pem4.oem4 (.const:ti_deh_Watchdog_disableWatchdog__C)
                  00338bc0    00000100     mpeg4venc_ti_host.lib : mpeg4enc_ti_reconvdmadescriptors.obj (.const:MPEG4ENC_TI_StaticTableSection)
                  00338cc0    00000100     mpeg4vdec_ti_host.lib : mpeg4vdec_ti_ialg.obj (.const)
                  00338dc0    000000f0     h264enc_ti_host.lib : ih264enc.obj (.const:H264ENC_TI_DYNAMICPARAMS)
                  00338eb0    000000a8     ti.framework.dce.aem4 : dce.oem4 (.const:.string)
                  00338f58    000000a4     jpegvdec_ti_host.lib : jpegvdec_ti_host.o (.const)
                  00338ffc    00000098     mpeg2vdec_ti_host.lib : mpeg2vdec_ti_host.o (.const)
                  00339094    00000094     h264vdec_ti.lib : ih264vdec.obj (.const:IH264VDEC_PARAMS)
                  00339128    00000080     mpeg2vdec_ti_host.lib : mpeg2vdec_ti_host.o (.const:tableLSEECDCmds)
                  003391a8    0000006e     vc1vdec_ti_host_M3.lib : vc1vdec_ti_version.obj (.const:VC1VDEC_TI_version)
                  00339216    00000002     ipu_pem4.oem4 (.const:ti_sdo_ipc_family_vayu_InterruptIpu_Module__id__C)
                  00339218    0000006b     jpegvdec_ti_host.lib : jpegvdec_ti_host.o (.const:.string:$P$T0$1)
                  00339283    00000001     ipu_pem4.oem4 (.const:xdc_runtime_Error_policy__C)
                  00339284    00000060     mpeg2vdec_ti_host.lib : mpeg2vdec_ti_host.o (.const:.string:MPEG2VDEC_TI_version)
                  003392e4    0000005e     jpegenc_ti_host.lib : jpegenc_ti_host.o (.const:.string:JPEGVENC_TI_version)
                  00339342    00000002     ipu_pem4.oem4 (.const:ti_sdo_utils_MultiProc_Module__id__C)
                  00339344    00000058     vc1vdec_ti_host_M3.lib : vc1vdec_ti_ialg.obj (.const:VC1VDEC_TI_PARAMS)
                  0033939c    00000050     h264vdec_ti.lib : ih264vdec.obj (.const:IH264VDEC_TI_DYNAMICPARAMS)
                  003393ec    00000050     ipu_pem4.oem4 (.const:xdc_runtime_Startup_sfxnTab__A)
                  0033943c    00000044     ti.framework.dce.aem4 : ivahd.oem4 (.const:$O2$$)
                  00339480    00000040     h264vdec_ti.lib : h264vdec_ti_dpboutputframe.obj (.const:h264vdec_ti_maxDpbMbs)
                  003394c0    00000040     ipu_pem4.oem4 (.const:ti_sdo_ipc_family_vayu_InterruptIpu_mailboxBaseAddr__C)
                  00339500    00000040     ipu_pem4.oem4 (.const:ti_sdo_ipc_family_vayu_NotifySetup_mailboxBaseAddr__C)
                  00339540    0000003c     ipu_pem4.oem4 (.const:ti_sysbios_knl_Task_Object__PARAMS__C)
                  0033957c    00000035     mpeg4vdec_ti_host.lib : mpeg4vdec_ti_control.obj (.const:.string:$P$T0$1)
                  003395b1    00000001     --HOLE-- [fill = 0]
                  003395b2    00000002     ipu_pem4.oem4 (.const:ti_sdo_utils_MultiProc_numProcessors__C)
                  003395b4    00000034     h264vdec_ti.lib : h264vdec_ti_control.obj (.const:.string:$P$T0$1)
                  003395e8    00000034     ipu_pem4.oem4 (.const:xdc_runtime_LoggerSys_Module__FXNS__C)
                  0033961c    00000030     h264enc_ti_host.lib : h264enc_ti_ialgIvahd.obj (.const:.string:$P$T0$1)
                  0033964c    00000030                         : h264enc_ti_vt.obj (.const:H264ENC_TI_IH264ENC)
                  0033967c    00000030     vc1vdec_ti_host_M3.lib : vc1vdec_ti_ialg.obj (.const:VC1VDEC_TI_DYNAMICPARAMS)
                  003396ac    00000030     ipu_pem4.oem4 (.const:ti_sysbios_family_arm_m3_Hwi_Object__PARAMS__C)
                  003396dc    00000030     ipu_pem4.oem4 (.const:ti_sysbios_knl_Task_hooks__A)
                  0033970c    0000002c     h264enc_ti_host.lib : h264enc_ti_process.obj (.const)
                  00339738    0000002c     ipu_pem4.oem4 (.const:ti_sdo_ipc_family_vayu_InterruptIpu_procIdTable__C)
                  00339764    0000002c     ipu_pem4.oem4 (.const:ti_sdo_ipc_family_vayu_NotifySetup_procIdTable__C)
                  00339790    0000002c     ipu_pem4.oem4 (.const:ti_sysbios_heaps_HeapBuf_Object__PARAMS__C)
                  003397bc    0000002c     ipu_pem4.oem4 (.const:ti_sysbios_xdcruntime_ThreadSupport_Object__PARAMS__C)
                  003397e8    0000002c     ipu_pem4.oem4 (.const:xdc_runtime_knl_Thread_Object__PARAMS__C)
                  00339814    00000028     h264enc_ti_host.lib : H264BPEnc_ti_ires.obj (.const:H264ENC_TI_IRES)
                  0033983c    00000028     h264vdec_ti.lib : h264vdec_ti_ires.obj (.const:H264VDEC_TI_IRES)
                  00339864    00000028     mpeg4venc_ti_host.lib : mpeg4enc_ti_ires.obj (.const:MPEG4ENC_TI_IRES)
                  0033988c    00000028     ipu_pem4.oem4 (.const:ti_sysbios_heaps_HeapBuf_Module__FXNS__C)
                  003398b4    00000028     ipu_pem4.oem4 (.const:ti_sysbios_heaps_HeapMem_Module__FXNS__C)
                  003398dc    00000028     ipu_pem4.oem4 (.const:ti_sysbios_knl_Idle_coreList__A)
                  00339904    00000028     ipu_pem4.oem4 (.const:ti_sysbios_knl_Idle_funcList__A)
                  0033992c    00000028     ipu_pem4.oem4 (.const:ti_sysbios_knl_Swi_Object__PARAMS__C)
                  00339954    00000028     ipu_pem4.oem4 (.const:xdc_runtime_Startup_sfxnRts__A)
                  0033997c    00000024     h264enc_ti_host.lib : h264enc_ti_vt.obj (.const:H264ENC_TI_IALG)
                  003399a0    00000024     ipu_pem4.oem4 (.const:ti_sysbios_family_arm_ducati_GateSmp_Module__FXNS__C)
                  003399c4    00000024     ipu_pem4.oem4 (.const:ti_sysbios_gates_GateHwi_Module__FXNS__C)
                  003399e8    00000024     ipu_pem4.oem4 (.const:ti_sysbios_gates_GateMutexPri_Module__FXNS__C)
                  00339a0c    00000024     ipu_pem4.oem4 (.const:ti_sysbios_gates_GateMutex_Module__FXNS__C)
                  00339a30    00000024     ipu_pem4.oem4 (.const:ti_sysbios_heaps_HeapMem_Object__PARAMS__C)
                  00339a54    00000024     ipu_pem4.oem4 (.const:ti_sysbios_knl_Semaphore_Object__PARAMS__C)
                  00339a78    00000024     ipu_pem4.oem4 (.const:xdc_runtime_knl_GateProcess_Module__FXNS__C)
                  00339a9c    00000024     ipu_pem4.oem4 (.const:xdc_runtime_knl_GateThread_Module__FXNS__C)
                  00339ac0    00000020     h264vdec_ti.lib : h264vdec_ti_decode.obj (.const:.string)
                  00339ae0    00000020     jpegenc_ti_host.lib : jpegenc_ti_host.o (.const:JPEGENC_TI_ICONT1_DataSect0)
                  00339b00    00000020                         : jpegenc_ti_host.o (.const:JPEGENC_TI_ICONT1_LEVEL1_DataSect0)
                  00339b20    00000020                         : jpegenc_ti_host.o (.const:JPEGENC_TI_ICONT1_LEVEL2_DataSect0)
                  00339b40    00000020                         : jpegenc_ti_host.o (.const:JPEGENC_TI_ICONT1_LEVEL3_DataSect0)
                  00339b60    00000020                         : jpegenc_ti_host.o (.const:JPEGENC_TI_ICONT1_LEVEL4_DataSect0)
                  00339b80    00000020                         : jpegenc_ti_host.o (.const:JPEGENC_TI_ICONT2_DataSect0)
                  00339ba0    00000020                         : jpegenc_ti_host.o (.const:JPEGENC_TI_ICONT2_LEVEL1_DataSect0)
                  00339bc0    00000020                         : jpegenc_ti_host.o (.const:JPEGENC_TI_ICONT2_LEVEL2_DataSect0)
                  00339be0    00000020                         : jpegenc_ti_host.o (.const:JPEGENC_TI_ICONT2_LEVEL3_DataSect0)
                  00339c00    00000020                         : jpegenc_ti_host.o (.const:JPEGENC_TI_ICONT2_LEVEL4_DataSect0)
                  00339c20    00000020     jpegvdec_ti_host.lib : jpegvdec_ti_host.o (.const:JPEGVDEC_TI_ICONT1_DataSect0)
                  00339c40    00000020                          : jpegvdec_ti_host.o (.const:JPEGVDEC_TI_ICONT1_LEVEL1_DataSect0)
                  00339c60    00000020                          : jpegvdec_ti_host.o (.const:JPEGVDEC_TI_ICONT1_LEVEL2_DataSect0)
                  00339c80    00000020                          : jpegvdec_ti_host.o (.const:JPEGVDEC_TI_ICONT1_LEVEL3_DataSect0)
                  00339ca0    00000020                          : jpegvdec_ti_host.o (.const:JPEGVDEC_TI_ICONT1_LEVEL4_DataSect0)
                  00339cc0    00000020                          : jpegvdec_ti_host.o (.const:JPEGVDEC_TI_ICONT2_DataSect0)
                  00339ce0    00000020                          : jpegvdec_ti_host.o (.const:JPEGVDEC_TI_ICONT2_LEVEL1_DataSect0)
                  00339d00    00000020                          : jpegvdec_ti_host.o (.const:JPEGVDEC_TI_ICONT2_LEVEL2_DataSect0)
                  00339d20    00000020                          : jpegvdec_ti_host.o (.const:JPEGVDEC_TI_ICONT2_LEVEL3_DataSect0)
                  00339d40    00000020                          : jpegvdec_ti_host.o (.const:JPEGVDEC_TI_ICONT2_LEVEL4_DataSect0)
                  00339d60    00000020     mpeg2vdec_ti_host.lib : mpeg2vdec_ti_host.o (.const:MPEG2VDEC_TI_EC_DataSect0)
                  00339d80    00000020                           : mpeg2vdec_ti_host.o (.const:MPEG2VDEC_TI_ICONT1_DataSect0)
                  00339da0    00000020                           : mpeg2vdec_ti_host.o (.const:MPEG2VDEC_TI_ICONT1_LEVEL1_DataSect0)
                  00339dc0    00000020                           : mpeg2vdec_ti_host.o (.const:MPEG2VDEC_TI_ICONT1_LEVEL2_DataSect0)
                  00339de0    00000020                           : mpeg2vdec_ti_host.o (.const:MPEG2VDEC_TI_ICONT1_LEVEL3_DataSect0)
                  00339e00    00000020                           : mpeg2vdec_ti_host.o (.const:MPEG2VDEC_TI_ICONT1_LEVEL4_DataSect0)
                  00339e20    00000020                           : mpeg2vdec_ti_host.o (.const:MPEG2VDEC_TI_ICONT2_DataSect0)
                  00339e40    00000020                           : mpeg2vdec_ti_host.o (.const:MPEG2VDEC_TI_ICONT2_DataSect0)
                  00339e60    00000020                           : mpeg2vdec_ti_host.o (.const:MPEG2VDEC_TI_ICONT2_LEVEL1_DataSect0)
                  00339e80    00000020                           : mpeg2vdec_ti_host.o (.const:MPEG2VDEC_TI_ICONT2_LEVEL1_DataSect0)
                  00339ea0    00000020                           : mpeg2vdec_ti_host.o (.const:MPEG2VDEC_TI_ICONT2_LEVEL2_DataSect0)
                  00339ec0    00000020                           : mpeg2vdec_ti_host.o (.const:MPEG2VDEC_TI_ICONT2_LEVEL2_DataSect0)
                  00339ee0    00000020                           : mpeg2vdec_ti_host.o (.const:MPEG2VDEC_TI_ICONT2_LEVEL3_DataSect0)
                  00339f00    00000020                           : mpeg2vdec_ti_host.o (.const:MPEG2VDEC_TI_ICONT2_LEVEL3_DataSect0)
                  00339f20    00000020                           : mpeg2vdec_ti_host.o (.const:MPEG2VDEC_TI_ICONT2_LEVEL4_DataSect0)
                  00339f40    00000020                           : mpeg2vdec_ti_host.o (.const:MPEG2VDEC_TI_ICONT2_LEVEL4_DataSect0)
                  00339f60    00000020     mpeg4vdec_ti_host.lib : mpeg4vdec_ti_errconceal.obj (.const:MPEG4VDEC_TI_EC_DataSect0)
                  00339f80    00000020                           : mpeg4vdec_ti_datatransfer.obj (.const:MPEG4VDEC_TI_ICONT1_DEBUGTRACELEVEL1_DataSect0)
                  00339fa0    00000020                           : mpeg4vdec_ti_datatransfer.obj (.const:MPEG4VDEC_TI_ICONT1_DEBUGTRACELEVEL2_DataSect0)
                  00339fc0    00000020                           : mpeg4vdec_ti_datatransfer.obj (.const:MPEG4VDEC_TI_ICONT1_DataSect0)
                  00339fe0    00000020                           : mpeg4vdec_ti_datatransfer.obj (.const:MPEG4VDEC_TI_ICONT2_DEBUGTRACELEVEL1_DataSect0)
                  0033a000    00000020                           : mpeg4vdec_ti_datatransfer.obj (.const:MPEG4VDEC_TI_ICONT2_DEBUGTRACELEVEL2_DataSect0)
                  0033a020    00000020                           : mpeg4vdec_ti_datatransfer.obj (.const:MPEG4VDEC_TI_ICONT2_DataSect0)
                  0033a040    00000020     mpeg4venc_ti_host.lib : mpeg4enc_ti_process.obj (.const:MPEG4VENC_TI_ICONT1_DEBUGTRACE_LEVEL1_DataSect0)
                  0033a060    00000020                           : mpeg4enc_ti_process.obj (.const:MPEG4VENC_TI_ICONT1_DataSect0)
                  0033a080    00000020                           : mpeg4enc_ti_process.obj (.const:MPEG4VENC_TI_ICONT2_DEBUGTRACE_LEVEL1_DataSect0)
                  0033a0a0    00000020                           : mpeg4enc_ti_process.obj (.const:MPEG4VENC_TI_ICONT2_DataSect0)
                  0033a0c0    00000020     vc1vdec_ti_host_M3.lib : vc1vdec_ti_errconceal.obj (.const:VC1VDEC_TI_ERROR_CONCEAL_ICONT1DataSect0)
                  0033a0e0    00000020                            : vc1vdec_ti_data_transfer.obj (.const:VC1VDEC_TI_ICONT1DataSect0)
                  0033a100    00000020                            : vc1vdec_ti_data_transfer.obj (.const:VC1VDEC_TI_ICONT2DataSect0)
                  0033a120    00000020                            : vc1vdec_ti_data_transfer.obj (.const:VC1VDEC_TI_LEVEL1_ICONT1DataSect0)
                  0033a140    00000020                            : vc1vdec_ti_data_transfer.obj (.const:VC1VDEC_TI_LEVEL1_ICONT2DataSect0)
                  0033a160    00000020                            : vc1vdec_ti_data_transfer.obj (.const:VC1VDEC_TI_LEVEL2_ICONT1DataSect0)
                  0033a180    00000020                            : vc1vdec_ti_data_transfer.obj (.const:VC1VDEC_TI_LEVEL2_ICONT2DataSect0)
                  0033a1a0    00000020                            : vc1vdec_ti_data_transfer.obj (.const:VC1VDEC_TI_LEVEL3_ICONT1DataSect0)
                  0033a1c0    00000020                            : vc1vdec_ti_data_transfer.obj (.const:VC1VDEC_TI_LEVEL3_ICONT2DataSect0)
                  0033a1e0    00000020                            : vc1vdec_ti_data_transfer.obj (.const:VC1VDEC_TI_LEVEL4_ICONT1DataSect0)
                  0033a200    00000020                            : vc1vdec_ti_data_transfer.obj (.const:VC1VDEC_TI_LEVEL4_ICONT2DataSect0)
                  0033a220    00000020     ipu_pem4.oem4 (.const:ti_sdo_utils_List_Object__DESC__C)
                  0033a240    00000020     ipu_pem4.oem4 (.const:ti_sysbios_family_arm_ducati_GateSmp_Object__DESC__C)
                  0033a260    00000020     ipu_pem4.oem4 (.const:ti_sysbios_family_arm_m3_Hwi_Object__DESC__C)
                  0033a280    00000020     ipu_pem4.oem4 (.const:ti_sysbios_gates_GateHwi_Object__DESC__C)
                  0033a2a0    00000020     ipu_pem4.oem4 (.const:ti_sysbios_gates_GateMutexPri_Object__DESC__C)
                  0033a2c0    00000020     ipu_pem4.oem4 (.const:ti_sysbios_gates_GateMutex_Object__DESC__C)
                  0033a2e0    00000020     ipu_pem4.oem4 (.const:ti_sysbios_heaps_HeapBuf_Object__DESC__C)
                  0033a300    00000020     ipu_pem4.oem4 (.const:ti_sysbios_heaps_HeapMem_Object__DESC__C)
                  0033a320    00000020     ipu_pem4.oem4 (.const:ti_sysbios_knl_Queue_Object__DESC__C)
                  0033a340    00000020     ipu_pem4.oem4 (.const:ti_sysbios_knl_Semaphore_Object__DESC__C)
                  0033a360    00000020     ipu_pem4.oem4 (.const:ti_sysbios_knl_Swi_Object__DESC__C)
                  0033a380    00000020     ipu_pem4.oem4 (.const:ti_sysbios_knl_Task_Object__DESC__C)
                  0033a3a0    00000020     ipu_pem4.oem4 (.const:ti_sysbios_xdcruntime_GateProcessSupport_Object__DESC__C)
                  0033a3c0    00000020     ipu_pem4.oem4 (.const:ti_sysbios_xdcruntime_GateThreadSupport_Object__DESC__C)
                  0033a3e0    00000020     ipu_pem4.oem4 (.const:ti_sysbios_xdcruntime_SemThreadSupport_Object__DESC__C)
                  0033a400    00000020     ipu_pem4.oem4 (.const:ti_sysbios_xdcruntime_ThreadSupport_Object__DESC__C)
                  0033a420    00000020     ipu_pem4.oem4 (.const:xdc_runtime_LoggerSys_Object__DESC__C)
                  0033a440    00000020     ipu_pem4.oem4 (.const:xdc_runtime_knl_GateProcess_Object__DESC__C)
                  0033a460    00000020     ipu_pem4.oem4 (.const:xdc_runtime_knl_GateThread_Object__DESC__C)
                  0033a480    00000020     ipu_pem4.oem4 (.const:xdc_runtime_knl_SemThread_Module__FXNS__C)
                  0033a4a0    00000020     ipu_pem4.oem4 (.const:xdc_runtime_knl_SemThread_Object__DESC__C)
                  0033a4c0    00000020     ipu_pem4.oem4 (.const:xdc_runtime_knl_Thread_Object__DESC__C)
                  0033a4e0    0000001c     ipu_pem4.oem4 (.const:ti_sysbios_xdcruntime_GateProcessSupport_Object__PARAMS__C)
                  0033a4fc    0000001c     ipu_pem4.oem4 (.const:ti_sysbios_xdcruntime_SemThreadSupport_Object__PARAMS__C)
                  0033a518    0000001c     ipu_pem4.oem4 (.const:xdc_runtime_knl_GateProcess_Object__PARAMS__C)
                  0033a534    0000001c     ipu_pem4.oem4 (.const:xdc_runtime_knl_SemThread_Object__PARAMS__C)
                  0033a550    00000018     ipu_pem4.oem4 (.const)
                  0033a568    00000018     ipu_pem4.oem4 (.const:ti_sdo_utils_List_Object__PARAMS__C)
                  0033a580    00000018     ipu_pem4.oem4 (.const:ti_sysbios_family_arm_ducati_GateSmp_Object__PARAMS__C)
                  0033a598    00000018     ipu_pem4.oem4 (.const:ti_sysbios_gates_GateHwi_Object__PARAMS__C)
                  0033a5b0    00000018     ipu_pem4.oem4 (.const:ti_sysbios_gates_GateMutexPri_Object__PARAMS__C)
                  0033a5c8    00000018     ipu_pem4.oem4 (.const:ti_sysbios_gates_GateMutex_Object__PARAMS__C)
                  0033a5e0    00000018     ipu_pem4.oem4 (.const:ti_sysbios_knl_Queue_Object__PARAMS__C)
                  0033a5f8    00000018     ipu_pem4.oem4 (.const:ti_sysbios_knl_Swi_hooks__A)
                  0033a610    00000018     ipu_pem4.oem4 (.const:ti_sysbios_xdcruntime_GateThreadSupport_Object__PARAMS__C)
                  0033a628    00000018     ipu_pem4.oem4 (.const:xdc_runtime_LoggerSys_Object__PARAMS__C)
                  0033a640    00000018     ipu_pem4.oem4 (.const:xdc_runtime_knl_GateThread_Object__PARAMS__C)
                  0033a658    00000014     ipu_pem4.oem4 (.const:ti_sdo_utils_MultiProc_nameList__A)
                  0033a66c    00000012     ti.trace_smp.aem4 : SysMin.oem4 (.const:.string:$P$T0$5)
                  0033a67e    00000002     ipu_pem4.oem4 (.const:ti_sdo_utils_MultiProc_numProcsInCluster__C)
                  0033a680    00000012     ti.grcm.aem4 : RcmServer.oem4 (.const:.string)
                  0033a692    00000011     ti.targets.arm.rtsarm.aem4 : System.oem4 (.const:.string)
                  0033a6a3    00000001     --HOLE-- [fill = 0]
                  0033a6a4    00000010     ipu.aem4 : iresman_tiledmemory.oem4 (.const:$P$T0$1)
                  0033a6b4    00000010              : iresman_tiledmemory.oem4 (.const:$P$T1$2)
                  0033a6c4    00000010     ipu_pem4.oem4 (.const:xdc_runtime_Startup_firstFxns__A)
                  0033a6d4    0000000a     ce.aem4 : Engine.oem4 (.const:.string)
                  0033a6de    00000002     ipu_pem4.oem4 (.const:ti_sysbios_BIOS_smpEnabled__C)
                  0033a6e0    0000000a     ipc_bios_nomsg.aem4 : Processor_noOS.oem4 (.const:.string)
                  0033a6ea    00000002     ipu_pem4.oem4 (.const:ti_sysbios_BIOS_swiEnabled__C)
                  0033a6ec    00000008     ipu_pem4.oem4 (.const:ti_sysbios_family_arm_ducati_smp_Power_preSuspendHooks__C)
                  0033a6f4    00000008     ipu_pem4.oem4 (.const:ti_sysbios_knl_Idle_coreList__C)
                  0033a6fc    00000008     ipu_pem4.oem4 (.const:ti_sysbios_knl_Idle_funcList__C)
                  0033a704    00000008     ipu_pem4.oem4 (.const:ti_sysbios_knl_Swi_hooks__C)
                  0033a70c    00000008     ipu_pem4.oem4 (.const:ti_sysbios_knl_Task_hooks__C)
                  0033a714    00000008     ipu_pem4.oem4 (.const:xdc_runtime_Startup_firstFxns__C)
                  0033a71c    00000008     ipu_pem4.oem4 (.const:xdc_runtime_Startup_lastFxns__C)
                  0033a724    00000006     dskt2.aem4 : dskt2_scratch.oem4 (.const)
                  0033a72a    00000002     ipu_pem4.oem4 (.const:ti_sysbios_BIOS_taskEnabled__C)
                  0033a72c    00000004     ipu_pem4.oem4 (.const:ti_sdo_ipc_family_vayu_InterruptIpu_Module__diagsEnabled__C)
                  0033a730    00000004     ipu_pem4.oem4 (.const:ti_sdo_ipc_family_vayu_InterruptIpu_Module__diagsIncluded__C)
                  0033a734    00000004     ipu_pem4.oem4 (.const:ti_sdo_ipc_family_vayu_InterruptIpu_Module__diagsMask__C)
                  0033a738    00000004     ipu_pem4.oem4 (.const:ti_sdo_ipc_family_vayu_InterruptIpu_ducatiCtrlBaseAddr__C)
                  0033a73c    00000004     ipu_pem4.oem4 (.const:ti_sdo_ipc_family_vayu_InterruptIpu_ipu1_0ProcId__C)
                  0033a740    00000004     ipu_pem4.oem4 (.const:ti_sdo_ipc_family_vayu_InterruptIpu_ipu1_1ProcId__C)
                  0033a744    00000004     ipu_pem4.oem4 (.const:ti_sdo_ipc_family_vayu_InterruptIpu_ipu2_0ProcId__C)
                  0033a748    00000004     ipu_pem4.oem4 (.const:ti_sdo_ipc_family_vayu_InterruptIpu_ipu2_1ProcId__C)
                  0033a74c    00000004     ipu_pem4.oem4 (.const:ti_sdo_utils_MultiProc_A_invalidMultiProcId__C)
                  0033a750    00000004     ipu_pem4.oem4 (.const:ti_sdo_utils_MultiProc_A_invalidProcName__C)
                  0033a754    00000004     ipu_pem4.oem4 (.const:ti_sdo_utils_MultiProc_Module__diagsEnabled__C)
                  0033a758    00000004     ipu_pem4.oem4 (.const:ti_sdo_utils_MultiProc_Module__diagsIncluded__C)
                  0033a75c    00000004     ipu_pem4.oem4 (.const:ti_sdo_utils_MultiProc_Module__diagsMask__C)
                  0033a760    00000004     ipu_pem4.oem4 (.const:ti_sdo_utils_MultiProc_nameList__C)
                  0033a764    00000004     ipu_pem4.oem4 (.const:ti_sysbios_family_arm_ducati_Core_core1HwiStackSize__C)
                  0033a768    00000004     ipu_pem4.oem4 (.const:ti_sysbios_family_arm_ducati_Core_gate__C)
                  0033a76c    00000004     ipu_pem4.oem4 (.const:ti_sysbios_family_arm_ducati_Core_ipuId__C)
                  0033a770    00000004     ipu_pem4.oem4 (.const:ti_sysbios_family_arm_ducati_smp_Power_gate__C)
                  0033a774    00000004     ipu_pem4.oem4 (.const:ti_sysbios_family_arm_ducati_smp_Power_postSuspendHooks__A)
                  0033a778    00000004     ipu_pem4.oem4 (.const:ti_sysbios_family_arm_ducati_smp_Power_preSuspendHooks__A)
                  0033a77c    00000004     ipu_pem4.oem4 (.const:ti_sysbios_family_arm_ducati_smp_Power_sdmaRegs__C)
                  0033a780    00000004     ipu_pem4.oem4 (.const:ti_sysbios_family_arm_ducati_smp_Power_semCore0__C)
                  0033a784    00000004     ipu_pem4.oem4 (.const:ti_sysbios_family_arm_ducati_smp_Power_semCore1__C)
                  0033a788    00000004     ipu_pem4.oem4 (.const:ti_sysbios_family_arm_m3_Hwi_E_NMI__C)
                  0033a78c    00000004     ipu_pem4.oem4 (.const:ti_sysbios_family_arm_m3_Hwi_E_alreadyDefined__C)
                  0033a790    00000004     ipu_pem4.oem4 (.const:ti_sysbios_family_arm_m3_Hwi_E_busFault__C)
                  0033a794    00000004     ipu_pem4.oem4 (.const:ti_sysbios_family_arm_m3_Hwi_E_debugMon__C)
                  0033a798    00000004     ipu_pem4.oem4 (.const:ti_sysbios_family_arm_m3_Hwi_E_hardFault__C)
                  0033a79c    00000004     ipu_pem4.oem4 (.const:ti_sysbios_family_arm_m3_Hwi_E_memFault__C)
                  0033a7a0    00000004     ipu_pem4.oem4 (.const:ti_sysbios_family_arm_m3_Hwi_E_noIsr__C)
                  0033a7a4    00000004     ipu_pem4.oem4 (.const:ti_sysbios_family_arm_m3_Hwi_E_reserved__C)
                  0033a7a8    00000004     ipu_pem4.oem4 (.const:ti_sysbios_family_arm_m3_Hwi_E_svCall__C)
                  0033a7ac    00000004     ipu_pem4.oem4 (.const:ti_sysbios_family_arm_m3_Hwi_E_usageFault__C)
                  0033a7b0    00000004     ipu_pem4.oem4 (.const:ti_sysbios_family_arm_m3_Hwi_NUM_INTERRUPTS__C)
                  0033a7b4    00000004     ipu_pem4.oem4 (.const:ti_sysbios_family_arm_m3_Hwi_Object__count__C)
                  0033a7b8    00000004     ipu_pem4.oem4 (.const:ti_sysbios_family_arm_m3_Hwi_ccr__C)
                  0033a7bc    00000004     ipu_pem4.oem4 (.const:ti_sysbios_family_arm_m3_Hwi_disablePriority__C)
                  0033a7c0    00000004     ipu_pem4.oem4 (.const:ti_sysbios_family_arm_m3_Hwi_excHandlerFunc__C)
                  0033a7c4    00000004     ipu_pem4.oem4 (.const:ti_sysbios_family_arm_m3_Hwi_nullIsrFunc__C)
                  0033a7c8    00000004     ipu_pem4.oem4 (.const:ti_sysbios_family_arm_m3_Hwi_priGroup__C)
                  0033a7cc    00000004     ipu_pem4.oem4 (.const:ti_sysbios_family_arm_m3_TaskSupport_stackAlignment__C)
                  0033a7d0    00000004     ipu_pem4.oem4 (.const:ti_sysbios_family_shared_vayu_IntXbar_mmrBaseAddr__C)
                  0033a7d4    00000004     ipu_pem4.oem4 (.const:ti_sysbios_gates_GateMutexPri_Instance_State_pendQ__O)
                  0033a7d8    00000004     ipu_pem4.oem4 (.const:ti_sysbios_gates_GateMutex_Instance_State_sem__O)
                  0033a7dc    00000004     ipu_pem4.oem4 (.const:ti_sysbios_hal_Hwi_E_stackOverflow__C)
                  0033a7e0    00000004     ipu_pem4.oem4 (.const:ti_sysbios_hal_SecondsClock_Module_State_clock__O)
                  0033a7e4    00000004     ipu_pem4.oem4 (.const:ti_sysbios_hal_unicache_Cache_Module__gateObj__C)
                  0033a7e8    00000004     ipu_pem4.oem4 (.const:ti_sysbios_hal_unicache_Cache_l1ocpConfig__C)
                  0033a7ec    00000004     ipu_pem4.oem4 (.const:ti_sysbios_hal_unicache_Cache_l1secConfig__C)
                  0033a7f0    00000004     ipu_pem4.oem4 (.const:ti_sysbios_hal_unicache_Cache_l2ocpConfig__C)
                  0033a7f4    00000004     ipu_pem4.oem4 (.const:ti_sysbios_hal_unicache_Cache_l2secConfig__C)
                  0033a7f8    00000004     ipu_pem4.oem4 (.const:ti_sysbios_hal_unicache_Cache_maxLineModeBufSize__C)
                  0033a7fc    00000004     ipu_pem4.oem4 (.const:ti_sysbios_heaps_HeapBuf_E_size__C)
                  0033a800    00000004     ipu_pem4.oem4 (.const:ti_sysbios_heaps_HeapBuf_Instance_State_freeList__O)
                  0033a804    00000004     ipu_pem4.oem4 (.const:ti_sysbios_heaps_HeapBuf_Object__count__C)
                  0033a808    00000004     ipu_pem4.oem4 (.const:ti_sysbios_heaps_HeapBuf_numConstructedHeaps__C)
                  0033a80c    00000004     ipu_pem4.oem4 (.const:ti_sysbios_heaps_HeapMem_E_memory__C)
                  0033a810    00000004     ipu_pem4.oem4 (.const:ti_sysbios_heaps_HeapMem_Module__gateObj__C)
                  0033a814    00000004     ipu_pem4.oem4 (.const:ti_sysbios_heaps_HeapMem_Object__count__C)
                  0033a818    00000004     ipu_pem4.oem4 (.const:ti_sysbios_heaps_HeapMem_reqAlign__C)
                  0033a81c    00000004     ipu_pem4.oem4 (.const:ti_sysbios_knl_Clock_Module_State_clockQ__O)
                  0033a820    00000004     ipu_pem4.oem4 (.const:ti_sysbios_knl_Clock_doTickFunc__C)
                  0033a824    00000004     ipu_pem4.oem4 (.const:ti_sysbios_knl_Clock_tickPeriod__C)
                  0033a828    00000004     ipu_pem4.oem4 (.const:ti_sysbios_knl_Mailbox_Instance_State_freeQue__O)
                  0033a82c    00000004     ipu_pem4.oem4 (.const:ti_sysbios_knl_Mailbox_Object__count__C)
                  0033a830    00000004     ipu_pem4.oem4 (.const:ti_sysbios_knl_Mailbox_maxTypeAlign__C)
                  0033a834    00000004     ipu_pem4.oem4 (.const:ti_sysbios_knl_Semaphore_Instance_State_pendQ__O)
                  0033a838    00000004     ipu_pem4.oem4 (.const:ti_sysbios_knl_Swi_Object__count__C)
                  0033a83c    00000004     ipu_pem4.oem4 (.const:ti_sysbios_knl_Swi_Object__heap__C)
                  0033a840    00000004     ipu_pem4.oem4 (.const:ti_sysbios_knl_Swi_numConstructedSwis__C)
                  0033a844    00000004     ipu_pem4.oem4 (.const:ti_sysbios_knl_Swi_numPriorities__C)
                  0033a848    00000004     ipu_pem4.oem4 (.const:ti_sysbios_knl_Task_E_spOutOfBounds__C)
                  0033a84c    00000004     ipu_pem4.oem4 (.const:ti_sysbios_knl_Task_E_stackOverflow__C)
                  0033a850    00000004     ipu_pem4.oem4 (.const:ti_sysbios_knl_Task_Module_State_inactiveQ__O)
                  0033a854    00000004     ipu_pem4.oem4 (.const:ti_sysbios_knl_Task_Object__count__C)
                  0033a858    00000004     ipu_pem4.oem4 (.const:ti_sysbios_knl_Task_Object__heap__C)
                  0033a85c    00000004     ipu_pem4.oem4 (.const:ti_sysbios_knl_Task_allBlockedFunc__C)
                  0033a860    00000004     ipu_pem4.oem4 (.const:ti_sysbios_knl_Task_defaultStackHeap__C)
                  0033a864    00000004     ipu_pem4.oem4 (.const:ti_sysbios_knl_Task_defaultStackSize__C)
                  0033a868    00000004     ipu_pem4.oem4 (.const:ti_sysbios_knl_Task_numConstructedTasks__C)
                  0033a86c    00000004     ipu_pem4.oem4 (.const:ti_sysbios_knl_Task_startupHookFunc__C)
                  0033a870    00000004     ipu_pem4.oem4 (.const:ti_sysbios_timers_dmtimer_Timer_E_cannotSupport__C)
                  0033a874    00000004     ipu_pem4.oem4 (.const:ti_sysbios_timers_dmtimer_Timer_E_freqMismatch__C)
                  0033a878    00000004     ipu_pem4.oem4 (.const:ti_sysbios_timers_dmtimer_Timer_Object__count__C)
                  0033a87c    00000004     ipu_pem4.oem4 (.const:ti_sysbios_timers_dmtimer_Timer_numTimerDevices__C)
                  0033a880    00000004     ipu_pem4.oem4 (.const:ti_sysbios_utils_Load_Module_State_taskList__O)
                  0033a884    00000004     ipu_pem4.oem4 (.const:ti_sysbios_utils_Load_Module__diagsEnabled__C)
                  0033a888    00000004     ipu_pem4.oem4 (.const:ti_sysbios_utils_Load_Module__diagsIncluded__C)
                  0033a88c    00000004     ipu_pem4.oem4 (.const:ti_sysbios_utils_Load_Module__diagsMask__C)
                  0033a890    00000004     ipu_pem4.oem4 (.const:ti_sysbios_utils_Load_postUpdate__C)
                  0033a894    00000004     ipu_pem4.oem4 (.const:ti_sysbios_utils_Load_windowInMs__C)
                  0033a898    00000004     ipu_pem4.oem4 (.const:ti_sysbios_xdcruntime_GateProcessSupport_Instance_State_gate__O)
                  0033a89c    00000004     ipu_pem4.oem4 (.const:ti_sysbios_xdcruntime_GateThreadSupport_Instance_State_gate__O)
                  0033a8a0    00000004     ipu_pem4.oem4 (.const:ti_sysbios_xdcruntime_SemThreadSupport_Instance_State_sem__O)
                  0033a8a4    00000004     ipu_pem4.oem4 (.const:ti_sysbios_xdcruntime_ThreadSupport_E_priority__C)
                  0033a8a8    00000004     ipu_pem4.oem4 (.const:ti_sysbios_xdcruntime_ThreadSupport_Instance_State_join_sem__O)
                  0033a8ac    00000004     ipu_pem4.oem4 (.const:ti_sysbios_xdcruntime_ThreadSupport_aboveNormalPriority__C)
                  0033a8b0    00000004     ipu_pem4.oem4 (.const:ti_sysbios_xdcruntime_ThreadSupport_belowNormalPriority__C)
                  0033a8b4    00000004     ipu_pem4.oem4 (.const:ti_sysbios_xdcruntime_ThreadSupport_highestPriority__C)
                  0033a8b8    00000004     ipu_pem4.oem4 (.const:ti_sysbios_xdcruntime_ThreadSupport_lowestPriority__C)
                  0033a8bc    00000004     ipu_pem4.oem4 (.const:ti_sysbios_xdcruntime_ThreadSupport_normalPriority__C)
                  0033a8c0    00000004     ipu_pem4.oem4 (.const:ti_trace_SysMin_bufSize__C)
                  0033a8c4    00000004     ipu_pem4.oem4 (.const:xdc_runtime_Assert_E_assertFailed__C)
                  0033a8c8    00000004     ipu_pem4.oem4 (.const:xdc_runtime_Core_A_initializedParams__C)
                  0033a8cc    00000004     ipu_pem4.oem4 (.const:xdc_runtime_Core_Module__diagsEnabled__C)
                  0033a8d0    00000004     ipu_pem4.oem4 (.const:xdc_runtime_Core_Module__diagsIncluded__C)
                  0033a8d4    00000004     ipu_pem4.oem4 (.const:xdc_runtime_Core_Module__diagsMask__C)
                  0033a8d8    00000004     ipu_pem4.oem4 (.const:xdc_runtime_Diags_dictBase__C)
                  0033a8dc    00000004     ipu_pem4.oem4 (.const:xdc_runtime_Error_E_generic__C)
                  0033a8e0    00000004     ipu_pem4.oem4 (.const:xdc_runtime_Error_E_memory__C)
                  0033a8e4    00000004     ipu_pem4.oem4 (.const:xdc_runtime_Error_Module__diagsEnabled__C)
                  0033a8e8    00000004     ipu_pem4.oem4 (.const:xdc_runtime_Error_Module__diagsIncluded__C)
                  0033a8ec    00000004     ipu_pem4.oem4 (.const:xdc_runtime_Error_Module__diagsMask__C)
                  0033a8f0    00000004     ipu_pem4.oem4 (.const:xdc_runtime_Error_Module__loggerFxn8__C)
                  0033a8f4    00000004     ipu_pem4.oem4 (.const:xdc_runtime_Error_Module__loggerObj__C)
                  0033a8f8    00000004     ipu_pem4.oem4 (.const:xdc_runtime_Error_policyFxn__C)
                  0033a8fc    00000004     ipu_pem4.oem4 (.const:xdc_runtime_Error_raiseHook__C)
                  0033a900    00000004     ipu_pem4.oem4 (.const:xdc_runtime_IGateProvider_Interface__BASE__C)
                  0033a904    00000004     ipu_pem4.oem4 (.const:xdc_runtime_IHeap_Interface__BASE__C)
                  0033a908    00000004     ipu_pem4.oem4 (.const:xdc_runtime_ILogger_Interface__BASE__C)
                  0033a90c    00000004     ipu_pem4.oem4 (.const:xdc_runtime_IModule_Interface__BASE__C)
                  0033a910    00000004     ipu_pem4.oem4 (.const:xdc_runtime_Log_L_error__C)
                  0033a914    00000004     ipu_pem4.oem4 (.const:xdc_runtime_Log_L_warning__C)
                  0033a918    00000004     ipu_pem4.oem4 (.const:xdc_runtime_Main_Module__diagsEnabled__C)
                  0033a91c    00000004     ipu_pem4.oem4 (.const:xdc_runtime_Main_Module__diagsIncluded__C)
                  0033a920    00000004     ipu_pem4.oem4 (.const:xdc_runtime_Main_Module__diagsMask__C)
                  0033a924    00000004     ipu_pem4.oem4 (.const:xdc_runtime_Main_Module__loggerFxn1__C)
                  0033a928    00000004     ipu_pem4.oem4 (.const:xdc_runtime_Main_Module__loggerFxn2__C)
                  0033a92c    00000004     ipu_pem4.oem4 (.const:xdc_runtime_Main_Module__loggerObj__C)
                  0033a930    00000004     ipu_pem4.oem4 (.const:xdc_runtime_Memory_defaultHeapInstance__C)
                  0033a934    00000004     ipu_pem4.oem4 (.const:xdc_runtime_Registry_Module__diagsEnabled__C)
                  0033a938    00000004     ipu_pem4.oem4 (.const:xdc_runtime_Registry_Module__diagsIncluded__C)
                  0033a93c    00000004     ipu_pem4.oem4 (.const:xdc_runtime_Registry_Module__diagsMask__C)
                  0033a940    00000004     ipu_pem4.oem4 (.const:xdc_runtime_Registry_Module__loggerFxn1__C)
                  0033a944    00000004     ipu_pem4.oem4 (.const:xdc_runtime_Registry_Module__loggerFxn2__C)
                  0033a948    00000004     ipu_pem4.oem4 (.const:xdc_runtime_Registry_Module__loggerFxn4__C)
                  0033a94c    00000004     ipu_pem4.oem4 (.const:xdc_runtime_Registry_Module__loggerFxn8__C)
                  0033a950    00000004     ipu_pem4.oem4 (.const:xdc_runtime_Registry_Module__loggerObj__C)
                  0033a954    00000004     ipu_pem4.oem4 (.const:xdc_runtime_Startup_execImpl__C)
                  0033a958    00000004     ipu_pem4.oem4 (.const:xdc_runtime_Startup_maxPasses__C)
                  0033a95c    00000004     ipu_pem4.oem4 (.const:xdc_runtime_Startup_sfxnRts__C)
                  0033a960    00000004     ipu_pem4.oem4 (.const:xdc_runtime_Startup_sfxnTab__C)
                  0033a964    00000004     ipu_pem4.oem4 (.const:xdc_runtime_System_Module__gateObj__C)
                  0033a968    00000004     ipu_pem4.oem4 (.const:xdc_runtime_System_abortFxn__C)
                  0033a96c    00000004     ipu_pem4.oem4 (.const:xdc_runtime_System_exitFxn__C)
                  0033a970    00000004     ipu_pem4.oem4 (.const:xdc_runtime_System_extendFxn__C)
                  0033a974    00000004     ipu_pem4.oem4 (.const:xdc_runtime_System_maxAtexitHandlers__C)
                  0033a978    00000004     ipu_pem4.oem4 (.const:xdc_runtime_Text_charTab__C)
                  0033a97c    00000004     ipu_pem4.oem4 (.const:xdc_runtime_Text_nameEmpty__C)
                  0033a980    00000004     ipu_pem4.oem4 (.const:xdc_runtime_Text_nameStatic__C)
                  0033a984    00000004     ipu_pem4.oem4 (.const:xdc_runtime_Text_nameUnknown__C)
                  0033a988    00000004     ipu_pem4.oem4 (.const:xdc_runtime_Text_nodeTab__C)
                  0033a98c    00000004     ipu_pem4.oem4 (.const:xdc_runtime_Text_visitRopeFxn__C)
                  0033a990    00000004     ipu_pem4.oem4 (.const:xdc_runtime_knl_GateProcess_A_invalidKey__C)
                  0033a994    00000004     ipu_pem4.oem4 (.const:xdc_runtime_knl_GateProcess_Module__diagsEnabled__C)
                  0033a998    00000004     ipu_pem4.oem4 (.const:xdc_runtime_knl_GateProcess_Module__diagsIncluded__C)
                  0033a99c    00000004     ipu_pem4.oem4 (.const:xdc_runtime_knl_GateProcess_Module__diagsMask__C)
                  0033a9a0    00000004     ipu_pem4.oem4 (.const:xdc_runtime_knl_ISemaphore_Interface__BASE__C)
                  0033a9a4    00000004     ipu_pem4.oem4 (.const:xdc_runtime_knl_Thread_defaultStackSize__C)
                  0033a9a8    00000002     ipu_pem4.oem4 (.const:ti_sysbios_family_arm_ducati_Core_syncExits__C)
                  0033a9aa    00000002     ipu_pem4.oem4 (.const:ti_sysbios_family_arm_ducati_smp_Power_enable__C)
                  0033a9ac    00000002     ipu_pem4.oem4 (.const:ti_sysbios_family_arm_m3_Hwi_Module__id__C)
                  0033a9ae    00000002     ipu_pem4.oem4 (.const:ti_sysbios_hal_Hwi_Module__id__C)
                  0033a9b0    00000002     ipu_pem4.oem4 (.const:ti_sysbios_hal_ammu_AMMU_configureAmmu__C)
                  0033a9b2    00000002     ipu_pem4.oem4 (.const:ti_sysbios_hal_unicache_Cache_configureCache__C)
                  0033a9b4    00000002     ipu_pem4.oem4 (.const:ti_sysbios_hal_unicache_Cache_enableCache__C)
                  0033a9b6    00000002     ipu_pem4.oem4 (.const:ti_sysbios_hal_unicache_Cache_l2CacheSupported__C)
                  0033a9b8    00000002     ipu_pem4.oem4 (.const:ti_sysbios_heaps_HeapBuf_Module__id__C)
                  0033a9ba    00000002     ipu_pem4.oem4 (.const:ti_sysbios_heaps_HeapBuf_trackMaxAllocs__C)
                  0033a9bc    00000002     ipu_pem4.oem4 (.const:ti_sysbios_heaps_HeapMem_Module__id__C)
                  0033a9be    00000002     ipu_pem4.oem4 (.const:ti_sysbios_knl_Task_Module__id__C)
                  0033a9c0    00000002     ipu_pem4.oem4 (.const:ti_sysbios_timers_dmtimer_Timer_Module__id__C)
                  0033a9c2    00000002     ipu_pem4.oem4 (.const:ti_sysbios_timers_dmtimer_Timer_checkFrequency__C)
                  0033a9c4    00000002     ipu_pem4.oem4 (.const:ti_sysbios_timers_dmtimer_Timer_startupNeeded__C)
                  0033a9c6    00000002     ipu_pem4.oem4 (.const:ti_sysbios_utils_Load_autoAddTasks__C)
                  0033a9c8    00000002     ipu_pem4.oem4 (.const:ti_sysbios_utils_Load_hwiEnabled__C)
                  0033a9ca    00000002     ipu_pem4.oem4 (.const:ti_sysbios_utils_Load_swiEnabled__C)
                  0033a9cc    00000002     ipu_pem4.oem4 (.const:ti_sysbios_utils_Load_taskEnabled__C)
                  0033a9ce    00000002     ipu_pem4.oem4 (.const:ti_sysbios_utils_Load_updateInIdle__C)
                  0033a9d0    00000002     ipu_pem4.oem4 (.const:ti_sysbios_xdcruntime_ThreadSupport_Module__id__C)
                  0033a9d2    00000002     ipu_pem4.oem4 (.const:xdc_runtime_Core_Module__id__C)
                  0033a9d4    00000002     ipu_pem4.oem4 (.const:xdc_runtime_Diags_setMaskEnabled__C)
                  0033a9d6    00000002     ipu_pem4.oem4 (.const:xdc_runtime_Error_Module__loggerDefined__C)
                  0033a9d8    00000002     ipu_pem4.oem4 (.const:xdc_runtime_Error_maxDepth__C)
                  0033a9da    00000002     ipu_pem4.oem4 (.const:xdc_runtime_Main_Module__id__C)
                  0033a9dc    00000002     ipu_pem4.oem4 (.const:xdc_runtime_Main_Module__loggerDefined__C)
                  0033a9de    00000002     ipu_pem4.oem4 (.const:xdc_runtime_Memory_Module__id__C)
                  0033a9e0    00000002     ipu_pem4.oem4 (.const:xdc_runtime_Registry_Module__loggerDefined__C)
                  0033a9e2    00000002     ipu_pem4.oem4 (.const:xdc_runtime_Text_charCnt__C)
                  0033a9e4    00000002     ipu_pem4.oem4 (.const:xdc_runtime_Text_isLoaded__C)
                  0033a9e6    00000002     ipu_pem4.oem4 (.const:xdc_runtime_Text_registryModsLastId__C)
                  0033a9e8    00000002     ipu_pem4.oem4 (.const:xdc_runtime_Text_unnamedModsLastId__C)
                  0033a9ea    00000002     ipu_pem4.oem4 (.const:xdc_runtime_knl_GateProcess_Module__id__C)

.const:ti_sysbios_hal_ammu_AMMU_numLargePages__C 
*          0    0033a9ec    00000004     
                  0033a9ec    00000004     ipu_pem4.oem4 (.const:ti_sysbios_hal_ammu_AMMU_numLargePages__C)

.const:ti_sysbios_hal_ammu_AMMU_numLinePages__C 
*          0    0038733c    00000004     
                  0038733c    00000004     ipu_pem4.oem4 (.const:ti_sysbios_hal_ammu_AMMU_numLinePages__C)

.const:ti_sysbios_hal_ammu_AMMU_numMediumPages__C 
*          0    0038737c    00000004     
                  0038737c    00000004     ipu_pem4.oem4 (.const:ti_sysbios_hal_ammu_AMMU_numMediumPages__C)

.const:ti_sysbios_hal_ammu_AMMU_numSmallPages__C 
*          0    003873bc    00000004     
                  003873bc    00000004     ipu_pem4.oem4 (.const:ti_sysbios_hal_ammu_AMMU_numSmallPages__C)

.const:ti_sysbios_hal_ammu_AMMU_mmuInitConfig__C 
*          0    0038a644    000004b8     
                  0038a644    000004b8     ipu_pem4.oem4 (.const:ti_sysbios_hal_ammu_AMMU_mmuInitConfig__C)

.tracebuf 
*          0    9f000000    00008000     UNINITIALIZED
                  9f000000    00008000     ipu_pem4.oem4 (.tracebuf)

.errorbuf 
*          0    9f060000    00000200     UNINITIALIZED
                  9f060000    00000200     ipu_pem4.oem4 (.errorbuf)

.ipummversion 
*          0    00000000    00000080     COPY SECTION
                  00000000    00000080     main.oem4 (.ipummversion)

.systemHeap 
*          0    80200000    02800000     UNINITIALIZED
                  80200000    02800000     ipu_pem4.oem4 (.systemHeap)

.ti_sysbios_family_arm_ducati_smp_Power 
*          0    9f070000    0001027c     UNINITIALIZED
                  9f070000    0001027c     sysbios.aem4 : BIOS.obj (.ti_sysbios_family_arm_ducati_smp_Power)

xdc.meta   0    00004000    0000015f     COPY SECTION
                  00004000    0000015f     ipu_pem4.oem4 (xdc.meta)

.text.1    0    0033a9f0    0004c94c     
                  0033a9f0    00003114     mpeg2vdec_ti_host.lib : mpeg2vdec_ti_host.o (.text)
                  0033db04    00003080     jpegvdec_ti_host.lib : jpegvdec_ti_host.o (.text)
                  00340b84    00002a90     jpegenc_ti_host.lib : jpegenc_ti_host.o (.text)
                  00343614    000011ca     h264enc_ti_host.lib : h264enc_ti_process.obj (.text:H264ENC_TI_encodemulti)
                  003447de    00000002     fcsettings.aem4 : FCSettings.oem4 (.text:FCSettings_exit)
                  003447e0    00001198     vc1vdec_ti_host_M3.lib : vc1vdec_ti_data_transfer.obj (.text:VC1VDEC_TI_Boot)
                  00345978    00001130     hdvicp2.aem4 : iresman_hdvicp2.oem4 (.text:IRESMAN_HDVICP2_getHandles)
                  00346aa8    00001122     rtsv7M4_T_le_eabi.lib : _printfi.obj (.text)
                  00347bca    00000002     fcutils.aem4 : fcutils.oem4 (.text:FC_resume)
                  00347bcc    000010a0     dskt2.aem4 : dskt2_scratch.oem4 (.text:_DSKT2_assignInstanceMemory)
                  00348c6c    00001078     ce.aem4 : Engine.oem4 (.text:Engine_initFromServer)
                  00349ce4    00000eec     dskt2.aem4 : dskt2crea.oem4 (.text:DSKT2_createAlg3)
                  0034abd0    00000d1c     mpeg4venc_ti_host.lib : mpeg4enc_ti_process.obj (.text:MPEG4ENC_TI_encode)
                  0034b8ec    00000cb0     vc1vdec_ti_host_M3.lib : vc1vdec_ti_ialg.obj (.text:VC1VDEC_TI_decode)
                  0034c59c    00000c2e     mpeg4vdec_ti_host.lib : mpeg4vdec_ti_decode.obj (.text:MPEG4VDEC_TI_Decode)
                  0034d1ca    00000002     h264vdec_ti.lib : h264vdec_ti_ialg.obj (.text:H264VDEC_TI_Activate)
                  0034d1cc    00000bb4     ti.grcm.aem4 : RcmServer.oem4 (.text:RcmServer_Instance_init_P)
                  0034dd80    00000b4c     rman.aem4 : rman.oem4 (.text:RMAN_assignResources)
                  0034e8cc    00000a48     h264vdec_ti.lib : h264vdec_ti_decode.obj (.text:H264VDEC_TI_decodeStart)
                  0034f314    000009f4     h264enc_ti_host.lib : h264enc_ti_ialg_support.obj (.text:H264ENC_TI_ValidateCreateParams)
                  0034fd08    000009c0     ce.aem4 : visa.oem4 (.text:VISA_create2)
                  003506c8    00000960     hdvicp2.aem4 : iresman_hdvicp2.oem4 (.text:_acquireAny)
                  00351028    00000946     h264vdec_ti.lib : h264vdec_ti_decode.obj (.text:H264VDEC_TI_multiChannelDecode)
                  0035196e    000008e4     mpeg4vdec_ti_host.lib : mpeg4vdec_ti_decsupport.obj (.text:MPEG4VDEC_TI_DisplayPic)
                  00352252    00000002     h264vdec_ti.lib : h264vdec_ti_ialg.obj (.text:H264VDEC_TI_Deactivate)
                  00352254    00000830     hdvicp2.aem4 : iresman_hdvicp2.oem4 (.text:IRESMAN_HDVICP2_JITacquire)
                  00352a84    000007f0     ce.aem4 : Engine.oem4 (.text:Engine_createNode2)
                  00353274    000007b8     ti.grcm.aem4 : RcmServer.oem4 (.text:RcmServer_Instance_finalize_P)
                  00353a2c    0000079c     hdvicp2.aem4 : iresman_hdvicp2.oem4 (.text:_acquireAnyPlugin)
                  003541c8    0000077c     rman.aem4 : rman.oem4 (.text:RMAN_register)
                  00354944    00000744               : rman.oem4 (.text:RMAN_freeResources)
                  00355088    00000732     h264enc_ti_host.lib : h264enc_ti_ialgIvahd.obj (.text:H264ENC_TI_control)
                  003557ba    00000006                         : h264enc_ti_dataSynch.obj (.text:H264ENC_TI_getDataSyncSizeRequirement)
                  003557c0    00000724     sysbios.aem4 : BIOS.obj (.text:ti_sysbios_family_arm_ducati_smp_Power_doSuspend__I)
                  00355ee4    000006f8     dskt2.aem4 : dskt2_scratch.oem4 (.text:_DSKT2_initializeAndUseSharedScratch)
                  003565dc    000006b0     hdvicp2.aem4 : iresman_hdvicp2.oem4 (.text:_acquireSpecificPlugin)
                  00356c8c    00000696     h264vdec_ti.lib : h264vdec_ti_control.obj (.text:H264VDEC_TI_control)
                  00357322    00000002     mpeg4venc_ti_host.lib : mpeg4enc_ti_ialg.obj (.text:MPEG4ENC_TI_Activate)
                  00357324    0000067c     rman.aem4 : rman.oem4 (.text:RMAN_init)
                  003579a0    00000670     ti.grcm.aem4 : RcmServer.oem4 (.text:RcmServer_process_P)
                  00358010    0000063c     ti.deh_vayu_smp.aem4 : Deh.oem4 (.text:ti_deh_Deh_excHandler__F)
                  0035864c    0000062e     h264vdec_ti.lib : h264vdec_ti_datatransfer.obj (.text:H264VDEC_TI_BootLoadIVAHD)
                  00358c7a    00000002     mpeg4venc_ti_host.lib : mpeg4enc_ti_ialg.obj (.text:MPEG4ENC_TI_Deactivate)
                  00358c7c    000005ec     hdvicp2.aem4 : iresman_hdvicp2.oem4 (.text:IRESMAN_HDVICP2_init)
                  00359268    000005e0                  : iresman_hdvicp2.oem4 (.text:_acquireSpecific)
                  00359848    000005d8     h264enc_ti_host.lib : h264enc_ti_ialg_support.obj (.text:H264ENC_TI_CpyDynamicParamstoHandle)
                  00359e20    000005d8     ce.aem4 : Engine.oem4 (.text:rmsInit)
                  0035a3f8    000005b8     mpeg4venc_ti_host.lib : mpeg4enc_ti_ialg.obj (.text:MPEG4ENC_TI_control)
                  0035a9b0    000005b4     ti.grcm.aem4 : RcmServer.oem4 (.text:RcmServer_serverThrFxn_P)
                  0035af64    000005a8     rman.aem4 : rman.oem4 (.text:RMAN_unregister)
                  0035b50c    0000059a     vc1vdec_ti_host_M3.lib : vc1vdec_ti_ialg.obj (.text:VC1VDEC_TI_control)
                  0035baa6    00000002     mpeg4vdec_ti_host.lib : mpeg4vdec_ti_ialg.obj (.text:MPEG4VDEC_TI_Activate)
                  0035baa8    00000574     h264enc_ti_host.lib : h264enc_ti_ialgIvahd.obj (.text:H264ENC_TI_init)
                  0035c01c    0000055c     ti.grcm.aem4 : RcmServer.oem4 (.text:RcmServer_workerThrFxn_P)
                  0035c578    0000054c     h264enc_ti_host.lib : h264enc_ti_ialg_support.obj (.text:H264ENC_TI_ValidateEncodeParams)
                  0035cac4    00000548     hdvicp2.aem4 : iresman_hdvicp2.oem4 (.text:IRESMAN_HDVICP2_freeHandles)
                  0035d00c    00000546     h264vdec_ti.lib : h264vdec_ti_ialg.obj (.text:H264VDEC_TI_initObj)
                  0035d552    00000544     mpeg4vdec_ti_host.lib : mpeg4vdec_ti_control.obj (.text:MPEG4VDEC_TI_Control)
                  0035da96    00000002                           : mpeg4vdec_ti_ialg.obj (.text:MPEG4VDEC_TI_Deactivate)
                  0035da98    00000538     ipc.aem4 : Ipc.obj (.text:RPMessage_send)
                  0035dfd0    00000528     ce.aem4 : Engine.oem4 (.text:Engine_init)
                  0035e4f8    0000051d     rman.aem4 : rman.oem4 (.text:RMAN_getResman)
                  0035ea15    00000001     --HOLE-- [fill = 0]
                  0035ea16    0000050c     vc1vdec_ti_host_M3.lib : vc1vdec_ti_ialg.obj (.text:VC1VDEC_TI_Update_OutAgs)
                  0035ef22    000004fe     h264vdec_ti.lib : h264vdec_ti_decsupport.obj (.text:H264VDEC_TI_displayPic)
                  0035f420    000004f8     ce.aem4 : Engine.oem4 (.text:Engine_removeAlg)
                  0035f918    000004ee     ti.srvmgr.omaprpc_smp.aem4 : OmapRpc.oem4 (.text:omapRpcTask)
                  0035fe06    00000002     vc1vdec_ti_host_M3.lib : vc1vdec_ti_ialg.obj (.text:VC1VDEC_TI_activate)
                  0035fe08    000004ec     h264enc_ti_host.lib : h264enc_ti_process.obj (.text:H264ENC_TI_UpdateCodecParams)
                  003602f4    000004cc     ce.aem4 : Engine.oem4 (.text:Engine_fwriteTrace)
                  003607c0    000004bc     mpeg4vdec_ti_host.lib : mpeg4vdec_ti_decode.obj (.text:MPEG4VDEC_TI_DecodePreProcess)
                  00360c7c    00000488     mpeg4venc_ti_host.lib : mpeg4enc_ti_ialg_support.obj (.text:MPEG4ENC_TI_ValidateCreateParams)
                  00361104    00000480     mpeg4vdec_ti_host.lib : mpeg4vdec_ti_ialg.obj (.text:MPEG4VDEC_TI_Init)
                  00361584    0000047c     hdvicp2.aem4 : ires_hdvicp2.oem4 (.text:IRES_HDVICP2_constructHandle)
                  00361a00    00000470     vc1vdec_ti_host_M3.lib : vc1vdec_ti_ialg.obj (.text:VC1VDEC_TI_init)
                  00361e70    0000046c     mpeg4vdec_ti_host.lib : mpeg4vdec_ti_decode.obj (.text:MPEG4VDEC_TI_AcquireAndConfigureHDVICP2)
                  003622dc    00000468     Algorithm_BIOS.aem4 : Algorithm_BIOS.oem4 (.text:Algorithm_create)
                  00362744    00000434     ce.aem4 : Engine.oem4 (.text:addEngineToList)
                  00362b78    00000428     dskt2.aem4 : dskt2free.oem4 (.text:DSKT2_freeAlg)
                  00362fa0    000003d8                : dskt2actv.oem4 (.text:DSKT2_activateAlg)
                  00363378    000003d6     mpeg4venc_ti_host.lib : mpeg4enc_ti_ialg_support.obj (.text:MPEG4ENC_TI_ValidateEncodeParams)
                  0036374e    00000002     vc1vdec_ti_host_M3.lib : vc1vdec_ti_ialg.obj (.text:VC1VDEC_TI_deactivate)
                  00363750    000003b4     dskt2.aem4 : dskt2_yield.oem4 (.text:DSKT2_contextAcquire)
                  00363b04    000003a8     viddec3.aem4 : viddec3.oem4 (.text:VIDDEC3_control)
                  00363eac    000003a0     videnc2.aem4 : videnc2.oem4 (.text:VIDENC2_control)
                  0036424c    000003a0     dskt2.aem4 : dskt2_scratch.oem4 (.text:_DSKT2_init)
                  003645ec    00000398     viddec3.aem4 : viddec3.oem4 (.text:VIDDEC3_process)
[...]
800564fc  Global_useLinkArbiter                                                   
80056504  VISA_checked                                                            
80056506  ti_sdo_ce_alg_Algorithm_useHeap                                         
80056508  ti_sdo_ce_alg_Algorithm_useCache                                        
8005650c  ti_sdo_ce_alg_Algorithm_MAXGROUPID                                      
80056510  ti_sdo_ce_alg_Algorithm_ipcKey                                          
80056514  ti_sdo_fc_multiProcess                                                  
80056516  ti_sdo_fc_useDNUM                                                       
80056518  ti_sdo_fc_useL3MemoryMap                                                
8005651a  RMAN_numRegistryEntries                                                 
8005651c  RMAN_registryEntries                                                    
80056520  RMAN_registryResmanArgs                                                 
80056524  ti_sdo_fc_rman_RMAN_MAXALGS                                             
80056528  ti_sdo_fc_rman_RMAN_ipcKey                                              
8005652c  ti_sdo_fc_rman_RMAN_setYieldArgs                                        
80056530  ti_sdo_fc_ires_hdvicp_HDVICP2_maxResetDelay                             
80056534  HDVICP2_MAXRESOURCES                                                    
80056538  ti_sdo_fc_ires_hdvicp_HDVICP2_timeoutVal                                
8005653c  _HDVICP2_NUMRESOURCES                                                   
80056540  _HDVICP2_ipcKeyBase                                                     
80056544  ti_sdo_fc_ires_hdvicp_HDVICP2_clearPRCMRegister                         
80056548  ti_sdo_fc_ires_hdvicp_HDVICP2_getYieldArgs                              
8005654c  ti_sdo_fc_ires_hdvicp_HDVICP2_yieldRelease                              
80056550  ti_sdo_fc_ires_hdvicp_HDVICP2_yieldAcquire                              
80056554  ti_sdo_fc_ires_hdvicp_HDVICP2_getHdvicp2Fxn                             
80056558  ti_sdo_fc_ires_hdvicp_HDVICP2_freeHdvicp2Fxn                            
8005655c  ti_sdo_ce_ipc_bios_manageIpc                                            
80056560  Comm_MSGSIZE                                                            
80056564  Comm_NUMMSGS                                                            
80056568  ti_sdo_ce_ipc_bios__Processor_defaultSharedRegionId                     
8005656a  ti_sdo_ce_ipc_bios__Processor_defaultHeapId                             
8005656c  ti_sdo_ce_ipc_bios__Processor_defaultNumMsgs                            
80056570  ti_sdo_ce_ipc_bios__Processor_defaultMsgSize                            
80056574  ti_sdo_ce_ipc_bios__Processor_numCommDescs                              
80056578  DSKT2_cacheWBInvFxn                                                     
8005657c  _DSKT2_ALLOW_EXTERNAL_SCRATCH                                           
80056580  DSKT2_daram0Heap                                                        
80056584  DSKT2_daram1Heap                                                        
80056588  DSKT2_daram2Heap                                                        
8005658c  DSKT2_saram0Heap                                                        
80056590  DSKT2_saram1Heap                                                        
80056594  DSKT2_saram2Heap                                                        
80056598  DSKT2_iprogHeap                                                         
8005659c  DSKT2_eprogHeap                                                         
800565a0  DSKT2_esdataHeap                                                        
800565a4  _DSKT2_heap                                                             
800565a8  ti_sdo_fc_dskt2_DSKT2_disableLazyDeactivate                             
800565ac  Global_traceBufferSize                                                  
800565b0  ti_sdo_ce_osal_Memory_numHeaps                                          
800565b4  __xdc__init__addr                                                       
800565b8  ti_sysbios_timers_dmtimer_Timer_Module_State_0_device__A                
80056720  ti_sysbios_utils_Load_Module__state__V                                  
800567b8  HDVICP2_PARAMS                                                          
80056840  ti_sysbios_knl_Swi_Module_State_0_readyQ__A                             
800568c0  ti_sysbios_timers_dmtimer_Timer_Module_State_0_intFreqs__A              
80056940  ti_sysbios_family_shared_vayu_IntXbar_Module_State_0_intXbar__A         
800569b4  ti_sysbios_utils_Load_Module_State_0_taskEnv__A                         
80056a24  IMPEG4VDEC_PARAMS                                                       
80056a90  ti_sysbios_family_arm_m3_Hwi_Object__table__V                           
80056af0  ti_sysbios_knl_Swi_Object__table__V                                     
80056b50  ti_sysbios_timers_dmtimer_Timer_Object__table__V                        
80056bac  ti_sdo_ipc_family_vayu_InterruptIpu_Module__state__V                    
80056c58  _DSKT2_DARAM_SCRATCH_SIZES                                              
80056ca8  _DSKT2_SARAM_SCRATCH_SIZES                                              
80056cf8  ti_sdo_ipc_family_vayu_NotifySetup_Module__state__V                     
80056d48  ti_sysbios_family_arm_m3_Hwi_Module_State_0_intAffinity__A              
80056d98  ti_sysbios_family_arm_m3_Hwi_vnvicInitialized                           
80056ddc  ti_sysbios_knl_Task_Module__state__V                                    
80056e20  ti_sdo_codecs_h264vdec_ce_H264VDEC_codecClassConfig                     
80056e60  ti_sdo_codecs_jpegvdec_ce_JPEGVDEC_codecClassConfig                     
80056ea0  ti_sdo_codecs_mpeg2vdec_ce_MPEG2VDEC_codecClassConfig                   
80056ee0  ti_sdo_codecs_mpeg4vdec_ce_MPEG4VDEC_codecClassConfig                   
80056f20  ti_sdo_codecs_vc1vdec_ce_VC1VDEC_codecClassConfig                       
80056f60  ti_sysbios_timers_dmtimer_Timer_Module_State_0_handles__A               
80056fa0  IMPEG4VDEC_TI_DYNAMICPARAMS                                             
80056ff8  IRESMAN_HDVICP                                                          
80057018  ti_sysbios_hal_SecondsClock_Module__state__V                            
80057058  ti_sdo_ce__versionString                                                
8005705c  Engine_ALGCREATEATTRS                                                   
80057064  Engine_ATTRS                                                            
80057070  Engine_alwaysCollectDspTrace                                            
80057074  Engine_ceDebugDspTraceMask                                              
8005708c  ti_sysbios_family_arm_ducati_GateSmp_Object__table__V                   
800570d8  IRESMAN_NULLRES                                                         
800570f8  ti_sysbios_family_arm_m3_Hwi_Module__state__V                           
8005715c  H264VDEC_TI_IH264VDEC                                                   
80057188  JPEGVDEC_TI_IJPEGVDEC                                                   
800571b4  JPEGVENC_TI_IJPEGVENC                                                   
800571e0  MPEG2VDEC_TI_IMPEG2VDEC                                                 
8005720c  MPEG4ENC_TI_IMPEG4ENC                                                   
80057238  MPEG4VDEC_TI_IMPEG4VDEC                                                 
80057264  VC1VDEC_TI_IVC1VDEC                                                     
80057290  _DSKT2_memTabList                                                       
80057294  _DSKT2_activeAlg                                                        
80057298  _DSKT2_lastActiveAlg                                                    
8005729c  _DSKT2_scratchShareRefCount                                             
800572a0  _DSKT2_createCallbackFxn                                                
800572a4  _DSKT2_NumYielded                                                       
800572a8  _DSKT2_yielded                                                          
800572ac  _DSKT2_initialized                                                      
800572b4  _DSKT2_gate                                                             
800572bc  ti_sdo_codecs_h264enc_ce_H264ENC_codecClassConfig                       
800572e8  ti_sdo_codecs_jpegvenc_ce_JPEGVENC_codecClassConfig                     
80057314  ti_sdo_codecs_mpeg4enc_ce_MPEG4ENC_codecClassConfig                     
80057340  ti_sysbios_knl_Clock_Module__state__V                                   
8005736c  JPEGVDEC_TI_IRES                                                        
80057394  JPEGVENC_TI_IRES                                                        
800573bc  MPEG2VDEC_TI_IRES                                                       
800573e4  MPEG4VDEC_TI_IRES                                                       
8005740c  VC1VDEC_TI_IRES                                                         
80057434  ti_sysbios_heaps_HeapBuf_Object__table__V                               
8005745c  ti_sysbios_knl_Semaphore_Object__table__V                               
80057484  H264VDEC_TI_IALG                                                        
800574a8  JPEGVDEC_TI_IALG                                                        
800574cc  JPEGVENC_TI_IALG                                                        
800574f0  MPEG2VDEC_TI_IALG                                                       
80057514  MPEG4ENC_TI_IALG                                                        
80057538  MPEG4VDEC_TI_IALG                                                       
8005755c  VC1VDEC_TI_IALG                                                         
8005758c  IRESMAN_HDVICP2_CONSTRUCTFXNS                                           
800575a4  ti_sysbios_BIOS_Module__state__V                                        
800575c8  xdc_runtime_System_Module_State_0_atexitHandlers__A                     
800575ec  IRESMAN_TILEDMEMORY                                                     
8005760c  ti_deh_Watchdog_Module_State_0_device__A                                
8005762c  ti_sdo_ipc_family_vayu_NotifySetup_Module_State_0_numPlugged__A         
8005764c  ti_sysbios_knl_Task_Module_StateSmp_smpRunQ__A                          
80057674  Processor_ATTRS                                                         
80057688  ti_sysbios_gates_GateMutex_Object__table__V                             
800576a4  ti_sysbios_knl_Swi_Module__state__V                                     
800576c0  ti_sdo_ce_osal_Memory_DEFAULTPARAMS                                     
800576dc  IpcPower_suspendCount                                                   
800576e0  IpcPower_resumeCount                                                    
800576e4  IpcPower_clockFxn                                                       
800576f6  ti_deh_Watchdog_Module_State_0_status__A                                
800577a0  ti_sysbios_family_arm_ducati_smp_Power_Module__state__V                 
800577b8  ti_sysbios_heaps_HeapMem_Object__table__V                               
800577d0  ti_sysbios_xdcruntime_SemThreadSupport_Object__table__V                 
800577e8  ti_trace_SysMin_Module__state__V                                        
8005782d  ti_sdo_ce_osal_bios_Global_CE_CHECK                                     
80057830  RMAN_PARAMS                                                             
80057858  ti_sysbios_family_arm_ducati_Core_Module__state__V                      
8005786c  ti_sysbios_timers_dmtimer_Timer_Module__state__V                        
800578a0  __TI_ft_end                                                             
800578a4  __aeabi_stdin                                                           
800578a8  __aeabi_stdout                                                          
800578ac  __aeabi_stderr                                                          
800578b0  ti_sdo_ce_utils_syscbuf_SysCBuf_Module__state__V                        
800578c0  ti_sysbios_hal_Hwi_Object__table__V                                     
800578d0  xdc_runtime_Diags_dictElems                                             
800578e0  __TI_cleanup_ptr                                                        
800578e4  __TI_dtors_ptr                                                          
800578e8  __TI_enable_exit_profile_output                                         
800578ec  Server_holdingTraceToken                                                
800578f8  _DSKT2_algReferenceCount                                                
800578fc  DSKT2_ALGATTRS                                                          
80057904  Comm_ATTRS                                                              
8005791c  ti_deh_Deh_Module__state__V                                             
80057928  ti_deh_Watchdog_Module__state__V                                        
80057934  ti_sysbios_gates_GateHwi_Object__table__V                               
80057940  ti_sysbios_knl_Task_Module_State_0_smpCurSet__A                         
8005794c  ti_sysbios_knl_Task_Module_State_0_smpReadyQ__A                         
80057962  ti_sdo_utils_MultiProc_Module_State_0_clusterProcList__A                
8005796c  _lock                                                                   
80057970  _unlock                                                                 
8005797c  Engine_config                                                           
80057984  IpcPower_idleCount                                                      
800579a4  ti_deh_StackDbg_Module__state__V                                        
800579ac  ti_sdo_utils_List_Module__root__V                                       
800579b4  ti_sdo_utils_MultiProc_Module__state__V                                 
800579bc  ti_sysbios_family_arm_ducati_GateSmp_Module__root__V                    
800579c4  ti_sysbios_family_arm_m3_Hwi_Module_State_0_excContext__A               
800579cc  ti_sysbios_family_arm_m3_Hwi_Module_State_0_excStack__A                 
800579d4  ti_sysbios_family_arm_m3_Hwi_Module_State_0_intAffinityMasks_0__A       
800579dc  ti_sysbios_family_arm_m3_Hwi_Module_State_0_intAffinityMasks_1__A       
800579e4  ti_sysbios_family_arm_m3_Hwi_Module_State_0_intAffinityMasks__A         
800579ec  ti_sysbios_family_arm_m3_Hwi_Module__root__V                            
800579f4  ti_sysbios_gates_GateHwi_Module__root__V                                
800579fc  ti_sysbios_gates_GateMutexPri_Module__root__V                           
80057a04  ti_sysbios_gates_GateMutex_Module__root__V                              
80057a0c  ti_sysbios_heaps_HeapBuf_Module__root__V                                
80057a14  ti_sysbios_heaps_HeapMem_Module__root__V                                
80057a1c  ti_sysbios_knl_Queue_Module__root__V                                    
80057a24  ti_sysbios_knl_Semaphore_Module__root__V                                
80057a2c  ti_sysbios_knl_Swi_Module__root__V                                      
80057a34  ti_sysbios_knl_Task_Module_StateSmp_sortedRunQ                          
80057a3c  ti_sysbios_knl_Task_Module_State_0_idleTask__A                          
80057a44  ti_sysbios_knl_Task_Module_State_0_smpCurMask__A                        
80057a4c  ti_sysbios_knl_Task_Module_State_0_smpCurTask__A                        
80057a54  ti_sysbios_knl_Task_Module__root__V                                     
80057a5c  ti_sysbios_knl_Task_Module__stateSmp__V                                 
80057a64  ti_sysbios_utils_Load_Module_State_0_runningTask__A                     
80057a6c  ti_sysbios_utils_Load_Module_State_0_taskStartTime__A                   
80057a74  ti_sysbios_xdcruntime_GateProcessSupport_Module__root__V                
80057a7c  ti_sysbios_xdcruntime_GateThreadSupport_Module__root__V                 
80057a84  ti_sysbios_xdcruntime_SemThreadSupport_Module__root__V                  
80057a8c  ti_sysbios_xdcruntime_ThreadSupport_Module__root__V                     
80057ad4  xdc_runtime_LoggerSys_Module__root__V                                   
80057adc  xdc_runtime_LoggerSys_Object__table__V                                  
80057ae4  xdc_runtime_Registry_Module__state__V                                   
80057aec  xdc_runtime_Startup_Module__state__V                                    
80057af4  xdc_runtime_System_Module__state__V                                     
80057afc  xdc_runtime_knl_GateProcess_Module__root__V                             
80057b04  xdc_runtime_knl_GateThread_Module__root__V                              
80057b0c  xdc_runtime_knl_SemThread_Module__root__V                               
80057b14  xdc_runtime_knl_SemThread_Object__table__V                              
80057b1c  xdc_runtime_knl_Thread_Module__root__V                                  
80057b30  errno                                                                   
80057b38  main_func_sp                                                            
80057b44  ti_ipc_remoteproc_Resource_Module__state__V                             
80057b48  ti_sdo_ce_osal_Memory_heapNames                                         
80057b4c  ti_sdo_fc_ires_hdvicp_HDVICP2_CallBackAlg                               
80057b50  ti_sdo_fc_ires_hdvicp_HDVICP2_CallBackArgs                              
80057b54  ti_sdo_fc_ires_hdvicp_HDVICP2_CallBackFxn                               
80057b58  ti_sdo_fc_ires_hdvicp_HDVICP2_interrupts                                
80057b5c  ti_sysbios_family_arm_m3_Hwi_Module_State_0_excActive__A                
80057b60  ti_sysbios_family_shared_vayu_IntXbar_Module__state__V                  
80057b64  ti_sysbios_heaps_HeapBuf_Module__state__V                               
80057b70  xdc_runtime_Memory_Module__state__V                                     
80057b74  ti_sdo_ce_osal_bios_Global_CE_DEBUG                                     
80057b76  ti_sysbios_BIOS_Module_State_0_smpThreadType__A                         
80057b78  xdc_runtime_Error_Module__state__V                                      
80057b7a  xdc_runtime_Registry_Module__root__V                                    
80057b7c  __stack                                                                 
80058b7c  __STACK_END                                                             
80200000  ti_sysbios_heaps_HeapMem_Instance_State_0_buf__A                        
9f000000  ti_trace_SysMin_Module_State_0_outbuf__A                                
9f007ff8  ti_trace_SysMin_Module_State_0_writeidx__A                              
9f007ffc  ti_trace_SysMin_Module_State_0_readidx__A                               
9f060000  ti_deh_Deh_Module_State_0_outbuf__A                                     
9f070000  ti_sysbios_family_arm_ducati_smp_Power_savedContext                     
9f07027c  ti_sysbios_family_arm_ducati_smp_Power_savedRAM                         
e000e000  ti_sysbios_family_arm_m3_Hwi_nvic                                       
ffffffff  __TI_pprof_out_hndl                                                     
ffffffff  __TI_prof_data_size                                                     
ffffffff  __TI_prof_data_start                                                    
ffffffff  __binit__                                                               
ffffffff  __c_args__                                                              
ffffffff  binit                                                                   
UNDEFED   SHT$$INIT_ARRAY$$Base                                                   
UNDEFED   SHT$$INIT_ARRAY$$Limit                                                  

[1878 symbols]
