******************************************************************************
                  TI ARM Linker Unix v16.9.9                   
******************************************************************************
>> Linked Wed Jan  2 20:25:31 2019

OUTPUT FILE NAME:   <out/ipu/release/ipu.xem4>
ENTRY POINT SYMBOL: "ti_sysbios_family_arm_ducati_smp_Power_reset"  address: 00000011


MEMORY CONFIGURATION

         name            origin    length      used     unused   attr    fill
----------------------  --------  ---------  --------  --------  ----  --------
  L2_ROM                00000000   00004000  00000630  000039d0  RWIX
  EXT_CODE              00004000   005fc000  00390fc2  0026b03e  RW X
  L2_RAM                20000000   00010000  00000000  00010000  RWIX
  OCMC_RAM1             40300000   00080000  00000000  00080000  RWIX
  OCMC_RAM2             40400000   00100000  00000000  00100000  RWIX
  OCMC_RAM3             40500000   00100000  00000000  00100000  RWIX
  EXT_DATA              80000000   00200000  00059dac  001a6254  RW  
  EXT_HEAP              80200000   02900000  02800000  00100000  RW  
  TRACE_BUF             9f000000   00060000  00008000  00058000  RW  
  EXC_DATA              9f060000   00010000  00000200  0000fe00  RW  
  PM_DATA               9f070000   00020000  0001027c  0000fd84  RW X


SEGMENT ALLOCATION MAP

run origin  load origin   length   init length attrs members
----------  ----------- ---------- ----------- ----- -------
00000000    00000000    000000e0   000000e0    r-x
  00000000    00000000    000000e0   000000e0    r-x .ducatiPowerBoot
00000400    00000400    00000140   00000140    r--
  00000400    00000400    00000140   00000140    r-- .resetVecs
00003000    00003000    00000410   00000410    rw-
  00003000    00003000    00000410   00000410    rw- .resource_table
00004000    00004000    00390fc8   00390fc8    r-x
  00004000    00004000    00337768   00337768    r-- .const
  0033b768    0033b768    0004dabc   0004dabc    r-x .text.1
  00389224    00389224    00000004   00000004    r-- .const:ti_sysbios_hal_ammu_AMMU_numLargePages__C
  00389228    00389228    0000002c   0000002c    r-x .text.2
  00389254    00389254    00000004   00000004    r-- .const:ti_sysbios_hal_ammu_AMMU_numLinePages__C
  00389258    00389258    00000314   00000314    r-x .text.3
  0038956c    0038956c    00000004   00000004    r-- .const:ti_sysbios_hal_ammu_AMMU_numMediumPages__C
  00389570    00389570    00000284   00000284    r-x .text.4
  003897f4    003897f4    00000004   00000004    r-- .const:ti_sysbios_hal_ammu_AMMU_numSmallPages__C
  003897f8    003897f8    00001cc2   00001cc2    r-x .text.5
  0038b4bc    0038b4bc    000004b8   000004b8    r-- .const:ti_sysbios_hal_ammu_AMMU_mmuInitConfig__C
  0038b978    0038b978    00009650   00009650    r-- .cinit
80000000    80000000    00059dac   00000000    rw-
  80000000    80000000    0004f7b4   00000000    rw- .bss
  8004f7b4    8004f7b4    000095f8   00000000    rw- .data
  80058dac    80058dac    00001000   00000000    rw- .stack
80200000    80200000    02800000   00000000    rw-
  80200000    80200000    02800000   00000000    rw- .systemHeap
9f000000    9f000000    00008000   00000000    rw-
  9f000000    9f000000    00008000   00000000    rw- .tracebuf
9f060000    9f060000    00000200   00000000    rw-
  9f060000    9f060000    00000200   00000000    rw- .errorbuf
9f070000    9f070000    0001027c   00000000    rw-
  9f070000    9f070000    0001027c   00000000    rw- .ti_sysbios_family_arm_ducati_smp_Power


SECTION ALLOCATION MAP

 output                                  attributes/
section   page    origin      length       input sections
--------  ----  ----------  ----------   ----------------
.bss       0    80000000    0004f7b4     UNINITIALIZED
                  80000000    00040000     (.common:ti_sysbios_heaps_HeapBuf_Instance_State_0_buf__A)
                  80040000    0000c000     ipu_pem4.oem4 (.bss:taskStackSection)
                  8004c000    00001000     (.common:ti_sysbios_family_arm_ducati_Core_Module_State_0_core1HwiStack__A)
                  8004d000    00001000     (.common:ti_sysbios_family_arm_m3_Hwi_vnvic)
                  8004e000    00000800     (.common:Tuples)
                  8004e800    000007c0     (.common:serviceDefs)
                  8004efc0    00000230     ti.srvmgr_smp.aem4 : ServiceMgr.oem4 (.bss:serviceTasks)
                  8004f1f0    00000140     (.common:ti_sysbios_family_arm_m3_Hwi_dispatchTable)
                  8004f330    00000120     rtsv7M4_T_le_eabi.lib : trgmsg.obj (.bss:_CIOBUF_)
                  8004f450    000000a0     (.common:__TI_tmpnams)
                  8004f4f0    00000050     dskt2.aem4 : dskt2_lock.oem4 (.bss:_DSKT2_yieldingContext)
                  8004f540    00000050                : dskt2_lock.oem4 (.bss:_locks)
                  8004f590    0000002c     (.common:RMAN_TABLE)
                  8004f5bc    00000024     ce.aem4 : Engine.oem4 (.bss)
                  8004f5e0    00000018     (.common:RMAN_FREE_ENTRIES)
                  8004f5f8    00000018     (.common:_RMAN_internalState$2)
                  8004f610    00000014     ti.pm_smp_vayu.aem4 : IpcPower.oem4 (.bss:PowerSuspArgs)
                  8004f624    00000014     ce.aem4 : Server.oem4 (.bss)
                  8004f638    00000014     (.common:IRESMAN_HDVICP2_DEFAULTPARAM)
                  8004f64c    0000000c     Algorithm_BIOS.aem4 : Algorithm_BIOS.oem4 (.bss)
                  8004f658    0000000c     XdmUtils.aem4 : XdmUtils.oem4 (.bss)
                  8004f664    0000000c     ce.aem4 : visa.oem4 (.bss)
                  8004f670    0000000c     cesettings.aem4 : CESettings.oem4 (.bss)
                  8004f67c    0000000c     ipc_bios_nomsg.aem4 : Processor_noOS.oem4 (.bss)
                  8004f688    0000000c     osal.aem4 : Global_BIOS.oem4 (.bss)
                  8004f694    0000000c               : Loader_noOS.oem4 (.bss)
                  8004f6a0    0000000c               : Memory_BIOS.oem4 (.bss)
                  8004f6ac    0000000c     ti.pm_smp_vayu.aem4 : IpcPower.oem4 (.bss)
                  8004f6b8    0000000c     viddec3.aem4 : viddec3.oem4 (.bss)
                  8004f6c4    0000000c     videnc2.aem4 : videnc2.oem4 (.bss)
                  8004f6d0    0000000c     (.common:ti_grcm_RcmServer__Desc)
                  8004f6dc    0000000c     (.common:ti_sdo_fc_dskt2_desc)
                  8004f6e8    0000000c     (.common:ti_sdo_fc_ires_hdvicp2_desc)
                  8004f6f4    0000000c     (.common:ti_sdo_fc_ires_nullres_desc)
                  8004f700    0000000c     (.common:ti_sdo_fc_rman_desc)
                  8004f70c    0000000c     (.common:ti_sdo_fc_settings_desc)
                  8004f718    0000000c     (.common:ti_sysbios_knl_Task_Instance_State_0_hookEnv__A)
                  8004f724    0000000c     (.common:ti_sysbios_knl_Task_Instance_State_1_hookEnv__A)
                  8004f730    0000000c     (.common:ti_sysbios_knl_Task_Instance_State_2_hookEnv__A)
                  8004f73c    0000000c     (.common:ti_sysbios_knl_Task_Instance_State_3_hookEnv__A)
                  8004f748    00000008     ipu_pem4.oem4 (.bss:_entries$1)
                  8004f750    00000008     ipu_pem4.oem4 (.bss:_params$2)
                  8004f758    00000008     ipu.aem4 : iresman_tiledmemory.oem4 (.bss)
                  8004f760    00000008     ti.trace_smp.aem4 : SysMin.oem4 (.bss)
                  8004f768    00000008     ti.pm_smp_vayu.aem4 : IpcPower.oem4 (.bss:wugenEvtMask)
                  8004f770    00000008     (.common:_DSKT2_scratchDescTbl)
                  8004f778    00000008     (.common:_resmanInternalState)
                  8004f780    00000008     (.common:parmbuf)
                  8004f788    00000006     (.common:resTable)
                  8004f78e    00000002     --HOLE--
                  8004f790    00000004     (.common:DSKT2_allowExternalScratch)
                  8004f794    00000004     (.common:_FC_heap)
                  8004f798    00000004     (.common:_resmanInternalState)
                  8004f79c    00000004     (.common:allocFxn)
                  8004f7a0    00000004     (.common:freeFxn)
                  8004f7a4    00000004     (.common:ti_sdo_ce_osal_Memory_heapList)
                  8004f7a8    00000004     (.common:ti_sdo_fc_ires_hdvicp_HDVICP2_semArray)
                  8004f7ac    00000004     (.common:ti_sysbios_knl_Swi_Instance_State_0_hookEnv__A)
                  8004f7b0    00000004     (.common:ti_sysbios_knl_Swi_Instance_State_1_hookEnv__A)

.neardata 
*          0    8004f7b4    00000000     UNINITIALIZED

.rodata    0    8004f7b4    00000000     UNINITIALIZED

.stack     0    80058dac    00001000     UNINITIALIZED
                  80058dac    00001000     --HOLE--

.cinit     0    0038b978    00009650     
                  0038b978    00009600     (.cinit..data.load) [load image]
                  00394f78    00000008     (.cinit..bss.load) [load image, compression = zero_init]
                  00394f80    00000008     (.cinit..errorbuf.load) [load image, compression = zero_init]
                  00394f88    00000008     (.cinit..ti_sysbios_family_arm_ducati_smp_Power.load) [load image, compression = zero_init]
                  00394f90    00000008     (.cinit..tracebuf.load) [load image, compression = zero_init]
                  00394f98    00000008     (__TI_handler_table)
                  00394fa0    00000028     (__TI_cinit_table)

.init_array 
*          0    00004000    00000000     UNINITIALIZED

.bootVecs 
*          0    00000000    00000008     DSECT
                  00000000    00000008     boot.aem4 : boot.oem4 (.bootVecs)

.ducatiPowerBoot 
*          0    00000000    000000e0     
                  00000000    000000e0     sysbios.aem4 : smp_Power_resumeCpu.obj (.ducatiPowerBoot)

.resetVecs 
*          0    00000400    00000140     
                  00000400    00000140     ipu_pem4.oem4 (.resetVecs)

.vecs      0    00000400    00000000     DSECT

.resource_table 
*          0    00003000    00000410     
                  00003000    00000410     main.oem4 (.resource_table)

.const     0    00004000    00337768     
                  00004000    00093b90     h264enc_ti_host.lib : h264enc_ti_const.obj (.const:H264ENC_TI_dSect1)
                  00097b90    0004d910     h264vdec_ti.lib : h264vdec_ti_constantmatrices.obj (.const:H264VDEC_TI_dSect1)
                  000e54a0    0003f268     jpegvdec_ti_host.lib : jpegvdec_ti_host.o (.const:load_data:init)
                  00124708    0003c888     mpeg2vdec_ti_host.lib : mpeg2vdec_ti_host.o (.const:load_data:init)
                  00160f90    00038fbc     jpegenc_ti_host.lib : jpegenc_ti_host.o (.const:load_data:init)
                  00199f4c    0000aa30     mpeg4vdec_ti_host.lib : mpeg4vdec_ti_table.obj (.const:statictable)
                  001a497c    00007fcc     mpeg4venc_ti_host.lib : mpeg4enc_ti_process.obj (.const:MPEG4VENC_TI_ICONT1_DEBUGTRACE_LEVEL1_DataSect1)
                  001ac948    00007fb4                           : mpeg4enc_ti_process.obj (.const:MPEG4VENC_TI_ICONT2_DataSect1)
                  001b48fc    00007f98     mpeg4vdec_ti_host.lib : mpeg4vdec_ti_datatransfer.obj (.const:MPEG4VDEC_TI_ICONT1_DEBUGTRACELEVEL1_DataSect3)
                  001bc894    00007f80     vc1vdec_ti_host_M3.lib : vc1vdec_ti_ialg.obj (.const:ILF3PStackMem)
                  001c4814    00007f58     mpeg4vdec_ti_host.lib : mpeg4vdec_ti_datatransfer.obj (.const:MPEG4VDEC_TI_ICONT1_DEBUGTRACELEVEL2_DataSect3)
                  001cc76c    00007f50                           : mpeg4vdec_ti_datatransfer.obj (.const:MPEG4VDEC_TI_ICONT1_DataSect3)
                  001d46bc    00007f40     mpeg4venc_ti_host.lib : mpeg4enc_ti_process.obj (.const:MPEG4VENC_TI_ICONT1_DataSect1)
                  001dc5fc    00007f14     h264enc_ti_host.lib : h264enc_ti_process.obj (.const:H264ENC_TI_ICONT1_DataSect0)
                  001e4510    00007efc     vc1vdec_ti_host_M3.lib : vc1vdec_ti_data_transfer.obj (.const:VC1VDEC_TI_LEVEL1_ICONT1DataSect1)
                  001ec40c    00007ed8     mpeg4vdec_ti_host.lib : mpeg4vdec_ti_datatransfer.obj (.const:MPEG4VDEC_TI_ICONT1_DEBUGTRACELEVEL2_DataSect1)
                  001f42e4    00007eb0     mpeg4venc_ti_host.lib : mpeg4enc_ti_process.obj (.const:MPEG4VENC_TI_ICONT2_DEBUGTRACE_LEVEL1_DataSect1)
                  001fc194    00007e94     vc1vdec_ti_host_M3.lib : vc1vdec_ti_data_transfer.obj (.const:VC1VDEC_TI_LEVEL3_ICONT1DataSect1)
                  00204028    00007e78     mpeg4vdec_ti_host.lib : mpeg4vdec_ti_datatransfer.obj (.const:MPEG4VDEC_TI_ICONT1_DEBUGTRACELEVEL1_DataSect1)
                  0020bea0    00007e70     vc1vdec_ti_host_M3.lib : vc1vdec_ti_data_transfer.obj (.const:VC1VDEC_TI_LEVEL3_ICONT2DataSect1)
                  00213d10    00007e58                            : vc1vdec_ti_data_transfer.obj (.const:VC1VDEC_TI_LEVEL4_ICONT1DataSect1)
                  0021bb68    00007e50                            : vc1vdec_ti_data_transfer.obj (.const:VC1VDEC_TI_LEVEL2_ICONT1DataSect1)
                  002239b8    00007e14                            : vc1vdec_ti_data_transfer.obj (.const:VC1VDEC_TI_ICONT1DataSect1)
                  0022b7cc    00007dd0     mpeg4vdec_ti_host.lib : mpeg4vdec_ti_datatransfer.obj (.const:MPEG4VDEC_TI_ICONT1_DataSect1)
                  0023359c    00007d88     h264vdec_ti.lib : h264vdec_ti_datatransfer.obj (.const:H264VDEC_TI_ICONT2_HIGHRES_DataSect0)
                  0023b324    00007bfc                     : h264vdec_ti_datatransfer.obj (.const:H264VDEC_TI_ICONT1_HIGHRES_DataSect1)
                  00242f20    00007bf8                     : h264vdec_ti_datatransfer.obj (.const:H264VDEC_TI_ICONT1_DataSect1)
                  0024ab18    00007bc0     vc1vdec_ti_host_M3.lib : vc1vdec_ti_data_transfer.obj (.const:VC1VDEC_TI_LEVEL4_ICONT2DataSect1)
                  002526d8    00007bac     h264enc_ti_host.lib : h264enc_ti_process.obj (.const:H264ENC_TI_ICONT1_4MVDataSect0)
                  0025a284    00007a54                         : h264enc_ti_process.obj (.const:H264ENC_TI_ICONT1_HiMP_DataSect0)
                  00261cd8    000079b0     h264vdec_ti.lib : h264vdec_ti_datatransfer.obj (.const:H264VDEC_TI_ICONT2_DataSect0)
                  00269688    00007820                     : h264vdec_ti_datatransfer.obj (.const:H264VDEC_TI_ERRORCONCEAL_ICONT1_DataSect0)
                  00270ea8    00007808     vc1vdec_ti_host_M3.lib : vc1vdec_ti_data_transfer.obj (.const:VC1VDEC_TI_LEVEL2_ICONT1DataSect4)
                  002786b0    00007674                            : vc1vdec_ti_data_transfer.obj (.const:VC1VDEC_TI_LEVEL2_ICONT2DataSect1)
                  0027fd24    00007580                            : vc1vdec_ti_data_transfer.obj (.const:VC1VDEC_TI_LEVEL1_ICONT2DataSect1)
                  002872a4    00007578                            : vc1vdec_ti_data_transfer.obj (.const:VC1VDEC_TI_ICONT1DataSect4)
                  0028e81c    00007578                            : vc1vdec_ti_data_transfer.obj (.const:VC1VDEC_TI_LEVEL1_ICONT1DataSect4)
                  00295d94    00007460     h264enc_ti_host.lib : h264enc_ti_process.obj (.const:H264ENC_TI_ICONT1_HIGHSPEED_DataSect0)
                  0029d1f4    000073e0     vc1vdec_ti_host_M3.lib : vc1vdec_ti_data_transfer.obj (.const:VC1VDEC_TI_ICONT2DataSect1)
                  002a45d4    00006fcc     h264enc_ti_host.lib : h264enc_ti_process.obj (.const:H264ENC_TI_ICONT1_HiMP_4MVDataSect0)
                  002ab5a0    00006a88     mpeg4vdec_ti_host.lib : mpeg4vdec_ti_datatransfer.obj (.const:MPEG4VDEC_TI_ICONT2_DEBUGTRACELEVEL2_DataSect1)
                  002b2028    00006a3c     h264enc_ti_host.lib : h264enc_ti_process.obj (.const:H264ENC_TI_ICONT1_HiMP_HiSPEED_DataSect0)
                  002b8a64    000069e4     mpeg4vdec_ti_host.lib : mpeg4vdec_ti_datatransfer.obj (.const:MPEG4VDEC_TI_ICONT2_DEBUGTRACELEVEL1_DataSect1)
                  002bf448    00006974                           : mpeg4vdec_ti_datatransfer.obj (.const:MPEG4VDEC_TI_ICONT2_DataSect1)
                  002c5dbc    00006780     vc1vdec_ti_host_M3.lib : vc1vdec_ti_data_transfer.obj (.const:VC1VDEC_TI_LEVEL3_ICONT1DataSect4)
                  002cc53c    00006778                            : vc1vdec_ti_data_transfer.obj (.const:VC1VDEC_TI_LEVEL4_ICONT1DataSect4)
                  002d2cb4    00006568     ipu_pem4.oem4 (.const:.string)
                  002d921c    000058f4     mpeg4vdec_ti_host.lib : mpeg4vdec_ti_errconceal.obj (.const:MPEG4VDEC_TI_EC_DataSect1)
                  002deb10    00005710     vc1vdec_ti_host_M3.lib : vc1vdec_ti_errconceal.obj (.const:VC1VDEC_TI_ERROR_CONCEAL_ICONT1DataSect1)
                  002e4220    000052c8     mpeg2vdec_ti_host.lib : mpeg2vdec_ti_host.o (.const:ec_load_data)
                  002e94e8    00004a00                           : mpeg2vdec_ti_host.o (.const:tableLSEILFCmds)
                  002edee8    000049a8                           : mpeg2vdec_ti_host.o (.const:.string:MPEG2VDEC_TI_ICONT2_LEVEL3_SECTION1)
                  002f2890    00004958                           : mpeg2vdec_ti_host.o (.const:.string:MPEG2VDEC_TI_ICONT2_LEVEL4_SECTION1)
                  002f71e8    000047b0                           : mpeg2vdec_ti_host.o (.const:.string:MPEG2VDEC_TI_ICONT2_SECTION1)
                  002fb998    00004748                           : mpeg2vdec_ti_host.o (.const:.string:MPEG2VDEC_TI_ICONT2_LEVEL2_SECTION1)
                  003000e0    000046a0                           : mpeg2vdec_ti_host.o (.const:.string:MPEG2VDEC_TI_ICONT2_LEVEL1_SECTION1)
                  00304780    00004018     h264vdec_ti.lib : h264vdec_ti_datatransfer.obj (.const:H264VDEC_TI_ICONT1_DataSect3)
                  00308798    00003b74                     : h264vdec_ti_datatransfer.obj (.const:H264VDEC_TI_ICONT1_HIGHRES_DataSect4)
                  0030c30c    00002f0c     vc1vdec_ti_host_M3.lib : vc1vdec_ti_data_transfer.obj (.const:VC1VDEC_TI_LEVEL4_ICONT2DataSect5)
                  0030f218    00002ef4                            : vc1vdec_ti_data_transfer.obj (.const:VC1VDEC_TI_LEVEL3_ICONT2DataSect5)
                  0031210c    00002ea0                            : vc1vdec_ti_data_transfer.obj (.const:VC1VDEC_TI_ICONT2DataSect5)
                  00314fac    00002ea0                            : vc1vdec_ti_data_transfer.obj (.const:VC1VDEC_TI_LEVEL1_ICONT2DataSect5)
                  00317e4c    00002ea0                            : vc1vdec_ti_data_transfer.obj (.const:VC1VDEC_TI_LEVEL2_ICONT2DataSect5)
                  0031acec    00002c60     ipu_pem4.oem4 (.const:xdc_runtime_Text_charTab__A)
                  0031d94c    00001e44     h264vdec_ti.lib : h264vdec_ti_datatransfer.obj (.const:H264VDEC_TI_ICONT1_DataSect5)
                  0031f790    00001e20                     : h264vdec_ti_datatransfer.obj (.const:H264VDEC_TI_ICONT1_HIGHRES_DataSect6)
                  003215b0    00001c60                     : h264vdec_ti_datatransfer.obj (.const:H264VDEC_TI_ICONT1_HIGHRES_DataSect3)
                  00323210    0000111c     vc1vdec_ti_host_M3.lib : vc1vdec_ti_data_transfer.obj (.const:VC1VDEC_TI_ICONT2DataSect2)
                  0032432c    0000111c                            : vc1vdec_ti_data_transfer.obj (.const:VC1VDEC_TI_LEVEL1_ICONT2DataSect2)
                  00325448    0000111c                            : vc1vdec_ti_data_transfer.obj (.const:VC1VDEC_TI_LEVEL2_ICONT2DataSect2)
                  00326564    0000111c                            : vc1vdec_ti_data_transfer.obj (.const:VC1VDEC_TI_LEVEL3_ICONT2DataSect2)
                  00327680    0000111c                            : vc1vdec_ti_data_transfer.obj (.const:VC1VDEC_TI_LEVEL4_ICONT2DataSect2)
                  0032879c    00000fcc     h264vdec_ti.lib : h264vdec_ti_datatransfer.obj (.const:H264VDEC_TI_ICONT1_HIGHRES_DataSect5)
                  00329768    00000f78                     : h264vdec_ti_datatransfer.obj (.const:H264VDEC_TI_ICONT1_DataSect4)
                  0032a6e0    00000dec     mpeg4venc_ti_host.lib : mpeg4enc_ti_process.obj (.const:MPEG4VENC_TI_ICONT2_DEBUGTRACE_LEVEL1_DataSect3)
                  0032b4cc    00000cf0                           : mpeg4enc_ti_process.obj (.const:MPEG4VENC_TI_ICONT2_DataSect3)
                  0032c1bc    00000ad0     mpeg2vdec_ti_host.lib : mpeg2vdec_ti_host.o (.const:tableLSEMCCmds)
                  0032cc8c    00000800     vc1vdec_ti_host_M3.lib : vc1vdec_ti_data_transfer.obj (.const:VC1VDEC_TI_ICONT2DataSect3)
                  0032d48c    00000800                            : vc1vdec_ti_data_transfer.obj (.const:VC1VDEC_TI_LEVEL1_ICONT2DataSect3)
                  0032dc8c    00000800                            : vc1vdec_ti_data_transfer.obj (.const:VC1VDEC_TI_LEVEL2_ICONT2DataSect3)
                  0032e48c    00000800                            : vc1vdec_ti_data_transfer.obj (.const:VC1VDEC_TI_LEVEL3_ICONT2DataSect3)
                  0032ec8c    00000800                            : vc1vdec_ti_data_transfer.obj (.const:VC1VDEC_TI_LEVEL4_ICONT2DataSect3)
                  0032f48c    00000800     jpegvdec_ti_host.lib : jpegvdec_ti_host.o (.const:tableLSECALCCmds)
                  0032fc8c    00000004     ipu_pem4.oem4 (.const:ti_deh_Watchdog_Module__diagsEnabled__C)
                  0032fc90    00000700     mpeg4venc_ti_host.lib : mpeg4enc_ti_mbInfo_tables.obj (.const:MPEG4ENC_TI_StaticTableSection)
                  00330390    000005a0                           : mpeg4enc_ti_lse_tables.obj (.const:MPEG4ENC_TI_StaticTableSection)
                  00330930    00000548                           : mpeg4enc_ti_ime3_pgm.obj (.const:MPEG4ENC_TI_StaticTableSection)
                  00330e78    00000008     ipu_pem4.oem4 (.const:ti_sysbios_family_arm_ducati_smp_Power_postSuspendHooks__C)
                  00330e80    00000530     mpeg4venc_ti_host.lib : mpeg4enc_ti_ime3_pgm_1mv.obj (.const:MPEG4ENC_TI_StaticTableSection)
                  003313b0    000004ec     h264enc_ti_host.lib : h264enc_ti_process.obj (.const:H264ENC_TI_ICONT2_4MVDataSect0)
                  0033189c    000004ec                         : h264enc_ti_process.obj (.const:H264ENC_TI_ICONT2_DataSect0)
                  00331d88    000004ec                         : h264enc_ti_process.obj (.const:H264ENC_TI_ICONT2_HIGHSPEED_DataSect0)
                  00332274    000004ec                         : h264enc_ti_process.obj (.const:H264ENC_TI_ICONT2_HiMP_4MVDataSect0)
                  00332760    000004ec                         : h264enc_ti_process.obj (.const:H264ENC_TI_ICONT2_HiMP_DataSect0)
                  00332c4c    000004ec                         : h264enc_ti_process.obj (.const:H264ENC_TI_ICONT2_HiMP_HiSPEED_DataSect0)
                  00333138    000004e4     ti.framework.dce.aem4 : dce.oem4 (.const:$O2$$)
                  0033361c    000004b4     vc1vdec_ti_host_M3.lib : vc1vdec_ti_data_transfer.obj (.const:VC1VDEC_TI_ICONT2DataSect4)
                  00333ad0    000004b4                            : vc1vdec_ti_data_transfer.obj (.const:VC1VDEC_TI_LEVEL1_ICONT2DataSect4)
                  00333f84    000004b4                            : vc1vdec_ti_data_transfer.obj (.const:VC1VDEC_TI_LEVEL2_ICONT2DataSect4)
                  00334438    000004b4                            : vc1vdec_ti_data_transfer.obj (.const:VC1VDEC_TI_LEVEL3_ICONT2DataSect4)
                  003348ec    000004b4                            : vc1vdec_ti_data_transfer.obj (.const:VC1VDEC_TI_LEVEL4_ICONT2DataSect4)
                  00334da0    00000480     jpegenc_ti_host.lib : jpegenc_ti_host.o (.const:tableLSECALCCmds)
                  00335220    0000045c     mpeg4vdec_ti_host.lib : mpeg4vdec_ti_datatransfer.obj (.const:MPEG4VDEC_TI_ICONT1_DataSect2)
                  0033567c    00000440     vc1vdec_ti_host_M3.lib : vc1vdec_ti_data_transfer.obj (.const:VC1VDEC_TI_ICONT1DataSect2)
                  00335abc    00000440                            : vc1vdec_ti_data_transfer.obj (.const:VC1VDEC_TI_LEVEL1_ICONT1DataSect2)
                  00335efc    00000440                            : vc1vdec_ti_data_transfer.obj (.const:VC1VDEC_TI_LEVEL2_ICONT1DataSect2)
                  0033633c    00000440                            : vc1vdec_ti_data_transfer.obj (.const:VC1VDEC_TI_LEVEL3_ICONT1DataSect2)
                  0033677c    00000440                            : vc1vdec_ti_data_transfer.obj (.const:VC1VDEC_TI_LEVEL4_ICONT1DataSect2)
                  00336bbc    000003ac     h264vdec_ti.lib : h264vdec_ti_datatransfer.obj (.const:H264VDEC_TI_ICONT1_DataSect0)
                  00336f68    000003ac                     : h264vdec_ti_datatransfer.obj (.const:H264VDEC_TI_ICONT1_HIGHRES_DataSect0)
                  00337314    000003a4                     : h264vdec_ti_datatransfer.obj (.const:H264VDEC_TI_ICONT2_DataSect2)
                  003376b8    00000304                     : h264vdec_ti_datatransfer.obj (.const:H264VDEC_TI_ICONT1_HIGHRES_DataSect7)
                  003379bc    000002fc                     : h264vdec_ti_datatransfer.obj (.const:H264VDEC_TI_ICONT1_DataSect6)
                  00337cb8    00000250     jpegenc_ti_host.lib : jpegenc_ti_host.o (.const:tableLSEECDCmds)
                  00337f08    00000240     mpeg2vdec_ti_host.lib : mpeg2vdec_ti_host.o (.const:tableLSECALCCmds)
                  00338148    00000220     mpeg4venc_ti_host.lib : mpeg4enc_ti_process.obj (.const:MPEG4VENC_TI_ICONT1_DataSect2)
                  00338368    00000200     jpegvdec_ti_host.lib : jpegvdec_ti_host.o (.const:tableLSEECDCmds)
                  00338568    000001e4     ipu_pem4.oem4 (.const:ti_sdo_ipc_family_vayu_InterruptIpu_mailboxTable__C)
                  0033874c    000001e4     ipu_pem4.oem4 (.const:ti_sdo_ipc_family_vayu_NotifySetup_mailboxTable__C)
                  00338930    000001dc     ipu_pem4.oem4 (.const:xdc_runtime_Text_nodeTab__A)
                  00338b0c    000001a0     mpeg4venc_ti_host.lib : mpeg4enc_ti_process.obj (.const:MPEG4VENC_TI_ICONT2_DataSect2)
                  00338cac    00000188     vc1vdec_ti_host_M3.lib : vc1vdec_ti_data_transfer.obj (.const:VC1VDEC_TI_ICONT1DataSect3)
                  00338e34    00000188                            : vc1vdec_ti_data_transfer.obj (.const:VC1VDEC_TI_LEVEL1_ICONT1DataSect3)
                  00338fbc    00000188                            : vc1vdec_ti_data_transfer.obj (.const:VC1VDEC_TI_LEVEL2_ICONT1DataSect3)
                  00339144    00000188                            : vc1vdec_ti_data_transfer.obj (.const:VC1VDEC_TI_LEVEL3_ICONT1DataSect3)
                  003392cc    00000188                            : vc1vdec_ti_data_transfer.obj (.const:VC1VDEC_TI_LEVEL4_ICONT1DataSect3)
                  00339454    00000160     jpegenc_ti_host.lib : jpegenc_ti_host.o (.const)
                  003395b4    0000013c     h264enc_ti_host.lib : ih264enc.obj (.const:H264ENC_TI_PARAMS)
                  003396f0    00000120     mpeg4venc_ti_host.lib : mpeg4enc_ti_ialg.obj (.const:ps32LevelLimitTab)
                  00339810    00000101     rtsv7M4_T_le_eabi.lib : ctype.obj (.const:.string:_ctypes_)
                  00339911    00000001     ipu_pem4.oem4 (.const:ti_sysbios_family_arm_ducati_TimestampProvider_inpsel__C)
                  00339912    00000002     ipu_pem4.oem4 (.const:ti_deh_Watchdog_Module__id__C)
                  00339914    00000100     mpeg4venc_ti_host.lib : mpeg4enc_ti_reconvdmadescriptors.obj (.const:MPEG4ENC_TI_StaticTableSection)
                  00339a14    00000100     mpeg4vdec_ti_host.lib : mpeg4vdec_ti_ialg.obj (.const)
                  00339b14    000000f0     h264enc_ti_host.lib : ih264enc.obj (.const:H264ENC_TI_DYNAMICPARAMS)
                  00339c04    000000a8     ti.framework.dce.aem4 : dce.oem4 (.const:.string)
                  00339cac    000000a4     jpegvdec_ti_host.lib : jpegvdec_ti_host.o (.const)
                  00339d50    00000098     mpeg2vdec_ti_host.lib : mpeg2vdec_ti_host.o (.const)
                  00339de8    00000094     h264vdec_ti.lib : ih264vdec.obj (.const:IH264VDEC_PARAMS)
                  00339e7c    00000080     mpeg2vdec_ti_host.lib : mpeg2vdec_ti_host.o (.const:tableLSEECDCmds)
                  00339efc    0000006e     vc1vdec_ti_host_M3.lib : vc1vdec_ti_version.obj (.const:VC1VDEC_TI_version)
                  00339f6a    00000002     ipu_pem4.oem4 (.const:ti_deh_Watchdog_disableWatchdog__C)
                  00339f6c    0000006b     jpegvdec_ti_host.lib : jpegvdec_ti_host.o (.const:.string:$P$T0$1)
                  00339fd7    00000001     ipu_pem4.oem4 (.const:xdc_runtime_Error_policy__C)
                  00339fd8    00000060     mpeg2vdec_ti_host.lib : mpeg2vdec_ti_host.o (.const:.string:MPEG2VDEC_TI_version)
                  0033a038    0000005e     jpegenc_ti_host.lib : jpegenc_ti_host.o (.const:.string:JPEGVENC_TI_version)
                  0033a096    00000002     ipu_pem4.oem4 (.const:ti_sdo_ipc_family_vayu_InterruptIpu_Module__id__C)
                  0033a098    00000058     vc1vdec_ti_host_M3.lib : vc1vdec_ti_ialg.obj (.const:VC1VDEC_TI_PARAMS)
                  0033a0f0    00000050     h264vdec_ti.lib : ih264vdec.obj (.const:IH264VDEC_TI_DYNAMICPARAMS)
                  0033a140    00000050     ipu_pem4.oem4 (.const:xdc_runtime_Startup_sfxnTab__A)
                  0033a190    00000048     ipu_pem4.oem4 (.const:ti_sysbios_knl_Task_hooks__A)
                  0033a1d8    00000044     ti.framework.dce.aem4 : ivahd.oem4 (.const:$O2$$)
                  0033a21c    00000044     ipu_pem4.oem4 (.const:ti_sysbios_knl_Task_Object__PARAMS__C)
                  0033a260    00000040     h264vdec_ti.lib : h264vdec_ti_dpboutputframe.obj (.const:h264vdec_ti_maxDpbMbs)
                  0033a2a0    00000040     ipu_pem4.oem4 (.const:ti_sdo_ipc_family_vayu_InterruptIpu_mailboxBaseAddr__C)
                  0033a2e0    00000040     ipu_pem4.oem4 (.const:ti_sdo_ipc_family_vayu_NotifySetup_mailboxBaseAddr__C)
                  0033a320    00000035     mpeg4vdec_ti_host.lib : mpeg4vdec_ti_control.obj (.const:.string:$P$T0$1)
                  0033a355    00000001     --HOLE-- [fill = 0]
                  0033a356    00000002     ipu_pem4.oem4 (.const:ti_sdo_utils_MultiProc_Module__id__C)
                  0033a358    00000034     h264vdec_ti.lib : h264vdec_ti_control.obj (.const:.string:$P$T0$1)
                  0033a38c    00000034     ipu_pem4.oem4 (.const:xdc_runtime_LoggerSys_Module__FXNS__C)
                  0033a3c0    00000030     h264enc_ti_host.lib : h264enc_ti_ialgIvahd.obj (.const:.string:$P$T0$1)
                  0033a3f0    00000030                         : h264enc_ti_vt.obj (.const:H264ENC_TI_IH264ENC)
                  0033a420    00000030     vc1vdec_ti_host_M3.lib : vc1vdec_ti_ialg.obj (.const:VC1VDEC_TI_DYNAMICPARAMS)
                  0033a450    00000030     ipu_pem4.oem4 (.const:ti_sysbios_family_arm_m3_Hwi_Object__PARAMS__C)
                  0033a480    0000002c     h264enc_ti_host.lib : h264enc_ti_process.obj (.const)
                  0033a4ac    0000002c     ipu_pem4.oem4 (.const:ti_sdo_ipc_family_vayu_InterruptIpu_procIdTable__C)
                  0033a4d8    0000002c     ipu_pem4.oem4 (.const:ti_sdo_ipc_family_vayu_NotifySetup_procIdTable__C)
                  0033a504    0000002c     ipu_pem4.oem4 (.const:ti_sysbios_heaps_HeapBuf_Object__PARAMS__C)
                  0033a530    0000002c     ipu_pem4.oem4 (.const:ti_sysbios_knl_Idle_coreList__A)
                  0033a55c    0000002c     ipu_pem4.oem4 (.const:ti_sysbios_knl_Idle_funcList__A)
                  0033a588    0000002c     ipu_pem4.oem4 (.const:ti_sysbios_xdcruntime_ThreadSupport_Object__PARAMS__C)
                  0033a5b4    0000002c     ipu_pem4.oem4 (.const:xdc_runtime_knl_Thread_Object__PARAMS__C)
                  0033a5e0    00000028     h264enc_ti_host.lib : H264BPEnc_ti_ires.obj (.const:H264ENC_TI_IRES)
                  0033a608    00000028     h264vdec_ti.lib : h264vdec_ti_ires.obj (.const:H264VDEC_TI_IRES)
                  0033a630    00000028     mpeg4venc_ti_host.lib : mpeg4enc_ti_ires.obj (.const:MPEG4ENC_TI_IRES)
                  0033a658    00000028     ipu_pem4.oem4 (.const:ti_sysbios_heaps_HeapBuf_Module__FXNS__C)
                  0033a680    00000028     ipu_pem4.oem4 (.const:ti_sysbios_heaps_HeapMem_Module__FXNS__C)
                  0033a6a8    00000028     ipu_pem4.oem4 (.const:ti_sysbios_knl_Swi_Object__PARAMS__C)
                  0033a6d0    00000028     ipu_pem4.oem4 (.const:xdc_runtime_Startup_sfxnRts__A)
                  0033a6f8    00000024     h264enc_ti_host.lib : h264enc_ti_vt.obj (.const:H264ENC_TI_IALG)
                  0033a71c    00000024     ipu_pem4.oem4 (.const:ti_sysbios_family_arm_ducati_GateSmp_Module__FXNS__C)
                  0033a740    00000024     ipu_pem4.oem4 (.const:ti_sysbios_gates_GateHwi_Module__FXNS__C)
                  0033a764    00000024     ipu_pem4.oem4 (.const:ti_sysbios_gates_GateMutexPri_Module__FXNS__C)
                  0033a788    00000024     ipu_pem4.oem4 (.const:ti_sysbios_gates_GateMutex_Module__FXNS__C)
                  0033a7ac    00000024     ipu_pem4.oem4 (.const:ti_sysbios_heaps_HeapMem_Object__PARAMS__C)
                  0033a7d0    00000024     ipu_pem4.oem4 (.const:ti_sysbios_knl_Semaphore_Object__PARAMS__C)
                  0033a7f4    00000024     ipu_pem4.oem4 (.const:xdc_runtime_knl_GateProcess_Module__FXNS__C)
                  0033a818    00000024     ipu_pem4.oem4 (.const:xdc_runtime_knl_GateThread_Module__FXNS__C)
                  0033a83c    00000020     h264vdec_ti.lib : h264vdec_ti_decode.obj (.const:.string)
                  0033a85c    00000020     jpegenc_ti_host.lib : jpegenc_ti_host.o (.const:JPEGENC_TI_ICONT1_DataSect0)
                  0033a87c    00000020                         : jpegenc_ti_host.o (.const:JPEGENC_TI_ICONT1_LEVEL1_DataSect0)
                  0033a89c    00000020                         : jpegenc_ti_host.o (.const:JPEGENC_TI_ICONT1_LEVEL2_DataSect0)
                  0033a8bc    00000020                         : jpegenc_ti_host.o (.const:JPEGENC_TI_ICONT1_LEVEL3_DataSect0)
                  0033a8dc    00000020                         : jpegenc_ti_host.o (.const:JPEGENC_TI_ICONT1_LEVEL4_DataSect0)
                  0033a8fc    00000020                         : jpegenc_ti_host.o (.const:JPEGENC_TI_ICONT2_DataSect0)
                  0033a91c    00000020                         : jpegenc_ti_host.o (.const:JPEGENC_TI_ICONT2_LEVEL1_DataSect0)
                  0033a93c    00000020                         : jpegenc_ti_host.o (.const:JPEGENC_TI_ICONT2_LEVEL2_DataSect0)
                  0033a95c    00000020                         : jpegenc_ti_host.o (.const:JPEGENC_TI_ICONT2_LEVEL3_DataSect0)
                  0033a97c    00000020                         : jpegenc_ti_host.o (.const:JPEGENC_TI_ICONT2_LEVEL4_DataSect0)
                  0033a99c    00000020     jpegvdec_ti_host.lib : jpegvdec_ti_host.o (.const:JPEGVDEC_TI_ICONT1_DataSect0)
                  0033a9bc    00000020                          : jpegvdec_ti_host.o (.const:JPEGVDEC_TI_ICONT1_LEVEL1_DataSect0)
                  0033a9dc    00000020                          : jpegvdec_ti_host.o (.const:JPEGVDEC_TI_ICONT1_LEVEL2_DataSect0)
                  0033a9fc    00000020                          : jpegvdec_ti_host.o (.const:JPEGVDEC_TI_ICONT1_LEVEL3_DataSect0)
                  0033aa1c    00000020                          : jpegvdec_ti_host.o (.const:JPEGVDEC_TI_ICONT1_LEVEL4_DataSect0)
                  0033aa3c    00000020                          : jpegvdec_ti_host.o (.const:JPEGVDEC_TI_ICONT2_DataSect0)
                  0033aa5c    00000020                          : jpegvdec_ti_host.o (.const:JPEGVDEC_TI_ICONT2_LEVEL1_DataSect0)
                  0033aa7c    00000020                          : jpegvdec_ti_host.o (.const:JPEGVDEC_TI_ICONT2_LEVEL2_DataSect0)
                  0033aa9c    00000020                          : jpegvdec_ti_host.o (.const:JPEGVDEC_TI_ICONT2_LEVEL3_DataSect0)
                  0033aabc    00000020                          : jpegvdec_ti_host.o (.const:JPEGVDEC_TI_ICONT2_LEVEL4_DataSect0)
                  0033aadc    00000020     mpeg2vdec_ti_host.lib : mpeg2vdec_ti_host.o (.const:MPEG2VDEC_TI_EC_DataSect0)
                  0033aafc    00000020                           : mpeg2vdec_ti_host.o (.const:MPEG2VDEC_TI_ICONT1_DataSect0)
                  0033ab1c    00000020                           : mpeg2vdec_ti_host.o (.const:MPEG2VDEC_TI_ICONT1_LEVEL1_DataSect0)
                  0033ab3c    00000020                           : mpeg2vdec_ti_host.o (.const:MPEG2VDEC_TI_ICONT1_LEVEL2_DataSect0)
                  0033ab5c    00000020                           : mpeg2vdec_ti_host.o (.const:MPEG2VDEC_TI_ICONT1_LEVEL3_DataSect0)
                  0033ab7c    00000020                           : mpeg2vdec_ti_host.o (.const:MPEG2VDEC_TI_ICONT1_LEVEL4_DataSect0)
                  0033ab9c    00000020                           : mpeg2vdec_ti_host.o (.const:MPEG2VDEC_TI_ICONT2_DataSect0)
                  0033abbc    00000020                           : mpeg2vdec_ti_host.o (.const:MPEG2VDEC_TI_ICONT2_DataSect0)
                  0033abdc    00000020                           : mpeg2vdec_ti_host.o (.const:MPEG2VDEC_TI_ICONT2_LEVEL1_DataSect0)
                  0033abfc    00000020                           : mpeg2vdec_ti_host.o (.const:MPEG2VDEC_TI_ICONT2_LEVEL1_DataSect0)
                  0033ac1c    00000020                           : mpeg2vdec_ti_host.o (.const:MPEG2VDEC_TI_ICONT2_LEVEL2_DataSect0)
                  0033ac3c    00000020                           : mpeg2vdec_ti_host.o (.const:MPEG2VDEC_TI_ICONT2_LEVEL2_DataSect0)
                  0033ac5c    00000020                           : mpeg2vdec_ti_host.o (.const:MPEG2VDEC_TI_ICONT2_LEVEL3_DataSect0)
                  0033ac7c    00000020                           : mpeg2vdec_ti_host.o (.const:MPEG2VDEC_TI_ICONT2_LEVEL3_DataSect0)
                  0033ac9c    00000020                           : mpeg2vdec_ti_host.o (.const:MPEG2VDEC_TI_ICONT2_LEVEL4_DataSect0)
                  0033acbc    00000020                           : mpeg2vdec_ti_host.o (.const:MPEG2VDEC_TI_ICONT2_LEVEL4_DataSect0)
                  0033acdc    00000020     mpeg4vdec_ti_host.lib : mpeg4vdec_ti_errconceal.obj (.const:MPEG4VDEC_TI_EC_DataSect0)
                  0033acfc    00000020                           : mpeg4vdec_ti_datatransfer.obj (.const:MPEG4VDEC_TI_ICONT1_DEBUGTRACELEVEL1_DataSect0)
                  0033ad1c    00000020                           : mpeg4vdec_ti_datatransfer.obj (.const:MPEG4VDEC_TI_ICONT1_DEBUGTRACELEVEL2_DataSect0)
                  0033ad3c    00000020                           : mpeg4vdec_ti_datatransfer.obj (.const:MPEG4VDEC_TI_ICONT1_DataSect0)
                  0033ad5c    00000020                           : mpeg4vdec_ti_datatransfer.obj (.const:MPEG4VDEC_TI_ICONT2_DEBUGTRACELEVEL1_DataSect0)
                  0033ad7c    00000020                           : mpeg4vdec_ti_datatransfer.obj (.const:MPEG4VDEC_TI_ICONT2_DEBUGTRACELEVEL2_DataSect0)
                  0033ad9c    00000020                           : mpeg4vdec_ti_datatransfer.obj (.const:MPEG4VDEC_TI_ICONT2_DataSect0)
                  0033adbc    00000020     mpeg4venc_ti_host.lib : mpeg4enc_ti_process.obj (.const:MPEG4VENC_TI_ICONT1_DEBUGTRACE_LEVEL1_DataSect0)
                  0033addc    00000020                           : mpeg4enc_ti_process.obj (.const:MPEG4VENC_TI_ICONT1_DataSect0)
                  0033adfc    00000020                           : mpeg4enc_ti_process.obj (.const:MPEG4VENC_TI_ICONT2_DEBUGTRACE_LEVEL1_DataSect0)
                  0033ae1c    00000020                           : mpeg4enc_ti_process.obj (.const:MPEG4VENC_TI_ICONT2_DataSect0)
                  0033ae3c    00000020     vc1vdec_ti_host_M3.lib : vc1vdec_ti_errconceal.obj (.const:VC1VDEC_TI_ERROR_CONCEAL_ICONT1DataSect0)
                  0033ae5c    00000020                            : vc1vdec_ti_data_transfer.obj (.const:VC1VDEC_TI_ICONT1DataSect0)
                  0033ae7c    00000020                            : vc1vdec_ti_data_transfer.obj (.const:VC1VDEC_TI_ICONT2DataSect0)
                  0033ae9c    00000020                            : vc1vdec_ti_data_transfer.obj (.const:VC1VDEC_TI_LEVEL1_ICONT1DataSect0)
                  0033aebc    00000020                            : vc1vdec_ti_data_transfer.obj (.const:VC1VDEC_TI_LEVEL1_ICONT2DataSect0)
                  0033aedc    00000020                            : vc1vdec_ti_data_transfer.obj (.const:VC1VDEC_TI_LEVEL2_ICONT1DataSect0)
                  0033aefc    00000020                            : vc1vdec_ti_data_transfer.obj (.const:VC1VDEC_TI_LEVEL2_ICONT2DataSect0)
                  0033af1c    00000020                            : vc1vdec_ti_data_transfer.obj (.const:VC1VDEC_TI_LEVEL3_ICONT1DataSect0)
                  0033af3c    00000020                            : vc1vdec_ti_data_transfer.obj (.const:VC1VDEC_TI_LEVEL3_ICONT2DataSect0)
                  0033af5c    00000020                            : vc1vdec_ti_data_transfer.obj (.const:VC1VDEC_TI_LEVEL4_ICONT1DataSect0)
                  0033af7c    00000020                            : vc1vdec_ti_data_transfer.obj (.const:VC1VDEC_TI_LEVEL4_ICONT2DataSect0)
                  0033af9c    00000020     ipu_pem4.oem4 (.const:ti_sdo_utils_List_Object__DESC__C)
                  0033afbc    00000020     ipu_pem4.oem4 (.const:ti_sysbios_family_arm_ducati_GateSmp_Object__DESC__C)
                  0033afdc    00000020     ipu_pem4.oem4 (.const:ti_sysbios_family_arm_m3_Hwi_Object__DESC__C)
                  0033affc    00000020     ipu_pem4.oem4 (.const:ti_sysbios_gates_GateHwi_Object__DESC__C)
                  0033b01c    00000020     ipu_pem4.oem4 (.const:ti_sysbios_gates_GateMutexPri_Object__DESC__C)
                  0033b03c    00000020     ipu_pem4.oem4 (.const:ti_sysbios_gates_GateMutex_Object__DESC__C)
                  0033b05c    00000020     ipu_pem4.oem4 (.const:ti_sysbios_heaps_HeapBuf_Object__DESC__C)
                  0033b07c    00000020     ipu_pem4.oem4 (.const:ti_sysbios_heaps_HeapMem_Object__DESC__C)
                  0033b09c    00000020     ipu_pem4.oem4 (.const:ti_sysbios_knl_Queue_Object__DESC__C)
                  0033b0bc    00000020     ipu_pem4.oem4 (.const:ti_sysbios_knl_Semaphore_Object__DESC__C)
                  0033b0dc    00000020     ipu_pem4.oem4 (.const:ti_sysbios_knl_Swi_Object__DESC__C)
                  0033b0fc    00000020     ipu_pem4.oem4 (.const:ti_sysbios_knl_Task_Object__DESC__C)
                  0033b11c    00000020     ipu_pem4.oem4 (.const:ti_sysbios_xdcruntime_GateProcessSupport_Object__DESC__C)
                  0033b13c    00000020     ipu_pem4.oem4 (.const:ti_sysbios_xdcruntime_GateThreadSupport_Object__DESC__C)
                  0033b15c    00000020     ipu_pem4.oem4 (.const:ti_sysbios_xdcruntime_SemThreadSupport_Object__DESC__C)
                  0033b17c    00000020     ipu_pem4.oem4 (.const:ti_sysbios_xdcruntime_ThreadSupport_Object__DESC__C)
                  0033b19c    00000020     ipu_pem4.oem4 (.const:xdc_runtime_LoggerSys_Object__DESC__C)
                  0033b1bc    00000020     ipu_pem4.oem4 (.const:xdc_runtime_knl_GateProcess_Object__DESC__C)
                  0033b1dc    00000020     ipu_pem4.oem4 (.const:xdc_runtime_knl_GateThread_Object__DESC__C)
                  0033b1fc    00000020     ipu_pem4.oem4 (.const:xdc_runtime_knl_SemThread_Module__FXNS__C)
                  0033b21c    00000020     ipu_pem4.oem4 (.const:xdc_runtime_knl_SemThread_Object__DESC__C)
                  0033b23c    00000020     ipu_pem4.oem4 (.const:xdc_runtime_knl_Thread_Object__DESC__C)
                  0033b25c    0000001c     ipu_pem4.oem4 (.const)
                  0033b278    0000001c     ipu_pem4.oem4 (.const:ti_sysbios_xdcruntime_GateProcessSupport_Object__PARAMS__C)
                  0033b294    0000001c     ipu_pem4.oem4 (.const:ti_sysbios_xdcruntime_SemThreadSupport_Object__PARAMS__C)
                  0033b2b0    0000001c     ipu_pem4.oem4 (.const:xdc_runtime_knl_GateProcess_Object__PARAMS__C)
                  0033b2cc    0000001c     ipu_pem4.oem4 (.const:xdc_runtime_knl_SemThread_Object__PARAMS__C)
                  0033b2e8    00000018     ipu_pem4.oem4 (.const:ti_sdo_utils_List_Object__PARAMS__C)
                  0033b300    00000018     ipu_pem4.oem4 (.const:ti_sysbios_family_arm_ducati_GateSmp_Object__PARAMS__C)
                  0033b318    00000018     ipu_pem4.oem4 (.const:ti_sysbios_gates_GateHwi_Object__PARAMS__C)
                  0033b330    00000018     ipu_pem4.oem4 (.const:ti_sysbios_gates_GateMutexPri_Object__PARAMS__C)
                  0033b348    00000018     ipu_pem4.oem4 (.const:ti_sysbios_gates_GateMutex_Object__PARAMS__C)
                  0033b360    00000018     ipu_pem4.oem4 (.const:ti_sysbios_knl_Queue_Object__PARAMS__C)
                  0033b378    00000018     ipu_pem4.oem4 (.const:ti_sysbios_knl_Swi_hooks__A)
                  0033b390    00000018     ipu_pem4.oem4 (.const:ti_sysbios_xdcruntime_GateThreadSupport_Object__PARAMS__C)
                  0033b3a8    00000018     ipu_pem4.oem4 (.const:xdc_runtime_LoggerSys_Object__PARAMS__C)
                  0033b3c0    00000018     ipu_pem4.oem4 (.const:xdc_runtime_knl_GateThread_Object__PARAMS__C)
                  0033b3d8    00000014     ipu_pem4.oem4 (.const:ti_sdo_utils_MultiProc_nameList__A)
                  0033b3ec    00000012     ti.trace_smp.aem4 : SysMin.oem4 (.const:.string:$P$T0$5)
                  0033b3fe    00000002     ipu_pem4.oem4 (.const:ti_sdo_utils_MultiProc_numProcessors__C)
                  0033b400    00000012     ti.grcm.aem4 : RcmServer.oem4 (.const:.string)
                  0033b412    00000002     ipu_pem4.oem4 (.const:ti_sdo_utils_MultiProc_numProcsInCluster__C)
                  0033b414    00000010     ipu.aem4 : iresman_tiledmemory.oem4 (.const:$P$T0$1)
                  0033b424    00000010              : iresman_tiledmemory.oem4 (.const:$P$T1$2)
                  0033b434    00000010     ipu_pem4.oem4 (.const:xdc_runtime_Startup_firstFxns__A)
                  0033b444    0000000a     ce.aem4 : Engine.oem4 (.const:.string)
                  0033b44e    00000002     ipu_pem4.oem4 (.const:ti_sysbios_BIOS_smpEnabled__C)
                  0033b450    0000000a     ipc_bios_nomsg.aem4 : Processor_noOS.oem4 (.const:.string)
                  0033b45a    00000002     ipu_pem4.oem4 (.const:ti_sysbios_BIOS_swiEnabled__C)
                  0033b45c    00000008     ipu_pem4.oem4 (.const:ti_sysbios_family_arm_ducati_smp_Power_preSuspendHooks__C)
                  0033b464    00000008     ipu_pem4.oem4 (.const:ti_sysbios_knl_Idle_coreList__C)
                  0033b46c    00000008     ipu_pem4.oem4 (.const:ti_sysbios_knl_Idle_funcList__C)
                  0033b474    00000008     ipu_pem4.oem4 (.const:ti_sysbios_knl_Swi_hooks__C)
                  0033b47c    00000008     ipu_pem4.oem4 (.const:ti_sysbios_knl_Task_hooks__C)
                  0033b484    00000008     ipu_pem4.oem4 (.const:xdc_runtime_Startup_firstFxns__C)
                  0033b48c    00000008     ipu_pem4.oem4 (.const:xdc_runtime_Startup_lastFxns__C)
                  0033b494    00000006     dskt2.aem4 : dskt2_scratch.oem4 (.const)
                  0033b49a    00000002     ipu_pem4.oem4 (.const:ti_sysbios_BIOS_taskEnabled__C)
                  0033b49c    00000004     ipu_pem4.oem4 (.const:ti_deh_Watchdog_Module__diagsIncluded__C)
                  0033b4a0    00000004     ipu_pem4.oem4 (.const:ti_deh_Watchdog_Module__diagsMask__C)
                  0033b4a4    00000004     ipu_pem4.oem4 (.const:ti_sdo_ce_utils_syscbuf_SysCBuf_bufSize__C)
                  0033b4a8    00000004     ipu_pem4.oem4 (.const:ti_sdo_ipc_family_vayu_InterruptIpu_Module__diagsEnabled__C)
                  0033b4ac    00000004     ipu_pem4.oem4 (.const:ti_sdo_ipc_family_vayu_InterruptIpu_Module__diagsIncluded__C)
                  0033b4b0    00000004     ipu_pem4.oem4 (.const:ti_sdo_ipc_family_vayu_InterruptIpu_Module__diagsMask__C)
                  0033b4b4    00000004     ipu_pem4.oem4 (.const:ti_sdo_ipc_family_vayu_InterruptIpu_ducatiCtrlBaseAddr__C)
                  0033b4b8    00000004     ipu_pem4.oem4 (.const:ti_sdo_ipc_family_vayu_InterruptIpu_ipu1_0ProcId__C)
                  0033b4bc    00000004     ipu_pem4.oem4 (.const:ti_sdo_ipc_family_vayu_InterruptIpu_ipu1_1ProcId__C)
                  0033b4c0    00000004     ipu_pem4.oem4 (.const:ti_sdo_ipc_family_vayu_InterruptIpu_ipu2_0ProcId__C)
                  0033b4c4    00000004     ipu_pem4.oem4 (.const:ti_sdo_ipc_family_vayu_InterruptIpu_ipu2_1ProcId__C)
                  0033b4c8    00000004     ipu_pem4.oem4 (.const:ti_sdo_utils_MultiProc_A_invalidMultiProcId__C)
                  0033b4cc    00000004     ipu_pem4.oem4 (.const:ti_sdo_utils_MultiProc_A_invalidProcName__C)
                  0033b4d0    00000004     ipu_pem4.oem4 (.const:ti_sdo_utils_MultiProc_Module__diagsEnabled__C)
                  0033b4d4    00000004     ipu_pem4.oem4 (.const:ti_sdo_utils_MultiProc_Module__diagsIncluded__C)
                  0033b4d8    00000004     ipu_pem4.oem4 (.const:ti_sdo_utils_MultiProc_Module__diagsMask__C)
                  0033b4dc    00000004     ipu_pem4.oem4 (.const:ti_sdo_utils_MultiProc_nameList__C)
                  0033b4e0    00000004     ipu_pem4.oem4 (.const:ti_sysbios_family_arm_ducati_Core_core1HwiStackSize__C)
                  0033b4e4    00000004     ipu_pem4.oem4 (.const:ti_sysbios_family_arm_ducati_Core_gate__C)
                  0033b4e8    00000004     ipu_pem4.oem4 (.const:ti_sysbios_family_arm_ducati_Core_ipuId__C)
                  0033b4ec    00000004     ipu_pem4.oem4 (.const:ti_sysbios_family_arm_ducati_smp_Power_gate__C)
                  0033b4f0    00000004     ipu_pem4.oem4 (.const:ti_sysbios_family_arm_ducati_smp_Power_postSuspendHooks__A)
                  0033b4f4    00000004     ipu_pem4.oem4 (.const:ti_sysbios_family_arm_ducati_smp_Power_preSuspendHooks__A)
                  0033b4f8    00000004     ipu_pem4.oem4 (.const:ti_sysbios_family_arm_ducati_smp_Power_sdmaRegs__C)
                  0033b4fc    00000004     ipu_pem4.oem4 (.const:ti_sysbios_family_arm_ducati_smp_Power_semCore0__C)
                  0033b500    00000004     ipu_pem4.oem4 (.const:ti_sysbios_family_arm_ducati_smp_Power_semCore1__C)
                  0033b504    00000004     ipu_pem4.oem4 (.const:ti_sysbios_family_arm_m3_Hwi_E_NMI__C)
                  0033b508    00000004     ipu_pem4.oem4 (.const:ti_sysbios_family_arm_m3_Hwi_E_alreadyDefined__C)
                  0033b50c    00000004     ipu_pem4.oem4 (.const:ti_sysbios_family_arm_m3_Hwi_E_busFault__C)
                  0033b510    00000004     ipu_pem4.oem4 (.const:ti_sysbios_family_arm_m3_Hwi_E_debugMon__C)
                  0033b514    00000004     ipu_pem4.oem4 (.const:ti_sysbios_family_arm_m3_Hwi_E_hardFault__C)
                  0033b518    00000004     ipu_pem4.oem4 (.const:ti_sysbios_family_arm_m3_Hwi_E_memFault__C)
                  0033b51c    00000004     ipu_pem4.oem4 (.const:ti_sysbios_family_arm_m3_Hwi_E_noIsr__C)
                  0033b520    00000004     ipu_pem4.oem4 (.const:ti_sysbios_family_arm_m3_Hwi_E_reserved__C)
                  0033b524    00000004     ipu_pem4.oem4 (.const:ti_sysbios_family_arm_m3_Hwi_E_svCall__C)
                  0033b528    00000004     ipu_pem4.oem4 (.const:ti_sysbios_family_arm_m3_Hwi_E_usageFault__C)
                  0033b52c    00000004     ipu_pem4.oem4 (.const:ti_sysbios_family_arm_m3_Hwi_NUM_INTERRUPTS__C)
                  0033b530    00000004     ipu_pem4.oem4 (.const:ti_sysbios_family_arm_m3_Hwi_Object__count__C)
                  0033b534    00000004     ipu_pem4.oem4 (.const:ti_sysbios_family_arm_m3_Hwi_ccr__C)
                  0033b538    00000004     ipu_pem4.oem4 (.const:ti_sysbios_family_arm_m3_Hwi_disablePriority__C)
                  0033b53c    00000004     ipu_pem4.oem4 (.const:ti_sysbios_family_arm_m3_Hwi_excHandlerFunc__C)
                  0033b540    00000004     ipu_pem4.oem4 (.const:ti_sysbios_family_arm_m3_Hwi_nullIsrFunc__C)
                  0033b544    00000004     ipu_pem4.oem4 (.const:ti_sysbios_family_arm_m3_Hwi_priGroup__C)
                  0033b548    00000004     ipu_pem4.oem4 (.const:ti_sysbios_family_arm_m3_TaskSupport_stackAlignment__C)
                  0033b54c    00000004     ipu_pem4.oem4 (.const:ti_sysbios_family_shared_vayu_IntXbar_mmrBaseAddr__C)
                  0033b550    00000004     ipu_pem4.oem4 (.const:ti_sysbios_gates_GateMutexPri_Instance_State_pendQ__O)
                  0033b554    00000004     ipu_pem4.oem4 (.const:ti_sysbios_gates_GateMutex_Instance_State_sem__O)
                  0033b558    00000004     ipu_pem4.oem4 (.const:ti_sysbios_hal_Hwi_E_stackOverflow__C)
                  0033b55c    00000004     ipu_pem4.oem4 (.const:ti_sysbios_hal_SecondsClock_Module_State_clock__O)
                  0033b560    00000004     ipu_pem4.oem4 (.const:ti_sysbios_hal_unicache_Cache_Module__gateObj__C)
                  0033b564    00000004     ipu_pem4.oem4 (.const:ti_sysbios_hal_unicache_Cache_l1ocpConfig__C)
                  0033b568    00000004     ipu_pem4.oem4 (.const:ti_sysbios_hal_unicache_Cache_l1secConfig__C)
                  0033b56c    00000004     ipu_pem4.oem4 (.const:ti_sysbios_hal_unicache_Cache_l2ocpConfig__C)
                  0033b570    00000004     ipu_pem4.oem4 (.const:ti_sysbios_hal_unicache_Cache_l2secConfig__C)
                  0033b574    00000004     ipu_pem4.oem4 (.const:ti_sysbios_hal_unicache_Cache_maxLineModeBufSize__C)
                  0033b578    00000004     ipu_pem4.oem4 (.const:ti_sysbios_heaps_HeapBuf_E_size__C)
                  0033b57c    00000004     ipu_pem4.oem4 (.const:ti_sysbios_heaps_HeapBuf_Instance_State_freeList__O)
                  0033b580    00000004     ipu_pem4.oem4 (.const:ti_sysbios_heaps_HeapBuf_Object__count__C)
                  0033b584    00000004     ipu_pem4.oem4 (.const:ti_sysbios_heaps_HeapBuf_numConstructedHeaps__C)
                  0033b588    00000004     ipu_pem4.oem4 (.const:ti_sysbios_heaps_HeapMem_E_memory__C)
                  0033b58c    00000004     ipu_pem4.oem4 (.const:ti_sysbios_heaps_HeapMem_Module__gateObj__C)
                  0033b590    00000004     ipu_pem4.oem4 (.const:ti_sysbios_heaps_HeapMem_Object__count__C)
                  0033b594    00000004     ipu_pem4.oem4 (.const:ti_sysbios_heaps_HeapMem_reqAlign__C)
                  0033b598    00000004     ipu_pem4.oem4 (.const:ti_sysbios_knl_Clock_Module_State_clockQ__O)
                  0033b59c    00000004     ipu_pem4.oem4 (.const:ti_sysbios_knl_Clock_doTickFunc__C)
                  0033b5a0    00000004     ipu_pem4.oem4 (.const:ti_sysbios_knl_Clock_tickPeriod__C)
                  0033b5a4    00000004     ipu_pem4.oem4 (.const:ti_sysbios_knl_Mailbox_Instance_State_freeQue__O)
                  0033b5a8    00000004     ipu_pem4.oem4 (.const:ti_sysbios_knl_Mailbox_Object__count__C)
                  0033b5ac    00000004     ipu_pem4.oem4 (.const:ti_sysbios_knl_Mailbox_maxTypeAlign__C)
                  0033b5b0    00000004     ipu_pem4.oem4 (.const:ti_sysbios_knl_Semaphore_Instance_State_pendQ__O)
                  0033b5b4    00000004     ipu_pem4.oem4 (.const:ti_sysbios_knl_Swi_Object__count__C)
                  0033b5b8    00000004     ipu_pem4.oem4 (.const:ti_sysbios_knl_Swi_Object__heap__C)
                  0033b5bc    00000004     ipu_pem4.oem4 (.const:ti_sysbios_knl_Swi_numConstructedSwis__C)
                  0033b5c0    00000004     ipu_pem4.oem4 (.const:ti_sysbios_knl_Swi_numPriorities__C)
                  0033b5c4    00000004     ipu_pem4.oem4 (.const:ti_sysbios_knl_Task_E_spOutOfBounds__C)
                  0033b5c8    00000004     ipu_pem4.oem4 (.const:ti_sysbios_knl_Task_E_stackOverflow__C)
                  0033b5cc    00000004     ipu_pem4.oem4 (.const:ti_sysbios_knl_Task_Module_State_inactiveQ__O)
                  0033b5d0    00000004     ipu_pem4.oem4 (.const:ti_sysbios_knl_Task_Object__count__C)
                  0033b5d4    00000004     ipu_pem4.oem4 (.const:ti_sysbios_knl_Task_Object__heap__C)
                  0033b5d8    00000004     ipu_pem4.oem4 (.const:ti_sysbios_knl_Task_allBlockedFunc__C)
                  0033b5dc    00000004     ipu_pem4.oem4 (.const:ti_sysbios_knl_Task_defaultStackHeap__C)
                  0033b5e0    00000004     ipu_pem4.oem4 (.const:ti_sysbios_knl_Task_defaultStackSize__C)
                  0033b5e4    00000004     ipu_pem4.oem4 (.const:ti_sysbios_knl_Task_numConstructedTasks__C)
                  0033b5e8    00000004     ipu_pem4.oem4 (.const:ti_sysbios_knl_Task_startupHookFunc__C)
                  0033b5ec    00000004     ipu_pem4.oem4 (.const:ti_sysbios_timers_dmtimer_Timer_E_cannotSupport__C)
                  0033b5f0    00000004     ipu_pem4.oem4 (.const:ti_sysbios_timers_dmtimer_Timer_E_freqMismatch__C)
                  0033b5f4    00000004     ipu_pem4.oem4 (.const:ti_sysbios_timers_dmtimer_Timer_Object__count__C)
                  0033b5f8    00000004     ipu_pem4.oem4 (.const:ti_sysbios_timers_dmtimer_Timer_numTimerDevices__C)
                  0033b5fc    00000004     ipu_pem4.oem4 (.const:ti_sysbios_utils_Load_Module_State_taskList__O)
                  0033b600    00000004     ipu_pem4.oem4 (.const:ti_sysbios_utils_Load_Module__diagsEnabled__C)
                  0033b604    00000004     ipu_pem4.oem4 (.const:ti_sysbios_utils_Load_Module__diagsIncluded__C)
                  0033b608    00000004     ipu_pem4.oem4 (.const:ti_sysbios_utils_Load_Module__diagsMask__C)
                  0033b60c    00000004     ipu_pem4.oem4 (.const:ti_sysbios_utils_Load_postUpdate__C)
                  0033b610    00000004     ipu_pem4.oem4 (.const:ti_sysbios_utils_Load_windowInMs__C)
                  0033b614    00000004     ipu_pem4.oem4 (.const:ti_sysbios_xdcruntime_GateProcessSupport_Instance_State_gate__O)
                  0033b618    00000004     ipu_pem4.oem4 (.const:ti_sysbios_xdcruntime_GateThreadSupport_Instance_State_gate__O)
                  0033b61c    00000004     ipu_pem4.oem4 (.const:ti_sysbios_xdcruntime_SemThreadSupport_Instance_State_sem__O)
                  0033b620    00000004     ipu_pem4.oem4 (.const:ti_sysbios_xdcruntime_ThreadSupport_E_priority__C)
                  0033b624    00000004     ipu_pem4.oem4 (.const:ti_sysbios_xdcruntime_ThreadSupport_Instance_State_join_sem__O)
                  0033b628    00000004     ipu_pem4.oem4 (.const:ti_sysbios_xdcruntime_ThreadSupport_aboveNormalPriority__C)
                  0033b62c    00000004     ipu_pem4.oem4 (.const:ti_sysbios_xdcruntime_ThreadSupport_belowNormalPriority__C)
                  0033b630    00000004     ipu_pem4.oem4 (.const:ti_sysbios_xdcruntime_ThreadSupport_highestPriority__C)
                  0033b634    00000004     ipu_pem4.oem4 (.const:ti_sysbios_xdcruntime_ThreadSupport_lowestPriority__C)
                  0033b638    00000004     ipu_pem4.oem4 (.const:ti_sysbios_xdcruntime_ThreadSupport_normalPriority__C)
                  0033b63c    00000004     ipu_pem4.oem4 (.const:ti_trace_SysMin_bufSize__C)
                  0033b640    00000004     ipu_pem4.oem4 (.const:xdc_runtime_Assert_E_assertFailed__C)
                  0033b644    00000004     ipu_pem4.oem4 (.const:xdc_runtime_Core_A_initializedParams__C)
                  0033b648    00000004     ipu_pem4.oem4 (.const:xdc_runtime_Core_Module__diagsEnabled__C)
                  0033b64c    00000004     ipu_pem4.oem4 (.const:xdc_runtime_Core_Module__diagsIncluded__C)
                  0033b650    00000004     ipu_pem4.oem4 (.const:xdc_runtime_Core_Module__diagsMask__C)
                  0033b654    00000004     ipu_pem4.oem4 (.const:xdc_runtime_Diags_dictBase__C)
                  0033b658    00000004     ipu_pem4.oem4 (.const:xdc_runtime_Error_E_generic__C)
                  0033b65c    00000004     ipu_pem4.oem4 (.const:xdc_runtime_Error_E_memory__C)
                  0033b660    00000004     ipu_pem4.oem4 (.const:xdc_runtime_Error_Module__diagsEnabled__C)
                  0033b664    00000004     ipu_pem4.oem4 (.const:xdc_runtime_Error_Module__diagsIncluded__C)
                  0033b668    00000004     ipu_pem4.oem4 (.const:xdc_runtime_Error_Module__diagsMask__C)
                  0033b66c    00000004     ipu_pem4.oem4 (.const:xdc_runtime_Error_Module__loggerFxn8__C)
                  0033b670    00000004     ipu_pem4.oem4 (.const:xdc_runtime_Error_Module__loggerObj__C)
                  0033b674    00000004     ipu_pem4.oem4 (.const:xdc_runtime_Error_policyFxn__C)
                  0033b678    00000004     ipu_pem4.oem4 (.const:xdc_runtime_Error_raiseHook__C)
                  0033b67c    00000004     ipu_pem4.oem4 (.const:xdc_runtime_IGateProvider_Interface__BASE__C)
                  0033b680    00000004     ipu_pem4.oem4 (.const:xdc_runtime_IHeap_Interface__BASE__C)
                  0033b684    00000004     ipu_pem4.oem4 (.const:xdc_runtime_ILogger_Interface__BASE__C)
                  0033b688    00000004     ipu_pem4.oem4 (.const:xdc_runtime_IModule_Interface__BASE__C)
                  0033b68c    00000004     ipu_pem4.oem4 (.const:xdc_runtime_Log_L_error__C)
                  0033b690    00000004     ipu_pem4.oem4 (.const:xdc_runtime_Log_L_warning__C)
                  0033b694    00000004     ipu_pem4.oem4 (.const:xdc_runtime_Main_Module__diagsEnabled__C)
                  0033b698    00000004     ipu_pem4.oem4 (.const:xdc_runtime_Main_Module__diagsIncluded__C)
                  0033b69c    00000004     ipu_pem4.oem4 (.const:xdc_runtime_Main_Module__diagsMask__C)
                  0033b6a0    00000004     ipu_pem4.oem4 (.const:xdc_runtime_Main_Module__loggerFxn1__C)
                  0033b6a4    00000004     ipu_pem4.oem4 (.const:xdc_runtime_Main_Module__loggerFxn2__C)
                  0033b6a8    00000004     ipu_pem4.oem4 (.const:xdc_runtime_Main_Module__loggerObj__C)
                  0033b6ac    00000004     ipu_pem4.oem4 (.const:xdc_runtime_Memory_defaultHeapInstance__C)
                  0033b6b0    00000004     ipu_pem4.oem4 (.const:xdc_runtime_Registry_Module__diagsEnabled__C)
                  0033b6b4    00000004     ipu_pem4.oem4 (.const:xdc_runtime_Registry_Module__diagsIncluded__C)
                  0033b6b8    00000004     ipu_pem4.oem4 (.const:xdc_runtime_Registry_Module__diagsMask__C)
                  0033b6bc    00000004     ipu_pem4.oem4 (.const:xdc_runtime_Registry_Module__loggerFxn1__C)
                  0033b6c0    00000004     ipu_pem4.oem4 (.const:xdc_runtime_Registry_Module__loggerFxn2__C)
                  0033b6c4    00000004     ipu_pem4.oem4 (.const:xdc_runtime_Registry_Module__loggerFxn4__C)
                  0033b6c8    00000004     ipu_pem4.oem4 (.const:xdc_runtime_Registry_Module__loggerFxn8__C)
                  0033b6cc    00000004     ipu_pem4.oem4 (.const:xdc_runtime_Registry_Module__loggerObj__C)
                  0033b6d0    00000004     ipu_pem4.oem4 (.const:xdc_runtime_Startup_execImpl__C)
                  0033b6d4    00000004     ipu_pem4.oem4 (.const:xdc_runtime_Startup_maxPasses__C)
                  0033b6d8    00000004     ipu_pem4.oem4 (.const:xdc_runtime_Startup_sfxnRts__C)
                  0033b6dc    00000004     ipu_pem4.oem4 (.const:xdc_runtime_Startup_sfxnTab__C)
                  0033b6e0    00000004     ipu_pem4.oem4 (.const:xdc_runtime_System_Module__gateObj__C)
                  0033b6e4    00000004     ipu_pem4.oem4 (.const:xdc_runtime_System_abortFxn__C)
                  0033b6e8    00000004     ipu_pem4.oem4 (.const:xdc_runtime_System_exitFxn__C)
                  0033b6ec    00000004     ipu_pem4.oem4 (.const:xdc_runtime_System_extendFxn__C)
                  0033b6f0    00000004     ipu_pem4.oem4 (.const:xdc_runtime_System_maxAtexitHandlers__C)
                  0033b6f4    00000004     ipu_pem4.oem4 (.const:xdc_runtime_Text_charTab__C)
                  0033b6f8    00000004     ipu_pem4.oem4 (.const:xdc_runtime_Text_nameEmpty__C)
                  0033b6fc    00000004     ipu_pem4.oem4 (.const:xdc_runtime_Text_nameStatic__C)
                  0033b700    00000004     ipu_pem4.oem4 (.const:xdc_runtime_Text_nameUnknown__C)
                  0033b704    00000004     ipu_pem4.oem4 (.const:xdc_runtime_Text_nodeTab__C)
                  0033b708    00000004     ipu_pem4.oem4 (.const:xdc_runtime_Text_visitRopeFxn__C)
                  0033b70c    00000004     ipu_pem4.oem4 (.const:xdc_runtime_knl_GateProcess_A_invalidKey__C)
                  0033b710    00000004     ipu_pem4.oem4 (.const:xdc_runtime_knl_GateProcess_Module__diagsEnabled__C)
                  0033b714    00000004     ipu_pem4.oem4 (.const:xdc_runtime_knl_GateProcess_Module__diagsIncluded__C)
                  0033b718    00000004     ipu_pem4.oem4 (.const:xdc_runtime_knl_GateProcess_Module__diagsMask__C)
                  0033b71c    00000004     ipu_pem4.oem4 (.const:xdc_runtime_knl_ISemaphore_Interface__BASE__C)
                  0033b720    00000004     ipu_pem4.oem4 (.const:xdc_runtime_knl_Thread_defaultStackSize__C)
                  0033b724    00000002     ipu_pem4.oem4 (.const:ti_sysbios_family_arm_ducati_Core_syncExits__C)
                  0033b726    00000002     ipu_pem4.oem4 (.const:ti_sysbios_family_arm_ducati_smp_Power_enable__C)
                  0033b728    00000002     ipu_pem4.oem4 (.const:ti_sysbios_family_arm_m3_Hwi_Module__id__C)
                  0033b72a    00000002     ipu_pem4.oem4 (.const:ti_sysbios_hal_Hwi_Module__id__C)
                  0033b72c    00000002     ipu_pem4.oem4 (.const:ti_sysbios_hal_ammu_AMMU_configureAmmu__C)
                  0033b72e    00000002     ipu_pem4.oem4 (.const:ti_sysbios_hal_unicache_Cache_configureCache__C)
                  0033b730    00000002     ipu_pem4.oem4 (.const:ti_sysbios_hal_unicache_Cache_enableCache__C)
                  0033b732    00000002     ipu_pem4.oem4 (.const:ti_sysbios_hal_unicache_Cache_l2CacheSupported__C)
                  0033b734    00000002     ipu_pem4.oem4 (.const:ti_sysbios_heaps_HeapBuf_Module__id__C)
                  0033b736    00000002     ipu_pem4.oem4 (.const:ti_sysbios_heaps_HeapBuf_trackMaxAllocs__C)
                  0033b738    00000002     ipu_pem4.oem4 (.const:ti_sysbios_heaps_HeapMem_Module__id__C)
                  0033b73a    00000002     ipu_pem4.oem4 (.const:ti_sysbios_knl_Task_Module__id__C)
                  0033b73c    00000002     ipu_pem4.oem4 (.const:ti_sysbios_timers_dmtimer_Timer_Module__id__C)
                  0033b73e    00000002     ipu_pem4.oem4 (.const:ti_sysbios_timers_dmtimer_Timer_checkFrequency__C)
                  0033b740    00000002     ipu_pem4.oem4 (.const:ti_sysbios_timers_dmtimer_Timer_startupNeeded__C)
                  0033b742    00000002     ipu_pem4.oem4 (.const:ti_sysbios_utils_Load_autoAddTasks__C)
                  0033b744    00000002     ipu_pem4.oem4 (.const:ti_sysbios_utils_Load_hwiEnabled__C)
                  0033b746    00000002     ipu_pem4.oem4 (.const:ti_sysbios_utils_Load_swiEnabled__C)
                  0033b748    00000002     ipu_pem4.oem4 (.const:ti_sysbios_utils_Load_taskEnabled__C)
                  0033b74a    00000002     ipu_pem4.oem4 (.const:ti_sysbios_utils_Load_updateInIdle__C)
                  0033b74c    00000002     ipu_pem4.oem4 (.const:ti_sysbios_xdcruntime_ThreadSupport_Module__id__C)
                  0033b74e    00000002     ipu_pem4.oem4 (.const:xdc_runtime_Core_Module__id__C)
                  0033b750    00000002     ipu_pem4.oem4 (.const:xdc_runtime_Diags_setMaskEnabled__C)
                  0033b752    00000002     ipu_pem4.oem4 (.const:xdc_runtime_Error_Module__loggerDefined__C)
                  0033b754    00000002     ipu_pem4.oem4 (.const:xdc_runtime_Error_maxDepth__C)
                  0033b756    00000002     ipu_pem4.oem4 (.const:xdc_runtime_Main_Module__id__C)
                  0033b758    00000002     ipu_pem4.oem4 (.const:xdc_runtime_Main_Module__loggerDefined__C)
                  0033b75a    00000002     ipu_pem4.oem4 (.const:xdc_runtime_Memory_Module__id__C)
                  0033b75c    00000002     ipu_pem4.oem4 (.const:xdc_runtime_Registry_Module__loggerDefined__C)
                  0033b75e    00000002     ipu_pem4.oem4 (.const:xdc_runtime_Text_charCnt__C)
                  0033b760    00000002     ipu_pem4.oem4 (.const:xdc_runtime_Text_isLoaded__C)
                  0033b762    00000002     ipu_pem4.oem4 (.const:xdc_runtime_Text_registryModsLastId__C)
                  0033b764    00000002     ipu_pem4.oem4 (.const:xdc_runtime_Text_unnamedModsLastId__C)
                  0033b766    00000002     ipu_pem4.oem4 (.const:xdc_runtime_knl_GateProcess_Module__id__C)

.const:ti_sysbios_hal_ammu_AMMU_numLargePages__C 
*          0    00389224    00000004     
                  00389224    00000004     ipu_pem4.oem4 (.const:ti_sysbios_hal_ammu_AMMU_numLargePages__C)

.const:ti_sysbios_hal_ammu_AMMU_numLinePages__C 
*          0    00389254    00000004     
                  00389254    00000004     ipu_pem4.oem4 (.const:ti_sysbios_hal_ammu_AMMU_numLinePages__C)

.const:ti_sysbios_hal_ammu_AMMU_numMediumPages__C 
*          0    0038956c    00000004     
                  0038956c    00000004     ipu_pem4.oem4 (.const:ti_sysbios_hal_ammu_AMMU_numMediumPages__C)

.const:ti_sysbios_hal_ammu_AMMU_numSmallPages__C 
*          0    003897f4    00000004     
                  003897f4    00000004     ipu_pem4.oem4 (.const:ti_sysbios_hal_ammu_AMMU_numSmallPages__C)

.const:ti_sysbios_hal_ammu_AMMU_mmuInitConfig__C 
*          0    0038b4bc    000004b8     
                  0038b4bc    000004b8     ipu_pem4.oem4 (.const:ti_sysbios_hal_ammu_AMMU_mmuInitConfig__C)

.tracebuf 
*          0    9f000000    00008000     UNINITIALIZED
                  9f000000    00008000     ipu_pem4.oem4 (.tracebuf)

.errorbuf 
*          0    9f060000    00000200     UNINITIALIZED
                  9f060000    00000200     ipu_pem4.oem4 (.errorbuf)

.ipummversion 
*          0    00000000    00000080     COPY SECTION
                  00000000    00000080     main.oem4 (.ipummversion)

.systemHeap 
*          0    80200000    02800000     UNINITIALIZED
                  80200000    02800000     ipu_pem4.oem4 (.systemHeap)

.ti_sysbios_family_arm_ducati_smp_Power 
*          0    9f070000    0001027c     UNINITIALIZED
                  9f070000    0001027c     sysbios.aem4 : BIOS.obj (.ti_sysbios_family_arm_ducati_smp_Power)

xdc.meta   0    00004000    00000172     COPY SECTION
                  00004000    00000172     ipu_pem4.oem4 (xdc.meta)

.text.1    0    0033b768    0004dabc     
                  0033b768    00003114     mpeg2vdec_ti_host.lib : mpeg2vdec_ti_host.o (.text)
                  0033e87c    00003080     jpegvdec_ti_host.lib : jpegvdec_ti_host.o (.text)
                  003418fc    00002a90     jpegenc_ti_host.lib : jpegenc_ti_host.o (.text)
                  0034438c    000011ca     h264enc_ti_host.lib : h264enc_ti_process.obj (.text:H264ENC_TI_encodemulti)
                  00345556    00000002     fcsettings.aem4 : FCSettings.oem4 (.text:FCSettings_exit)
                  00345558    00001194     vc1vdec_ti_host_M3.lib : vc1vdec_ti_data_transfer.obj (.text:VC1VDEC_TI_Boot)
                  003466ec    00001130     hdvicp2.aem4 : iresman_hdvicp2.oem4 (.text:IRESMAN_HDVICP2_getHandles)
                  0034781c    00001122     rtsv7M4_T_le_eabi.lib : _printfi.obj (.text)
                  0034893e    00000002     fcutils.aem4 : fcutils.oem4 (.text:FC_resume)
                  00348940    000010a0     dskt2.aem4 : dskt2_scratch.oem4 (.text:_DSKT2_assignInstanceMemory)
                  003499e0    00001078     ce.aem4 : Engine.oem4 (.text:Engine_initFromServer)
                  0034aa58    00000eec     dskt2.aem4 : dskt2crea.oem4 (.text:DSKT2_createAlg3)
                  0034b944    00000d1c     mpeg4venc_ti_host.lib : mpeg4enc_ti_process.obj (.text:MPEG4ENC_TI_encode)
                  0034c660    00000cb0     vc1vdec_ti_host_M3.lib : vc1vdec_ti_ialg.obj (.text:VC1VDEC_TI_decode)
                  0034d310    00000c4a     mpeg4vdec_ti_host.lib : mpeg4vdec_ti_decode.obj (.text:MPEG4VDEC_TI_Decode)
                  0034df5a    00000002     h264vdec_ti.lib : h264vdec_ti_ialg.obj (.text:H264VDEC_TI_Activate)
                  0034df5c    00000b4c     rman.aem4 : rman.oem4 (.text:RMAN_assignResources)
                  0034eaa8    00000ae8     ti.grcm.aem4 : RcmServer.oem4 (.text:RcmServer_Instance_init_P)
                  0034f590    00000a48     h264vdec_ti.lib : h264vdec_ti_decode.obj (.text:H264VDEC_TI_decodeStart)
                  0034ffd8    000009f4     h264enc_ti_host.lib : h264enc_ti_ialg_support.obj (.text:H264ENC_TI_ValidateCreateParams)
                  003509cc    000009c0     ce.aem4 : visa.oem4 (.text:VISA_create2)
                  0035138c    00000960     hdvicp2.aem4 : iresman_hdvicp2.oem4 (.text:_acquireAny)
                  00351cec    00000946     h264vdec_ti.lib : h264vdec_ti_decode.obj (.text:H264VDEC_TI_multiChannelDecode)
                  00352632    000008e4     mpeg4vdec_ti_host.lib : mpeg4vdec_ti_decsupport.obj (.text:MPEG4VDEC_TI_DisplayPic)
                  00352f16    00000002     h264vdec_ti.lib : h264vdec_ti_ialg.obj (.text:H264VDEC_TI_Deactivate)
                  00352f18    00000830     hdvicp2.aem4 : iresman_hdvicp2.oem4 (.text:IRESMAN_HDVICP2_JITacquire)
                  00353748    000007f0     ce.aem4 : Engine.oem4 (.text:Engine_createNode2)
                  00353f38    000007a0     ti.grcm.aem4 : RcmServer.oem4 (.text:RcmServer_Instance_finalize_P)
                  003546d8    0000079c     hdvicp2.aem4 : iresman_hdvicp2.oem4 (.text:_acquireAnyPlugin)
                  00354e74    0000077c     rman.aem4 : rman.oem4 (.text:RMAN_register)
                  003555f0    00000744               : rman.oem4 (.text:RMAN_freeResources)
                  00355d34    00000732     h264enc_ti_host.lib : h264enc_ti_ialgIvahd.obj (.text:H264ENC_TI_control)
                  00356466    00000002     mpeg4venc_ti_host.lib : mpeg4enc_ti_ialg.obj (.text:MPEG4ENC_TI_Activate)
                  00356468    00000724     sysbios.aem4 : BIOS.obj (.text:ti_sysbios_family_arm_ducati_smp_Power_doSuspend__I)
                  00356b8c    000006f8     dskt2.aem4 : dskt2_scratch.oem4 (.text:_DSKT2_initializeAndUseSharedScratch)
                  00357284    00000004     ipc_bios_nomsg.aem4 : Comm_BIOS.oem4 (.text:Comm_init)
                  00357288    000006e0     ipc.aem4 : Ipc.obj (.text:RPMessage_send)
                  00357968    000006b0     hdvicp2.aem4 : iresman_hdvicp2.oem4 (.text:_acquireSpecificPlugin)
                  00358018    00000696     h264vdec_ti.lib : h264vdec_ti_control.obj (.text:H264VDEC_TI_control)
                  003586ae    00000002     mpeg4venc_ti_host.lib : mpeg4enc_ti_ialg.obj (.text:MPEG4ENC_TI_Deactivate)
                  003586b0    0000067c     rman.aem4 : rman.oem4 (.text:RMAN_init)
                  00358d2c    0000063c     ti.deh_vayu_smp.aem4 : Deh.oem4 (.text:ti_deh_Deh_excHandler__F)
                  00359368    0000062e     h264vdec_ti.lib : h264vdec_ti_datatransfer.obj (.text:H264VDEC_TI_BootLoadIVAHD)
                  00359996    00000002     mpeg4vdec_ti_host.lib : mpeg4vdec_ti_ialg.obj (.text:MPEG4VDEC_TI_Activate)
                  00359998    0000060c     ti.grcm.aem4 : RcmServer.oem4 (.text:RcmServer_process_P)
                  00359fa4    000005ec     hdvicp2.aem4 : iresman_hdvicp2.oem4 (.text:IRESMAN_HDVICP2_init)
                  0035a590    000005e0                  : iresman_hdvicp2.oem4 (.text:_acquireSpecific)
                  0035ab70    000005d8     h264enc_ti_host.lib : h264enc_ti_ialg_support.obj (.text:H264ENC_TI_CpyDynamicParamstoHandle)
                  0035b148    000005d8     ce.aem4 : Engine.oem4 (.text:rmsInit)
                  0035b720    000005b8     mpeg4venc_ti_host.lib : mpeg4enc_ti_ialg.obj (.text:MPEG4ENC_TI_control)
                  0035bcd8    000005b0     ti.grcm.aem4 : RcmServer.oem4 (.text:RcmServer_serverThrFxn_P)
                  0035c288    000005a8     rman.aem4 : rman.oem4 (.text:RMAN_unregister)
                  0035c830    0000059a     vc1vdec_ti_host_M3.lib : vc1vdec_ti_ialg.obj (.text:VC1VDEC_TI_control)
                  0035cdca    00000002     mpeg4vdec_ti_host.lib : mpeg4vdec_ti_ialg.obj (.text:MPEG4VDEC_TI_Deactivate)
                  0035cdcc    00000574     h264enc_ti_host.lib : h264enc_ti_ialgIvahd.obj (.text:H264ENC_TI_init)
                  0035d340    00000568     ti.grcm.aem4 : RcmServer.oem4 (.text:RcmServer_workerThrFxn_P)
                  0035d8a8    0000054c     h264enc_ti_host.lib : h264enc_ti_ialg_support.obj (.text:H264ENC_TI_ValidateEncodeParams)
                  0035ddf4    00000548     hdvicp2.aem4 : iresman_hdvicp2.oem4 (.text:IRESMAN_HDVICP2_freeHandles)
                  0035e33c    00000546     h264vdec_ti.lib : h264vdec_ti_ialg.obj (.text:H264VDEC_TI_initObj)
                  0035e882    00000544     mpeg4vdec_ti_host.lib : mpeg4vdec_ti_control.obj (.text:MPEG4VDEC_TI_Control)
                  0035edc6    00000002     vc1vdec_ti_host_M3.lib : vc1vdec_ti_ialg.obj (.text:VC1VDEC_TI_activate)
                  0035edc8    00000528     ce.aem4 : Engine.oem4 (.text:Engine_init)
                  0035f2f0    0000051d     rman.aem4 : rman.oem4 (.text:RMAN_getResman)
                  0035f80d    00000001     --HOLE-- [fill = 0]
                  0035f80e    0000050c     vc1vdec_ti_host_M3.lib : vc1vdec_ti_ialg.obj (.text:VC1VDEC_TI_Update_OutAgs)
                  0035fd1a    000004fe     h264vdec_ti.lib : h264vdec_ti_decsupport.obj (.text:H264VDEC_TI_displayPic)
                  00360218    000004f8     ce.aem4 : Engine.oem4 (.text:Engine_removeAlg)
                  00360710    000004ee     ti.srvmgr.omaprpc_smp.aem4 : OmapRpc.oem4 (.text:omapRpcTask)
                  00360bfe    00000002     vc1vdec_ti_host_M3.lib : vc1vdec_ti_ialg.obj (.text:VC1VDEC_TI_deactivate)
                  00360c00    000004ec     h264enc_ti_host.lib : h264enc_ti_process.obj (.text:H264ENC_TI_UpdateCodecParams)
                  003610ec    000004cc     ce.aem4 : Engine.oem4 (.text:Engine_fwriteTrace)
                  003615b8    000004bc     mpeg4vdec_ti_host.lib : mpeg4vdec_ti_decode.obj (.text:MPEG4VDEC_TI_DecodePreProcess)
                  00361a74    00000488     mpeg4venc_ti_host.lib : mpeg4enc_ti_ialg_support.obj (.text:MPEG4ENC_TI_ValidateCreateParams)
                  00361efc    00000480     mpeg4vdec_ti_host.lib : mpeg4vdec_ti_ialg.obj (.text:MPEG4VDEC_TI_Init)
                  0036237c    0000047c     hdvicp2.aem4 : ires_hdvicp2.oem4 (.text:IRES_HDVICP2_constructHandle)
                  003627f8    00000470     vc1vdec_ti_host_M3.lib : vc1vdec_ti_ialg.obj (.text:VC1VDEC_TI_init)
                  00362c68    0000046c     mpeg4vdec_ti_host.lib : mpeg4vdec_ti_decode.obj (.text:MPEG4VDEC_TI_AcquireAndConfigureHDVICP2)
                  003630d4    00000468     Algorithm_BIOS.aem4 : Algorithm_BIOS.oem4 (.text:Algorithm_create)
                  0036353c    00000434     ce.aem4 : Engine.oem4 (.text:addEngineToList)
                  00363970    00000428     dskt2.aem4 : dskt2free.oem4 (.text:DSKT2_freeAlg)
                  00363d98    000003d8                : dskt2actv.oem4 (.text:DSKT2_activateAlg)
                  00364170    000003d8     ipc.aem4 : Ipc.obj (.text:VirtQueue_create)
                  00364548    000003d6     mpeg4venc_ti_host.lib : mpeg4enc_ti_ialg_support.obj (.text:MPEG4ENC_TI_ValidateEncodeParams)
                  0036491e    00000002     nullres.aem4 : iresman_nullres.oem4 (.text:_getStaticProperties)
[...]
800575e4  ti_sdo_ce_alg_Algorithm_MAXGROUPID                                      
800575e8  ti_sdo_ce_alg_Algorithm_ipcKey                                          
800575ec  ti_sdo_fc_multiProcess                                                  
800575ee  ti_sdo_fc_useDNUM                                                       
800575f0  ti_sdo_fc_useL3MemoryMap                                                
800575f2  RMAN_numRegistryEntries                                                 
800575f4  RMAN_registryEntries                                                    
800575f8  RMAN_registryResmanArgs                                                 
800575fc  ti_sdo_fc_rman_RMAN_MAXALGS                                             
80057600  ti_sdo_fc_rman_RMAN_ipcKey                                              
80057604  ti_sdo_fc_rman_RMAN_setYieldArgs                                        
80057608  ti_sdo_fc_ires_hdvicp_HDVICP2_maxResetDelay                             
8005760c  HDVICP2_MAXRESOURCES                                                    
80057610  ti_sdo_fc_ires_hdvicp_HDVICP2_timeoutVal                                
80057614  _HDVICP2_NUMRESOURCES                                                   
80057618  _HDVICP2_ipcKeyBase                                                     
8005761c  ti_sdo_fc_ires_hdvicp_HDVICP2_clearPRCMRegister                         
80057620  ti_sdo_fc_ires_hdvicp_HDVICP2_getYieldArgs                              
80057624  ti_sdo_fc_ires_hdvicp_HDVICP2_yieldRelease                              
80057628  ti_sdo_fc_ires_hdvicp_HDVICP2_yieldAcquire                              
8005762c  ti_sdo_fc_ires_hdvicp_HDVICP2_getHdvicp2Fxn                             
80057630  ti_sdo_fc_ires_hdvicp_HDVICP2_freeHdvicp2Fxn                            
80057634  ti_sdo_ce_ipc_bios_manageIpc                                            
80057638  Comm_MSGSIZE                                                            
8005763c  Comm_NUMMSGS                                                            
80057640  ti_sdo_ce_ipc_bios__Processor_defaultSharedRegionId                     
80057642  ti_sdo_ce_ipc_bios__Processor_defaultHeapId                             
80057644  ti_sdo_ce_ipc_bios__Processor_defaultNumMsgs                            
80057648  ti_sdo_ce_ipc_bios__Processor_defaultMsgSize                            
8005764c  ti_sdo_ce_ipc_bios__Processor_numCommDescs                              
80057650  DSKT2_cacheWBInvFxn                                                     
80057654  _DSKT2_ALLOW_EXTERNAL_SCRATCH                                           
80057658  DSKT2_daram0Heap                                                        
8005765c  DSKT2_daram1Heap                                                        
80057660  DSKT2_daram2Heap                                                        
80057664  DSKT2_saram0Heap                                                        
80057668  DSKT2_saram1Heap                                                        
8005766c  DSKT2_saram2Heap                                                        
80057670  DSKT2_iprogHeap                                                         
80057674  DSKT2_eprogHeap                                                         
80057678  DSKT2_esdataHeap                                                        
8005767c  _DSKT2_heap                                                             
80057680  ti_sdo_fc_dskt2_DSKT2_disableLazyDeactivate                             
80057684  Global_traceBufferSize                                                  
80057688  ti_sdo_ce_osal_Memory_numHeaps                                          
8005768c  __xdc__init__addr                                                       
80057690  ti_sysbios_timers_dmtimer_Timer_Module_State_0_device__A                
800577f8  ti_sysbios_utils_Load_Module__state__V                                  
80057890  ti_sysbios_family_arm_m3_Hwi_vnvicInitialized                           
8005791c  HDVICP2_PARAMS                                                          
800579a4  ti_sysbios_knl_Swi_Module_State_0_readyQ__A                             
80057a24  ti_sysbios_timers_dmtimer_Timer_Module_State_0_intFreqs__A              
80057aa4  _device                                                                 
80057b1c  ti_sysbios_family_shared_vayu_IntXbar_Module_State_0_intXbar__A         
80057b90  ti_sysbios_utils_Load_Module_State_0_taskEnv__A                         
80057c00  IMPEG4VDEC_PARAMS                                                       
80057c6c  ti_sysbios_family_arm_m3_Hwi_Object__table__V                           
80057ccc  ti_sysbios_knl_Swi_Object__table__V                                     
80057d2c  ti_sysbios_timers_dmtimer_Timer_Object__table__V                        
80057d88  ti_sdo_ipc_family_vayu_InterruptIpu_Module__state__V                    
80057e34  _DSKT2_DARAM_SCRATCH_SIZES                                              
80057e84  _DSKT2_SARAM_SCRATCH_SIZES                                              
80057ed4  _stream                                                                 
80057f24  ti_sdo_ipc_family_vayu_NotifySetup_Module__state__V                     
80057f74  ti_sysbios_family_arm_m3_Hwi_Module_State_0_intAffinity__A              
80057fc4  ti_sysbios_knl_Task_Module__state__V                                    
8005800c  ti_sdo_codecs_h264vdec_ce_H264VDEC_codecClassConfig                     
8005804c  ti_sdo_codecs_jpegvdec_ce_JPEGVDEC_codecClassConfig                     
8005808c  ti_sdo_codecs_mpeg2vdec_ce_MPEG2VDEC_codecClassConfig                   
800580cc  ti_sdo_codecs_mpeg4vdec_ce_MPEG4VDEC_codecClassConfig                   
8005810c  ti_sdo_codecs_vc1vdec_ce_VC1VDEC_codecClassConfig                       
8005814c  ti_sysbios_timers_dmtimer_Timer_Module_State_0_handles__A               
8005818c  IMPEG4VDEC_TI_DYNAMICPARAMS                                             
800581e4  IRESMAN_HDVICP                                                          
80058204  ti_sysbios_hal_SecondsClock_Module__state__V                            
80058244  ti_sdo_ce__versionString                                                
80058248  Engine_ALGCREATEATTRS                                                   
80058250  Engine_ATTRS                                                            
8005825c  Engine_alwaysCollectDspTrace                                            
80058260  Engine_ceDebugDspTraceMask                                              
80058278  ti_sysbios_family_arm_ducati_GateSmp_Object__table__V                   
800582b0  ti_sysbios_gates_GateMutex_Object__table__V                             
800582fc  IRESMAN_NULLRES                                                         
8005831c  ti_sysbios_family_arm_m3_Hwi_Module__state__V                           
80058380  H264VDEC_TI_IH264VDEC                                                   
800583ac  JPEGVDEC_TI_IJPEGVDEC                                                   
800583d8  JPEGVENC_TI_IJPEGVENC                                                   
80058404  MPEG2VDEC_TI_IMPEG2VDEC                                                 
80058430  MPEG4ENC_TI_IMPEG4ENC                                                   
8005845c  MPEG4VDEC_TI_IMPEG4VDEC                                                 
80058488  VC1VDEC_TI_IVC1VDEC                                                     
800584b4  _DSKT2_memTabList                                                       
800584b8  _DSKT2_activeAlg                                                        
800584bc  _DSKT2_lastActiveAlg                                                    
800584c0  _DSKT2_scratchShareRefCount                                             
800584c4  _DSKT2_createCallbackFxn                                                
800584c8  _DSKT2_NumYielded                                                       
800584cc  _DSKT2_yielded                                                          
800584d0  _DSKT2_initialized                                                      
800584d8  _DSKT2_gate                                                             
800584e0  ti_sdo_codecs_h264enc_ce_H264ENC_codecClassConfig                       
8005850c  ti_sdo_codecs_jpegvenc_ce_JPEGVENC_codecClassConfig                     
80058538  ti_sdo_codecs_mpeg4enc_ce_MPEG4ENC_codecClassConfig                     
80058564  ti_sysbios_knl_Clock_Module__state__V                                   
80058590  JPEGVDEC_TI_IRES                                                        
800585b8  JPEGVENC_TI_IRES                                                        
800585e0  MPEG2VDEC_TI_IRES                                                       
80058608  MPEG4VDEC_TI_IRES                                                       
80058630  VC1VDEC_TI_IRES                                                         
80058658  ti_sysbios_heaps_HeapBuf_Object__table__V                               
80058680  ti_sysbios_knl_Semaphore_Object__table__V                               
800586a8  H264VDEC_TI_IALG                                                        
800586cc  JPEGVDEC_TI_IALG                                                        
800586f0  JPEGVENC_TI_IALG                                                        
80058714  MPEG2VDEC_TI_IALG                                                       
80058738  MPEG4ENC_TI_IALG                                                        
8005875c  MPEG4VDEC_TI_IALG                                                       
80058780  VC1VDEC_TI_IALG                                                         
800587b0  IRESMAN_HDVICP2_CONSTRUCTFXNS                                           
800587c8  ti_sysbios_BIOS_Module__state__V                                        
800587ec  xdc_runtime_System_Module_State_0_atexitHandlers__A                     
80058810  IRESMAN_TILEDMEMORY                                                     
80058830  ti_deh_Watchdog_Module_State_0_device__A                                
80058850  ti_sdo_ipc_family_vayu_NotifySetup_Module_State_0_numPlugged__A         
80058870  ti_sysbios_knl_Task_Module_StateSmp_smpRunQ__A                          
80058890  xdc_runtime_Error_IgnoreBlock                                           
800588b8  Processor_ATTRS                                                         
800588cc  ti_sysbios_knl_Swi_Module__state__V                                     
800588e8  ti_sdo_ce_osal_Memory_DEFAULTPARAMS                                     
80058904  IpcPower_suspendCount                                                   
80058908  IpcPower_resumeCount                                                    
8005890c  IpcPower_clockFxn                                                       
8005891e  ti_deh_Watchdog_Module_State_0_status__A                                
800589c8  ti_sysbios_family_arm_ducati_smp_Power_Module__state__V                 
800589e0  ti_sysbios_heaps_HeapMem_Object__table__V                               
800589f8  ti_sysbios_xdcruntime_SemThreadSupport_Object__table__V                 
80058a10  ti_trace_SysMin_Module__state__V                                        
80058a55  ti_sdo_ce_osal_bios_Global_CE_CHECK                                     
80058a58  RMAN_PARAMS                                                             
80058a80  ti_sysbios_family_arm_ducati_Core_Module__state__V                      
80058a94  ti_sysbios_timers_dmtimer_Timer_Module__state__V                        
80058ac8  __TI_ft_end                                                             
80058acc  __aeabi_stdin                                                           
80058ad0  __aeabi_stdout                                                          
80058ad4  __aeabi_stderr                                                          
80058ad8  ti_sdo_ce_utils_syscbuf_SysCBuf_Module__state__V                        
80058ae8  ti_sysbios_hal_Hwi_Object__table__V                                     
80058af8  xdc_runtime_Diags_dictElems                                             
80058b08  __TI_cleanup_ptr                                                        
80058b0c  __TI_dtors_ptr                                                          
80058b10  __TI_enable_exit_profile_output                                         
80058b14  Server_holdingTraceToken                                                
80058b20  _DSKT2_algReferenceCount                                                
80058b24  DSKT2_ALGATTRS                                                          
80058b2c  Comm_ATTRS                                                              
80058b44  ti_deh_Deh_Module__state__V                                             
80058b50  ti_deh_Watchdog_Module__state__V                                        
80058b5c  ti_sysbios_gates_GateHwi_Object__table__V                               
80058b68  ti_sysbios_knl_Task_Module_State_0_smpCurSet__A                         
80058b74  ti_sysbios_knl_Task_Module_State_0_smpReadyQ__A                         
80058b8a  ti_sdo_utils_MultiProc_Module_State_0_clusterProcList__A                
80058b94  _lock                                                                   
80058b98  _unlock                                                                 
80058ba4  Engine_config                                                           
80058bac  IpcPower_idleCount                                                      
80058bcc  ti_deh_StackDbg_Module__state__V                                        
80058bd4  ti_sdo_utils_List_Module__root__V                                       
80058bdc  ti_sdo_utils_MultiProc_Module__state__V                                 
80058be4  ti_sysbios_family_arm_ducati_GateSmp_Module__root__V                    
80058bec  ti_sysbios_family_arm_m3_Hwi_Module_State_0_excContext__A               
80058bf4  ti_sysbios_family_arm_m3_Hwi_Module_State_0_excStack__A                 
80058bfc  ti_sysbios_family_arm_m3_Hwi_Module_State_0_intAffinityMasks_0__A       
80058c04  ti_sysbios_family_arm_m3_Hwi_Module_State_0_intAffinityMasks_1__A       
80058c0c  ti_sysbios_family_arm_m3_Hwi_Module_State_0_intAffinityMasks__A         
80058c14  ti_sysbios_family_arm_m3_Hwi_Module__root__V                            
80058c1c  ti_sysbios_gates_GateHwi_Module__root__V                                
80058c24  ti_sysbios_gates_GateMutexPri_Module__root__V                           
80058c2c  ti_sysbios_gates_GateMutex_Module__root__V                              
80058c34  ti_sysbios_heaps_HeapBuf_Module__root__V                                
80058c3c  ti_sysbios_heaps_HeapMem_Module__root__V                                
80058c44  ti_sysbios_knl_Queue_Module__root__V                                    
80058c4c  ti_sysbios_knl_Semaphore_Module__root__V                                
80058c54  ti_sysbios_knl_Swi_Module__root__V                                      
80058c5c  ti_sysbios_knl_Task_Module_StateSmp_sortedRunQ                          
80058c64  ti_sysbios_knl_Task_Module_State_0_idleTask__A                          
80058c6c  ti_sysbios_knl_Task_Module_State_0_smpCurMask__A                        
80058c74  ti_sysbios_knl_Task_Module_State_0_smpCurTask__A                        
80058c7c  ti_sysbios_knl_Task_Module__root__V                                     
80058c84  ti_sysbios_knl_Task_Module__stateSmp__V                                 
80058c8c  ti_sysbios_utils_Load_Module_State_0_runningTask__A                     
80058c94  ti_sysbios_utils_Load_Module_State_0_taskStartTime__A                   
80058c9c  ti_sysbios_xdcruntime_GateProcessSupport_Module__root__V                
80058ca4  ti_sysbios_xdcruntime_GateThreadSupport_Module__root__V                 
80058cac  ti_sysbios_xdcruntime_SemThreadSupport_Module__root__V                  
80058cb4  ti_sysbios_xdcruntime_ThreadSupport_Module__root__V                     
80058cfc  xdc_runtime_LoggerSys_Module__root__V                                   
80058d04  xdc_runtime_LoggerSys_Object__table__V                                  
80058d0c  xdc_runtime_Registry_Module__state__V                                   
80058d14  xdc_runtime_Startup_Module__state__V                                    
80058d1c  xdc_runtime_System_Module__state__V                                     
80058d24  xdc_runtime_knl_GateProcess_Module__root__V                             
80058d2c  xdc_runtime_knl_GateThread_Module__root__V                              
80058d34  xdc_runtime_knl_SemThread_Module__root__V                               
80058d3c  xdc_runtime_knl_SemThread_Object__table__V                              
80058d44  xdc_runtime_knl_Thread_Module__root__V                                  
80058d58  errno                                                                   
80058d64  main_func_sp                                                            
80058d70  ti_ipc_remoteproc_Resource_Module__state__V                             
80058d74  ti_sdo_ce_osal_Memory_heapNames                                         
80058d78  ti_sdo_fc_ires_hdvicp_HDVICP2_CallBackAlg                               
80058d7c  ti_sdo_fc_ires_hdvicp_HDVICP2_CallBackArgs                              
80058d80  ti_sdo_fc_ires_hdvicp_HDVICP2_CallBackFxn                               
80058d84  ti_sdo_fc_ires_hdvicp_HDVICP2_interrupts                                
80058d88  ti_sysbios_family_arm_m3_Hwi_Module_State_0_excActive__A                
80058d8c  ti_sysbios_family_shared_vayu_IntXbar_Module__state__V                  
80058d90  ti_sysbios_heaps_HeapBuf_Module__state__V                               
80058d94  ti_sysbios_rts_ti_ReentSupport_Module__state__V                         
80058da0  xdc_runtime_Memory_Module__state__V                                     
80058da4  ti_sdo_ce_osal_bios_Global_CE_DEBUG                                     
80058da6  ti_sysbios_BIOS_Module_State_0_smpThreadType__A                         
80058da8  xdc_runtime_Error_Module__state__V                                      
80058daa  xdc_runtime_Registry_Module__root__V                                    
80058dac  __stack                                                                 
80059dac  __STACK_END                                                             
80200000  ti_sysbios_heaps_HeapMem_Instance_State_0_buf__A                        
9f000000  ti_trace_SysMin_Module_State_0_outbuf__A                                
9f007ff8  ti_trace_SysMin_Module_State_0_writeidx__A                              
9f007ffc  ti_trace_SysMin_Module_State_0_readidx__A                               
9f060000  ti_deh_Deh_Module_State_0_outbuf__A                                     
9f070000  ti_sysbios_family_arm_ducati_smp_Power_savedContext                     
9f07027c  ti_sysbios_family_arm_ducati_smp_Power_savedRAM                         
e000e000  ti_sysbios_family_arm_m3_Hwi_nvic                                       
ffffffff  __TI_pprof_out_hndl                                                     
ffffffff  __TI_prof_data_size                                                     
ffffffff  __TI_prof_data_start                                                    
ffffffff  __binit__                                                               
ffffffff  __c_args__                                                              
ffffffff  binit                                                                   
UNDEFED   SHT$$INIT_ARRAY$$Base                                                   
UNDEFED   SHT$$INIT_ARRAY$$Limit                                                  

[1881 symbols]
